Component: Arm Compiler for Embedded 6.19 Tool: armlink [5e73cb00]

==============================================================================

Section Cross References

    startup_py32f072xx.o(RESET) refers to startup_py32f072xx.o(STACK) for __initial_sp
    startup_py32f072xx.o(RESET) refers to startup_py32f072xx.o(.text) for Reset_Handler
    startup_py32f072xx.o(RESET) refers to py32f07x_it.o(.text.NMI_Handler) for NMI_Handler
    startup_py32f072xx.o(RESET) refers to py32f07x_it.o(.text.HardFault_Handler) for HardFault_Handler
    startup_py32f072xx.o(RESET) refers to py32f07x_it.o(.text.SVC_Handler) for SVC_Handler
    startup_py32f072xx.o(RESET) refers to py32f07x_it.o(.text.PendSV_Handler) for PendSV_Handler
    startup_py32f072xx.o(RESET) refers to py32f07x_it.o(.text.SysTick_Handler) for SysTick_Handler
    startup_py32f072xx.o(RESET) refers to py32f07x_it.o(.text.USB_IRQHandler) for USB_IRQHandler
    startup_py32f072xx.o(.text) refers to system_py32f07x.o(.text.SystemInit) for SystemInit
    startup_py32f072xx.o(.text) refers to entry.o(.ARM.Collect$$$$00000000) for __main
    system_py32f07x.o(.ARM.exidx.text.SystemInit) refers to system_py32f07x.o(.text.SystemInit) for [Anonymous Symbol]
    main.o(.text.main) refers to app_wdg.o(.text.APP_WDG_Init) for APP_WDG_Init
    main.o(.text.main) refers to py32f07x_hal.o(.text.HAL_Init) for HAL_Init
    main.o(.text.main) refers to py32f072xx_start_kit.o(.text.BSP_PB_Init) for BSP_PB_Init
    main.o(.text.main) refers to py32f072xx_start_kit.o(.text.BSP_LED_Init) for BSP_LED_Init
    main.o(.text.main) refers to py32f072xx_start_kit.o(.text.BSP_PB_GetState) for BSP_PB_GetState
    main.o(.text.main) refers to app_bootloader.o(.text.APP_Bootloader_Go) for APP_Bootloader_Go
    main.o(.text.main) refers to memseta.o(.text) for __aeabi_memclr4
    main.o(.text.main) refers to py32f07x_hal_rcc.o(.text.HAL_RCC_OscConfig) for HAL_RCC_OscConfig
    main.o(.text.main) refers to py32f07x_hal_rcc.o(.text.HAL_RCC_ClockConfig) for HAL_RCC_ClockConfig
    main.o(.text.main) refers to app_usart.o(.text.APP_USART_InitRx) for APP_USART_InitRx
    main.o(.text.main) refers to app_bootloader.o(.text.APP_Bootloader_Init) for APP_Bootloader_Init
    main.o(.text.main) refers to app_bootloader.o(.text.APP_Bootloader_ProtocolDetection) for APP_Bootloader_ProtocolDetection
    main.o(.ARM.exidx.text.main) refers to main.o(.text.main) for [Anonymous Symbol]
    py32f07x_hal_msp.o(.ARM.exidx.text.HAL_MspInit) refers to py32f07x_hal_msp.o(.text.HAL_MspInit) for [Anonymous Symbol]
    py32f07x_hal_msp.o(.ARM.exidx.text.HAL_CRC_MspInit) refers to py32f07x_hal_msp.o(.text.HAL_CRC_MspInit) for [Anonymous Symbol]
    py32f07x_hal_msp.o(.ARM.exidx.text.HAL_CRC_MspDeInit) refers to py32f07x_hal_msp.o(.text.HAL_CRC_MspDeInit) for [Anonymous Symbol]
    py32f07x_it.o(.ARM.exidx.text.NMI_Handler) refers to py32f07x_it.o(.text.NMI_Handler) for [Anonymous Symbol]
    py32f07x_it.o(.ARM.exidx.text.HardFault_Handler) refers to py32f07x_it.o(.text.HardFault_Handler) for [Anonymous Symbol]
    py32f07x_it.o(.ARM.exidx.text.SVC_Handler) refers to py32f07x_it.o(.text.SVC_Handler) for [Anonymous Symbol]
    py32f07x_it.o(.ARM.exidx.text.PendSV_Handler) refers to py32f07x_it.o(.text.PendSV_Handler) for [Anonymous Symbol]
    py32f07x_it.o(.text.SysTick_Handler) refers to py32f07x_hal.o(.text.HAL_IncTick) for HAL_IncTick
    py32f07x_it.o(.ARM.exidx.text.SysTick_Handler) refers to py32f07x_it.o(.text.SysTick_Handler) for [Anonymous Symbol]
    py32f07x_it.o(.text.USB_IRQHandler) refers to usb_dc_py32.o(.text.USBD_IRQHandler) for USBD_IRQHandler
    py32f07x_it.o(.ARM.exidx.text.USB_IRQHandler) refers to py32f07x_it.o(.text.USB_IRQHandler) for [Anonymous Symbol]
    usbd_hid_inout_if.o(.text.usbd_configure_done_callback) refers to usb_dc_py32.o(.text.usbd_ep_start_read) for usbd_ep_start_read
    usbd_hid_inout_if.o(.text.usbd_configure_done_callback) refers to usbd_hid_inout_if.o(.noncacheable) for guc_usbd_read_buffer
    usbd_hid_inout_if.o(.ARM.exidx.text.usbd_configure_done_callback) refers to usbd_hid_inout_if.o(.text.usbd_configure_done_callback) for [Anonymous Symbol]
    usbd_hid_inout_if.o(.text.hid_custom_dfu_init) refers to usbd_core.o(.text.usbd_desc_register) for usbd_desc_register
    usbd_hid_inout_if.o(.text.hid_custom_dfu_init) refers to usbd_hid.o(.text.usbd_hid_init_intf) for usbd_hid_init_intf
    usbd_hid_inout_if.o(.text.hid_custom_dfu_init) refers to usbd_core.o(.text.usbd_add_interface) for usbd_add_interface
    usbd_hid_inout_if.o(.text.hid_custom_dfu_init) refers to usbd_core.o(.text.usbd_add_endpoint) for usbd_add_endpoint
    usbd_hid_inout_if.o(.text.hid_custom_dfu_init) refers to usbd_core.o(.text.usbd_initialize) for usbd_initialize
    usbd_hid_inout_if.o(.text.hid_custom_dfu_init) refers to usbd_hid_inout_if.o(.rodata.hid_descriptor) for [Anonymous Symbol]
    usbd_hid_inout_if.o(.text.hid_custom_dfu_init) refers to usbd_hid_inout_if.o(.bss.intf0) for intf0
[...]
    Removing py32f07x_hal_i2c.o(.ARM.exidx.text.HAL_I2C_Slave_Receive), (8 bytes).
    Removing py32f07x_hal_i2c.o(.text.HAL_I2C_Master_Transmit_IT), (188 bytes).
    Removing py32f07x_hal_i2c.o(.ARM.exidx.text.HAL_I2C_Master_Transmit_IT), (8 bytes).
    Removing py32f07x_hal_i2c.o(.text.HAL_I2C_Master_Receive_IT), (196 bytes).
    Removing py32f07x_hal_i2c.o(.ARM.exidx.text.HAL_I2C_Master_Receive_IT), (8 bytes).
    Removing py32f07x_hal_i2c.o(.text.HAL_I2C_Slave_Transmit_IT), (116 bytes).
    Removing py32f07x_hal_i2c.o(.ARM.exidx.text.HAL_I2C_Slave_Transmit_IT), (8 bytes).
    Removing py32f07x_hal_i2c.o(.text.HAL_I2C_Slave_Receive_IT), (116 bytes).
    Removing py32f07x_hal_i2c.o(.ARM.exidx.text.HAL_I2C_Slave_Receive_IT), (8 bytes).
    Removing py32f07x_hal_i2c.o(.text.HAL_I2C_Master_Transmit_DMA), (300 bytes).
    Removing py32f07x_hal_i2c.o(.ARM.exidx.text.HAL_I2C_Master_Transmit_DMA), (8 bytes).
    Removing py32f07x_hal_i2c.o(.text.I2C_DMAXferCplt), (280 bytes).
    Removing py32f07x_hal_i2c.o(.ARM.exidx.text.I2C_DMAXferCplt), (8 bytes).
    Removing py32f07x_hal_i2c.o(.text.I2C_DMAError), (54 bytes).
    Removing py32f07x_hal_i2c.o(.ARM.exidx.text.I2C_DMAError), (8 bytes).
    Removing py32f07x_hal_i2c.o(.text.HAL_I2C_Master_Receive_DMA), (300 bytes).
    Removing py32f07x_hal_i2c.o(.ARM.exidx.text.HAL_I2C_Master_Receive_DMA), (8 bytes).
    Removing py32f07x_hal_i2c.o(.text.HAL_I2C_Slave_Transmit_DMA), (192 bytes).
    Removing py32f07x_hal_i2c.o(.ARM.exidx.text.HAL_I2C_Slave_Transmit_DMA), (8 bytes).
    Removing py32f07x_hal_i2c.o(.text.HAL_I2C_Slave_Receive_DMA), (196 bytes).
    Removing py32f07x_hal_i2c.o(.ARM.exidx.text.HAL_I2C_Slave_Receive_DMA), (8 bytes).
    Removing py32f07x_hal_i2c.o(.text.HAL_I2C_Mem_Write), (424 bytes).
    Removing py32f07x_hal_i2c.o(.ARM.exidx.text.HAL_I2C_Mem_Write), (8 bytes).
    Removing py32f07x_hal_i2c.o(.text.I2C_RequestMemoryWrite), (544 bytes).
    Removing py32f07x_hal_i2c.o(.ARM.exidx.text.I2C_RequestMemoryWrite), (8 bytes).
    Removing py32f07x_hal_i2c.o(.text.HAL_I2C_Mem_Read), (984 bytes).
    Removing py32f07x_hal_i2c.o(.ARM.exidx.text.HAL_I2C_Mem_Read), (8 bytes).
    Removing py32f07x_hal_i2c.o(.text.I2C_RequestMemoryRead), (648 bytes).
    Removing py32f07x_hal_i2c.o(.ARM.exidx.text.I2C_RequestMemoryRead), (8 bytes).
    Removing py32f07x_hal_i2c.o(.text.HAL_I2C_Mem_Write_IT), (204 bytes).
    Removing py32f07x_hal_i2c.o(.ARM.exidx.text.HAL_I2C_Mem_Write_IT), (8 bytes).
    Removing py32f07x_hal_i2c.o(.text.HAL_I2C_Mem_Read_IT), (220 bytes).
    Removing py32f07x_hal_i2c.o(.ARM.exidx.text.HAL_I2C_Mem_Read_IT), (8 bytes).
    Removing py32f07x_hal_i2c.o(.text.HAL_I2C_Mem_Write_DMA), (336 bytes).
    Removing py32f07x_hal_i2c.o(.ARM.exidx.text.HAL_I2C_Mem_Write_DMA), (8 bytes).
    Removing py32f07x_hal_i2c.o(.text.HAL_I2C_Mem_Read_DMA), (412 bytes).
    Removing py32f07x_hal_i2c.o(.ARM.exidx.text.HAL_I2C_Mem_Read_DMA), (8 bytes).
    Removing py32f07x_hal_i2c.o(.text.HAL_I2C_IsDeviceReady), (504 bytes).
    Removing py32f07x_hal_i2c.o(.ARM.exidx.text.HAL_I2C_IsDeviceReady), (8 bytes).
    Removing py32f07x_hal_i2c.o(.text.HAL_I2C_Master_Seq_Transmit_IT), (236 bytes).
    Removing py32f07x_hal_i2c.o(.ARM.exidx.text.HAL_I2C_Master_Seq_Transmit_IT), (8 bytes).
    Removing py32f07x_hal_i2c.o(.text.HAL_I2C_Master_Seq_Transmit_DMA), (404 bytes).
    Removing py32f07x_hal_i2c.o(.ARM.exidx.text.HAL_I2C_Master_Seq_Transmit_DMA), (8 bytes).
    Removing py32f07x_hal_i2c.o(.text.HAL_I2C_Master_Seq_Receive_IT), (288 bytes).
    Removing py32f07x_hal_i2c.o(.ARM.exidx.text.HAL_I2C_Master_Seq_Receive_IT), (8 bytes).
    Removing py32f07x_hal_i2c.o(.text.HAL_I2C_Master_Seq_Receive_DMA), (528 bytes).
    Removing py32f07x_hal_i2c.o(.ARM.exidx.text.HAL_I2C_Master_Seq_Receive_DMA), (8 bytes).
    Removing py32f07x_hal_i2c.o(.text.HAL_I2C_Slave_Seq_Transmit_IT), (120 bytes).
    Removing py32f07x_hal_i2c.o(.ARM.exidx.text.HAL_I2C_Slave_Seq_Transmit_IT), (8 bytes).
    Removing py32f07x_hal_i2c.o(.text.HAL_I2C_Slave_Seq_Transmit_DMA), (328 bytes).
    Removing py32f07x_hal_i2c.o(.ARM.exidx.text.HAL_I2C_Slave_Seq_Transmit_DMA), (8 bytes).
    Removing py32f07x_hal_i2c.o(.text.I2C_DMAAbort), (110 bytes).
    Removing py32f07x_hal_i2c.o(.ARM.exidx.text.I2C_DMAAbort), (8 bytes).
    Removing py32f07x_hal_i2c.o(.text.HAL_I2C_Slave_Seq_Receive_IT), (120 bytes).
    Removing py32f07x_hal_i2c.o(.ARM.exidx.text.HAL_I2C_Slave_Seq_Receive_IT), (8 bytes).
    Removing py32f07x_hal_i2c.o(.text.HAL_I2C_Slave_Seq_Receive_DMA), (328 bytes).
    Removing py32f07x_hal_i2c.o(.ARM.exidx.text.HAL_I2C_Slave_Seq_Receive_DMA), (8 bytes).
    Removing py32f07x_hal_i2c.o(.text.HAL_I2C_EnableListen_IT), (60 bytes).
    Removing py32f07x_hal_i2c.o(.ARM.exidx.text.HAL_I2C_EnableListen_IT), (8 bytes).
    Removing py32f07x_hal_i2c.o(.text.HAL_I2C_DisableListen_IT), (64 bytes).
    Removing py32f07x_hal_i2c.o(.ARM.exidx.text.HAL_I2C_DisableListen_IT), (8 bytes).
    Removing py32f07x_hal_i2c.o(.text.HAL_I2C_Master_Abort_IT), (76 bytes).
    Removing py32f07x_hal_i2c.o(.ARM.exidx.text.HAL_I2C_Master_Abort_IT), (8 bytes).
    Removing py32f07x_hal_i2c.o(.text.I2C_ITError), (316 bytes).
    Removing py32f07x_hal_i2c.o(.ARM.exidx.text.I2C_ITError), (8 bytes).
    Removing py32f07x_hal_i2c.o(.text.HAL_I2C_EV_IRQHandler), (1764 bytes).
    Removing py32f07x_hal_i2c.o(.ARM.exidx.text.HAL_I2C_EV_IRQHandler), (8 bytes).
    Removing py32f07x_hal_i2c.o(.text.I2C_MasterTransmit_TXE), (292 bytes).
    Removing py32f07x_hal_i2c.o(.ARM.exidx.text.I2C_MasterTransmit_TXE), (8 bytes).
    Removing py32f07x_hal_i2c.o(.text.I2C_MasterTransmit_BTF), (140 bytes).
    Removing py32f07x_hal_i2c.o(.ARM.exidx.text.I2C_MasterTransmit_BTF), (8 bytes).
    Removing py32f07x_hal_i2c.o(.text.I2C_MasterReceive_RXNE), (142 bytes).
    Removing py32f07x_hal_i2c.o(.ARM.exidx.text.I2C_MasterReceive_RXNE), (8 bytes).
    Removing py32f07x_hal_i2c.o(.text.I2C_MasterReceive_BTF), (244 bytes).
    Removing py32f07x_hal_i2c.o(.ARM.exidx.text.I2C_MasterReceive_BTF), (8 bytes).
    Removing py32f07x_hal_i2c.o(.text.HAL_I2C_ER_IRQHandler), (368 bytes).
    Removing py32f07x_hal_i2c.o(.ARM.exidx.text.HAL_I2C_ER_IRQHandler), (8 bytes).
    Removing py32f07x_hal_i2c.o(.text.HAL_I2C_MasterTxCpltCallback), (2 bytes).
    Removing py32f07x_hal_i2c.o(.ARM.exidx.text.HAL_I2C_MasterTxCpltCallback), (8 bytes).
    Removing py32f07x_hal_i2c.o(.text.HAL_I2C_MasterRxCpltCallback), (2 bytes).
    Removing py32f07x_hal_i2c.o(.ARM.exidx.text.HAL_I2C_MasterRxCpltCallback), (8 bytes).
    Removing py32f07x_hal_i2c.o(.text.HAL_I2C_SlaveTxCpltCallback), (2 bytes).
    Removing py32f07x_hal_i2c.o(.ARM.exidx.text.HAL_I2C_SlaveTxCpltCallback), (8 bytes).
    Removing py32f07x_hal_i2c.o(.text.HAL_I2C_SlaveRxCpltCallback), (2 bytes).
    Removing py32f07x_hal_i2c.o(.ARM.exidx.text.HAL_I2C_SlaveRxCpltCallback), (8 bytes).
    Removing py32f07x_hal_i2c.o(.text.HAL_I2C_AddrCallback), (2 bytes).
    Removing py32f07x_hal_i2c.o(.ARM.exidx.text.HAL_I2C_AddrCallback), (8 bytes).
    Removing py32f07x_hal_i2c.o(.text.HAL_I2C_ListenCpltCallback), (2 bytes).
    Removing py32f07x_hal_i2c.o(.ARM.exidx.text.HAL_I2C_ListenCpltCallback), (8 bytes).
    Removing py32f07x_hal_i2c.o(.text.HAL_I2C_MemTxCpltCallback), (2 bytes).
    Removing py32f07x_hal_i2c.o(.ARM.exidx.text.HAL_I2C_MemTxCpltCallback), (8 bytes).
    Removing py32f07x_hal_i2c.o(.text.HAL_I2C_MemRxCpltCallback), (2 bytes).
    Removing py32f07x_hal_i2c.o(.ARM.exidx.text.HAL_I2C_MemRxCpltCallback), (8 bytes).
    Removing py32f07x_hal_i2c.o(.text.HAL_I2C_ErrorCallback), (2 bytes).
    Removing py32f07x_hal_i2c.o(.ARM.exidx.text.HAL_I2C_ErrorCallback), (8 bytes).
    Removing py32f07x_hal_i2c.o(.text.HAL_I2C_AbortCpltCallback), (2 bytes).
    Removing py32f07x_hal_i2c.o(.ARM.exidx.text.HAL_I2C_AbortCpltCallback), (8 bytes).
    Removing py32f07x_hal_i2c.o(.text.HAL_I2C_GetState), (6 bytes).
    Removing py32f07x_hal_i2c.o(.ARM.exidx.text.HAL_I2C_GetState), (8 bytes).
    Removing py32f07x_hal_i2c.o(.text.HAL_I2C_GetMode), (6 bytes).
    Removing py32f07x_hal_i2c.o(.ARM.exidx.text.HAL_I2C_GetMode), (8 bytes).
    Removing py32f07x_hal_i2c.o(.text.HAL_I2C_GetError), (4 bytes).
    Removing py32f07x_hal_i2c.o(.ARM.exidx.text.HAL_I2C_GetError), (8 bytes).
    Removing py32f07x_hal_i2c.o(.text.I2C_WaitOnMasterAddressFlagUntilTimeout), (152 bytes).
    Removing py32f07x_hal_i2c.o(.ARM.exidx.text.I2C_WaitOnMasterAddressFlagUntilTimeout), (8 bytes).
    Removing py32f07x_hal_uart.o(.text), (0 bytes).
    Removing py32f07x_hal_uart.o(.text.HAL_UART_Init), (136 bytes).
    Removing py32f07x_hal_uart.o(.ARM.exidx.text.HAL_UART_Init), (8 bytes).
    Removing py32f07x_hal_uart.o(.text.HAL_UART_MspInit), (2 bytes).
    Removing py32f07x_hal_uart.o(.ARM.exidx.text.HAL_UART_MspInit), (8 bytes).
    Removing py32f07x_hal_uart.o(.text.UART_SetConfig), (208 bytes).
    Removing py32f07x_hal_uart.o(.ARM.exidx.text.UART_SetConfig), (8 bytes).
    Removing py32f07x_hal_uart.o(.text.HAL_HalfDuplex_Init), (100 bytes).
    Removing py32f07x_hal_uart.o(.ARM.exidx.text.HAL_HalfDuplex_Init), (8 bytes).
    Removing py32f07x_hal_uart.o(.text.HAL_LIN_Init), (130 bytes).
    Removing py32f07x_hal_uart.o(.ARM.exidx.text.HAL_LIN_Init), (8 bytes).
    Removing py32f07x_hal_uart.o(.text.HAL_MultiProcessor_Init), (134 bytes).
    Removing py32f07x_hal_uart.o(.ARM.exidx.text.HAL_MultiProcessor_Init), (8 bytes).
    Removing py32f07x_hal_uart.o(.text.HAL_UART_DeInit), (50 bytes).
    Removing py32f07x_hal_uart.o(.ARM.exidx.text.HAL_UART_DeInit), (8 bytes).
    Removing py32f07x_hal_uart.o(.text.HAL_UART_MspDeInit), (2 bytes).
    Removing py32f07x_hal_uart.o(.ARM.exidx.text.HAL_UART_MspDeInit), (8 bytes).
    Removing py32f07x_hal_uart.o(.text.HAL_UART_Transmit), (316 bytes).
    Removing py32f07x_hal_uart.o(.ARM.exidx.text.HAL_UART_Transmit), (8 bytes).
    Removing py32f07x_hal_uart.o(.text.HAL_UART_Receive), (272 bytes).
    Removing py32f07x_hal_uart.o(.ARM.exidx.text.HAL_UART_Receive), (8 bytes).
    Removing py32f07x_hal_uart.o(.text.HAL_UART_Transmit_IT), (66 bytes).
    Removing py32f07x_hal_uart.o(.ARM.exidx.text.HAL_UART_Transmit_IT), (8 bytes).
    Removing py32f07x_hal_uart.o(.text.HAL_UART_Receive_IT), (96 bytes).
    Removing py32f07x_hal_uart.o(.ARM.exidx.text.HAL_UART_Receive_IT), (8 bytes).
    Removing py32f07x_hal_uart.o(.text.HAL_UART_Transmit_DMA), (120 bytes).
    Removing py32f07x_hal_uart.o(.ARM.exidx.text.HAL_UART_Transmit_DMA), (8 bytes).
    Removing py32f07x_hal_uart.o(.text.UART_DMATransmitCplt), (44 bytes).
    Removing py32f07x_hal_uart.o(.ARM.exidx.text.UART_DMATransmitCplt), (8 bytes).
    Removing py32f07x_hal_uart.o(.text.UART_DMATxHalfCplt), (10 bytes).
    Removing py32f07x_hal_uart.o(.ARM.exidx.text.UART_DMATxHalfCplt), (8 bytes).
    Removing py32f07x_hal_uart.o(.text.UART_DMAError), (96 bytes).
    Removing py32f07x_hal_uart.o(.ARM.exidx.text.UART_DMAError), (8 bytes).
    Removing py32f07x_hal_uart.o(.text.HAL_UART_Receive_DMA), (164 bytes).
    Removing py32f07x_hal_uart.o(.ARM.exidx.text.HAL_UART_Receive_DMA), (8 bytes).
    Removing py32f07x_hal_uart.o(.text.UART_DMAReceiveCplt), (56 bytes).
    Removing py32f07x_hal_uart.o(.ARM.exidx.text.UART_DMAReceiveCplt), (8 bytes).
    Removing py32f07x_hal_uart.o(.text.UART_DMARxHalfCplt), (10 bytes).
    Removing py32f07x_hal_uart.o(.ARM.exidx.text.UART_DMARxHalfCplt), (8 bytes).
    Removing py32f07x_hal_uart.o(.text.HAL_UART_DMAPause), (84 bytes).
    Removing py32f07x_hal_uart.o(.ARM.exidx.text.HAL_UART_DMAPause), (8 bytes).
    Removing py32f07x_hal_uart.o(.text.HAL_UART_DMAResume), (94 bytes).
    Removing py32f07x_hal_uart.o(.ARM.exidx.text.HAL_UART_DMAResume), (8 bytes).
    Removing py32f07x_hal_uart.o(.text.HAL_UART_DMAStop), (116 bytes).
    Removing py32f07x_hal_uart.o(.ARM.exidx.text.HAL_UART_DMAStop), (8 bytes).
    Removing py32f07x_hal_uart.o(.text.HAL_UART_Abort), (138 bytes).
    Removing py32f07x_hal_uart.o(.ARM.exidx.text.HAL_UART_Abort), (8 bytes).
    Removing py32f07x_hal_uart.o(.text.HAL_UART_AbortTransmit), (76 bytes).
    Removing py32f07x_hal_uart.o(.ARM.exidx.text.HAL_UART_AbortTransmit), (8 bytes).
    Removing py32f07x_hal_uart.o(.text.HAL_UART_AbortReceive), (86 bytes).
    Removing py32f07x_hal_uart.o(.ARM.exidx.text.HAL_UART_AbortReceive), (8 bytes).
    Removing py32f07x_hal_uart.o(.text.HAL_UART_Abort_IT), (184 bytes).
    Removing py32f07x_hal_uart.o(.ARM.exidx.text.HAL_UART_Abort_IT), (8 bytes).
    Removing py32f07x_hal_uart.o(.text.UART_DMATxAbortCallback), (46 bytes).
    Removing py32f07x_hal_uart.o(.ARM.exidx.text.UART_DMATxAbortCallback), (8 bytes).
    Removing py32f07x_hal_uart.o(.text.UART_DMARxAbortCallback), (46 bytes).
    Removing py32f07x_hal_uart.o(.ARM.exidx.text.UART_DMARxAbortCallback), (8 bytes).
    Removing py32f07x_hal_uart.o(.text.HAL_UART_AbortCpltCallback), (2 bytes).
    Removing py32f07x_hal_uart.o(.ARM.exidx.text.HAL_UART_AbortCpltCallback), (8 bytes).
    Removing py32f07x_hal_uart.o(.text.HAL_UART_AbortTransmit_IT), (100 bytes).
    Removing py32f07x_hal_uart.o(.ARM.exidx.text.HAL_UART_AbortTransmit_IT), (8 bytes).
    Removing py32f07x_hal_uart.o(.text.UART_DMATxOnlyAbortCallback), (20 bytes).
    Removing py32f07x_hal_uart.o(.ARM.exidx.text.UART_DMATxOnlyAbortCallback), (8 bytes).
    Removing py32f07x_hal_uart.o(.text.HAL_UART_AbortTransmitCpltCallback), (2 bytes).
    Removing py32f07x_hal_uart.o(.ARM.exidx.text.HAL_UART_AbortTransmitCpltCallback), (8 bytes).
    Removing py32f07x_hal_uart.o(.text.HAL_UART_AbortReceive_IT), (112 bytes).
    Removing py32f07x_hal_uart.o(.ARM.exidx.text.HAL_UART_AbortReceive_IT), (8 bytes).
    Removing py32f07x_hal_uart.o(.text.UART_DMARxOnlyAbortCallback), (20 bytes).
    Removing py32f07x_hal_uart.o(.ARM.exidx.text.UART_DMARxOnlyAbortCallback), (8 bytes).
    Removing py32f07x_hal_uart.o(.text.HAL_UART_AbortReceiveCpltCallback), (2 bytes).
    Removing py32f07x_hal_uart.o(.ARM.exidx.text.HAL_UART_AbortReceiveCpltCallback), (8 bytes).
    Removing py32f07x_hal_uart.o(.text.HAL_UART_IRQHandler), (732 bytes).
    Removing py32f07x_hal_uart.o(.ARM.exidx.text.HAL_UART_IRQHandler), (8 bytes).
    Removing py32f07x_hal_uart.o(.text.UART_DMAAbortOnError), (16 bytes).
    Removing py32f07x_hal_uart.o(.ARM.exidx.text.UART_DMAAbortOnError), (8 bytes).
    Removing py32f07x_hal_uart.o(.text.HAL_UART_ErrorCallback), (2 bytes).
    Removing py32f07x_hal_uart.o(.ARM.exidx.text.HAL_UART_ErrorCallback), (8 bytes).
    Removing py32f07x_hal_uart.o(.text.HAL_UART_IdleFrameDetectCpltCallback), (2 bytes).
    Removing py32f07x_hal_uart.o(.ARM.exidx.text.HAL_UART_IdleFrameDetectCpltCallback), (8 bytes).
    Removing py32f07x_hal_uart.o(.text.HAL_UART_TxCpltCallback), (2 bytes).
    Removing py32f07x_hal_uart.o(.ARM.exidx.text.HAL_UART_TxCpltCallback), (8 bytes).
    Removing py32f07x_hal_uart.o(.text.HAL_UART_TxHalfCpltCallback), (2 bytes).
    Removing py32f07x_hal_uart.o(.ARM.exidx.text.HAL_UART_TxHalfCpltCallback), (8 bytes).
    Removing py32f07x_hal_uart.o(.text.HAL_UART_RxCpltCallback), (2 bytes).
    Removing py32f07x_hal_uart.o(.ARM.exidx.text.HAL_UART_RxCpltCallback), (8 bytes).
    Removing py32f07x_hal_uart.o(.text.HAL_UART_RxHalfCpltCallback), (2 bytes).
    Removing py32f07x_hal_uart.o(.ARM.exidx.text.HAL_UART_RxHalfCpltCallback), (8 bytes).
    Removing py32f07x_hal_uart.o(.text.HAL_LIN_SendBreak), (40 bytes).
    Removing py32f07x_hal_uart.o(.ARM.exidx.text.HAL_LIN_SendBreak), (8 bytes).
    Removing py32f07x_hal_uart.o(.text.HAL_MultiProcessor_EnterMuteMode), (40 bytes).
    Removing py32f07x_hal_uart.o(.ARM.exidx.text.HAL_MultiProcessor_EnterMuteMode), (8 bytes).
    Removing py32f07x_hal_uart.o(.text.HAL_MultiProcessor_ExitMuteMode), (40 bytes).
    Removing py32f07x_hal_uart.o(.ARM.exidx.text.HAL_MultiProcessor_ExitMuteMode), (8 bytes).
    Removing py32f07x_hal_uart.o(.text.HAL_HalfDuplex_EnableTransmitter), (44 bytes).
    Removing py32f07x_hal_uart.o(.ARM.exidx.text.HAL_HalfDuplex_EnableTransmitter), (8 bytes).
    Removing py32f07x_hal_uart.o(.text.HAL_HalfDuplex_EnableReceiver), (44 bytes).
    Removing py32f07x_hal_uart.o(.ARM.exidx.text.HAL_HalfDuplex_EnableReceiver), (8 bytes).
    Removing py32f07x_hal_uart.o(.text.HAL_UART_GetState), (14 bytes).
    Removing py32f07x_hal_uart.o(.ARM.exidx.text.HAL_UART_GetState), (8 bytes).
    Removing py32f07x_hal_uart.o(.text.HAL_UART_GetError), (4 bytes).
    Removing py32f07x_hal_uart.o(.ARM.exidx.text.HAL_UART_GetError), (8 bytes).
    Removing py32f07x_hal_crc.o(.text), (0 bytes).
    Removing py32f07x_hal_crc.o(.ARM.exidx.text.HAL_CRC_Init), (8 bytes).
    Removing py32f07x_hal_crc.o(.text.HAL_CRC_MspInit), (2 bytes).
    Removing py32f07x_hal_crc.o(.ARM.exidx.text.HAL_CRC_MspInit), (8 bytes).
    Removing py32f07x_hal_crc.o(.text.HAL_CRC_DeInit), (58 bytes).
    Removing py32f07x_hal_crc.o(.ARM.exidx.text.HAL_CRC_DeInit), (8 bytes).
    Removing py32f07x_hal_crc.o(.text.HAL_CRC_MspDeInit), (2 bytes).
    Removing py32f07x_hal_crc.o(.ARM.exidx.text.HAL_CRC_MspDeInit), (8 bytes).
    Removing py32f07x_hal_crc.o(.text.HAL_CRC_Accumulate), (32 bytes).
    Removing py32f07x_hal_crc.o(.ARM.exidx.text.HAL_CRC_Accumulate), (8 bytes).
    Removing py32f07x_hal_crc.o(.ARM.exidx.text.HAL_CRC_Calculate), (8 bytes).
    Removing py32f07x_hal_crc.o(.text.HAL_CRC_GetState), (4 bytes).
    Removing py32f07x_hal_crc.o(.ARM.exidx.text.HAL_CRC_GetState), (8 bytes).
    Removing usbd_core.o(.text), (0 bytes).
    Removing usbd_core.o(.text.usbd_event_connect_handler), (36 bytes).
    Removing usbd_core.o(.ARM.exidx.text.usbd_event_connect_handler), (8 bytes).
    Removing usbd_core.o(.text.usbd_event_disconnect_handler), (36 bytes).
    Removing usbd_core.o(.ARM.exidx.text.usbd_event_disconnect_handler), (8 bytes).
    Removing usbd_core.o(.text.usbd_event_resume_handler), (36 bytes).
    Removing usbd_core.o(.ARM.exidx.text.usbd_event_resume_handler), (8 bytes).
    Removing usbd_core.o(.text.usbd_event_suspend_handler), (36 bytes).
    Removing usbd_core.o(.ARM.exidx.text.usbd_event_suspend_handler), (8 bytes).
    Removing usbd_core.o(.ARM.exidx.text.usbd_event_reset_handler), (8 bytes).
    Removing usbd_core.o(.ARM.exidx.text.usbd_event_ep0_setup_complete_handler), (8 bytes).
    Removing usbd_core.o(.ARM.exidx.text.usbd_setup_request_handler), (8 bytes).
    Removing usbd_core.o(.ARM.exidx.text.usbd_event_ep_in_complete_handler), (8 bytes).
    Removing usbd_core.o(.ARM.exidx.text.usbd_event_ep_out_complete_handler), (8 bytes).
    Removing usbd_core.o(.text.usbd_desc_register), (20 bytes).
    Removing usbd_core.o(.ARM.exidx.text.usbd_desc_register), (8 bytes).
    Removing usbd_core.o(.text.usbd_msosv1_desc_register), (12 bytes).
    Removing usbd_core.o(.ARM.exidx.text.usbd_msosv1_desc_register), (8 bytes).
    Removing usbd_core.o(.text.usbd_msosv2_desc_register), (12 bytes).
    Removing usbd_core.o(.ARM.exidx.text.usbd_msosv2_desc_register), (8 bytes).
    Removing usbd_core.o(.text.usbd_bos_desc_register), (12 bytes).
    Removing usbd_core.o(.ARM.exidx.text.usbd_bos_desc_register), (8 bytes).
    Removing usbd_core.o(.text.usbd_add_interface), (44 bytes).
    Removing usbd_core.o(.ARM.exidx.text.usbd_add_interface), (8 bytes).
    Removing usbd_core.o(.text.usbd_add_endpoint), (40 bytes).
    Removing usbd_core.o(.ARM.exidx.text.usbd_add_endpoint), (8 bytes).
    Removing usbd_core.o(.text.usb_device_is_configured), (16 bytes).
    Removing usbd_core.o(.ARM.exidx.text.usb_device_is_configured), (8 bytes).
    Removing usbd_core.o(.text.usbd_initialize), (8 bytes).
    Removing usbd_core.o(.ARM.exidx.text.usbd_initialize), (8 bytes).
    Removing usbd_core.o(.text.usbd_deinitialize), (32 bytes).
    Removing usbd_core.o(.ARM.exidx.text.usbd_deinitialize), (8 bytes).
    Removing usb_dc_py32.o(.text), (0 bytes).
    Removing usb_dc_py32.o(.text.usb_dc_low_level_init), (2 bytes).
    Removing usb_dc_py32.o(.ARM.exidx.text.usb_dc_low_level_init), (8 bytes).
    Removing usb_dc_py32.o(.text.usb_dc_low_level_deinit), (2 bytes).
    Removing usb_dc_py32.o(.ARM.exidx.text.usb_dc_low_level_deinit), (8 bytes).
    Removing usb_dc_py32.o(.text.usb_dc_init), (32 bytes).
    Removing usb_dc_py32.o(.ARM.exidx.text.usb_dc_init), (8 bytes).
    Removing usb_dc_py32.o(.text.usb_dc_deinit), (4 bytes).
    Removing usb_dc_py32.o(.ARM.exidx.text.usb_dc_deinit), (8 bytes).
    Removing usb_dc_py32.o(.ARM.exidx.text.usbd_set_address), (8 bytes).
    Removing usb_dc_py32.o(.ARM.exidx.text.usbd_ep_open), (8 bytes).
    Removing usb_dc_py32.o(.ARM.exidx.text.usbd_ep_close), (8 bytes).
    Removing usb_dc_py32.o(.ARM.exidx.text.usbd_ep_set_stall), (8 bytes).
    Removing usb_dc_py32.o(.ARM.exidx.text.usbd_ep_clear_stall), (8 bytes).
    Removing usb_dc_py32.o(.text.usbd_ep_is_stalled), (4 bytes).
    Removing usb_dc_py32.o(.ARM.exidx.text.usbd_ep_is_stalled), (8 bytes).
    Removing usb_dc_py32.o(.ARM.exidx.text.usbd_ep_start_write), (8 bytes).
    Removing usb_dc_py32.o(.ARM.exidx.text.usbd_ep_start_read), (8 bytes).
    Removing usb_dc_py32.o(.ARM.exidx.text.USBD_IRQHandler), (8 bytes).
    Removing usb_dc_py32.o(.bss.zlp_flag), (1 bytes).
    Removing usbd_hid.o(.text), (0 bytes).
    Removing usbd_hid.o(.text.usbd_hid_init_intf), (24 bytes).
    Removing usbd_hid.o(.ARM.exidx.text.usbd_hid_init_intf), (8 bytes).
    Removing usbd_hid.o(.text.hid_class_interface_request_handler), (162 bytes).
    Removing usbd_hid.o(.ARM.exidx.text.hid_class_interface_request_handler), (8 bytes).
    Removing usbd_hid.o(.text.usbh_hid_get_report), (4 bytes).
    Removing usbd_hid.o(.ARM.exidx.text.usbh_hid_get_report), (8 bytes).
    Removing usbd_hid.o(.text.usbh_hid_get_idle), (4 bytes).
    Removing usbd_hid.o(.ARM.exidx.text.usbh_hid_get_idle), (8 bytes).
    Removing usbd_hid.o(.text.usbh_hid_get_protocol), (4 bytes).
    Removing usbd_hid.o(.ARM.exidx.text.usbh_hid_get_protocol), (8 bytes).
    Removing usbd_hid.o(.text.usbh_hid_set_report), (2 bytes).
    Removing usbd_hid.o(.ARM.exidx.text.usbh_hid_set_report), (8 bytes).
    Removing usbd_hid.o(.text.usbh_hid_set_idle), (2 bytes).
    Removing usbd_hid.o(.ARM.exidx.text.usbh_hid_set_idle), (8 bytes).
    Removing usbd_hid.o(.text.usbh_hid_set_protocol), (2 bytes).
    Removing usbd_hid.o(.ARM.exidx.text.usbh_hid_set_protocol), (8 bytes).

607 unused section(s) (total 30038 bytes) removed from the image.

==============================================================================

Image Symbol Table

    Local Symbols

    Symbol Name                              Value     Ov Type        Size  Object(Section)

    ../clib/../cmprslib/zerorunl.c           0x00000000   Number         0  __dczerorl.o ABSOLUTE
    ../clib/division.s                       0x00000000   Number         0  aeabi_sdivfast.o ABSOLUTE
    ../clib/division.s                       0x00000000   Number         0  aeabi_sdivfast_div0.o ABSOLUTE
    ../clib/microlib/division.c              0x00000000   Number         0  uidiv.o ABSOLUTE
    ../clib/microlib/division.c              0x00000000   Number         0  uidiv_div0.o ABSOLUTE
    ../clib/microlib/division.c              0x00000000   Number         0  idiv_div0.o ABSOLUTE
    ../clib/microlib/division.c              0x00000000   Number         0  idiv0.o ABSOLUTE
    ../clib/microlib/init/entry.s            0x00000000   Number         0  entry.o ABSOLUTE
    ../clib/microlib/init/entry.s            0x00000000   Number         0  entry2.o ABSOLUTE
    ../clib/microlib/init/entry.s            0x00000000   Number         0  entry5.o ABSOLUTE
    ../clib/microlib/init/entry.s            0x00000000   Number         0  entry7a.o ABSOLUTE
    ../clib/microlib/init/entry.s            0x00000000   Number         0  entry7b.o ABSOLUTE
    ../clib/microlib/init/entry.s            0x00000000   Number         0  entry8a.o ABSOLUTE
    ../clib/microlib/init/entry.s            0x00000000   Number         0  entry8b.o ABSOLUTE
    ../clib/microlib/init/entry.s            0x00000000   Number         0  entry9a.o ABSOLUTE
    ../clib/microlib/init/entry.s            0x00000000   Number         0  entry9b.o ABSOLUTE
    ../clib/microlib/init/entry.s            0x00000000   Number         0  entry10a.o ABSOLUTE
    ../clib/microlib/init/entry.s            0x00000000   Number         0  entry10b.o ABSOLUTE
    ../clib/microlib/init/entry.s            0x00000000   Number         0  entry11a.o ABSOLUTE
    ../clib/microlib/init/entry.s            0x00000000   Number         0  entry11b.o ABSOLUTE
    ../clib/microlib/string/memcpy.c         0x00000000   Number         0  memcpya.o ABSOLUTE
    ../clib/microlib/string/memcpy.c         0x00000000   Number         0  memcpyb.o ABSOLUTE
    ../clib/microlib/string/memset.c         0x00000000   Number         0  memseta.o ABSOLUTE
    app_bootloader.c                         0x00000000   Number         0  app_bootloader.o ABSOLUTE
    app_flash.c                              0x00000000   Number         0  app_flash.o ABSOLUTE
    app_i2c.c                                0x00000000   Number         0  app_i2c.o ABSOLUTE
    app_usart.c                              0x00000000   Number         0  app_usart.o ABSOLUTE
    app_wdg.c                                0x00000000   Number         0  app_wdg.o ABSOLUTE
    crc.c                                    0x00000000   Number         0  crc.o ABSOLUTE
    dc.s                                     0x00000000   Number         0  dc.o ABSOLUTE
    handlers.s                               0x00000000   Number         0  handlers.o ABSOLUTE
    init.s                                   0x00000000   Number         0  init.o ABSOLUTE
    main.c                                   0x00000000   Number         0  main.o ABSOLUTE
    py32f072xx_Start_Kit.c                   0x00000000   Number         0  py32f072xx_start_kit.o ABSOLUTE
    py32f07x_hal.c                           0x00000000   Number         0  py32f07x_hal.o ABSOLUTE
    py32f07x_hal_cortex.c                    0x00000000   Number         0  py32f07x_hal_cortex.o ABSOLUTE
    py32f07x_hal_crc.c                       0x00000000   Number         0  py32f07x_hal_crc.o ABSOLUTE
    py32f07x_hal_dma.c                       0x00000000   Number         0  py32f07x_hal_dma.o ABSOLUTE
    py32f07x_hal_gpio.c                      0x00000000   Number         0  py32f07x_hal_gpio.o ABSOLUTE
    py32f07x_hal_i2c.c                       0x00000000   Number         0  py32f07x_hal_i2c.o ABSOLUTE
    py32f07x_hal_msp.c                       0x00000000   Number         0  py32f07x_hal_msp.o ABSOLUTE
    py32f07x_hal_pwr.c                       0x00000000   Number         0  py32f07x_hal_pwr.o ABSOLUTE
    py32f07x_hal_rcc.c                       0x00000000   Number         0  py32f07x_hal_rcc.o ABSOLUTE
    py32f07x_hal_rcc_ex.c                    0x00000000   Number         0  py32f07x_hal_rcc_ex.o ABSOLUTE
    py32f07x_hal_uart.c                      0x00000000   Number         0  py32f07x_hal_uart.o ABSOLUTE
    py32f07x_it.c                            0x00000000   Number         0  py32f07x_it.o ABSOLUTE
    startup_py32f072xx.s                     0x00000000   Number         0  startup_py32f072xx.o ABSOLUTE
    system_py32f07x.c                        0x00000000   Number         0  system_py32f07x.o ABSOLUTE
    usb_dc_py32.c                            0x00000000   Number         0  usb_dc_py32.o ABSOLUTE
    usbd_core.c                              0x00000000   Number         0  usbd_core.o ABSOLUTE
    usbd_hid.c                               0x00000000   Number         0  usbd_hid.o ABSOLUTE
    usbd_hid_inout_if.c                      0x00000000   Number         0  usbd_hid_inout_if.o ABSOLUTE
    RESET                                    0x08000000   Section      192  startup_py32f072xx.o(RESET)
    .ARM.Collect$$$$00000000                 0x080000c0   Section        0  entry.o(.ARM.Collect$$$$00000000)
    .ARM.Collect$$$$00000001                 0x080000c0   Section        4  entry2.o(.ARM.Collect$$$$00000001)
    .ARM.Collect$$$$00000004                 0x080000c4   Section        4  entry5.o(.ARM.Collect$$$$00000004)
    .ARM.Collect$$$$00000008                 0x080000c8   Section        0  entry7b.o(.ARM.Collect$$$$00000008)
    .ARM.Collect$$$$0000000A                 0x080000c8   Section        0  entry8b.o(.ARM.Collect$$$$0000000A)
    .ARM.Collect$$$$0000000B                 0x080000c8   Section        8  entry9a.o(.ARM.Collect$$$$0000000B)
    __lit__00000000                          0x080000d0   Data           4  entry2.o(.ARM.Collect$$$$00002712)
    .ARM.Collect$$$$0000000D                 0x080000d0   Section        0  entry10a.o(.ARM.Collect$$$$0000000D)
    .ARM.Collect$$$$0000000F                 0x080000d0   Section        0  entry11a.o(.ARM.Collect$$$$0000000F)
    .ARM.Collect$$$$00002712                 0x080000d0   Section        4  entry2.o(.ARM.Collect$$$$00002712)
    .text                                    0x080000d4   Section       28  startup_py32f072xx.o(.text)
    .text                                    0x080000f0   Section        0  memcpya.o(.text)
    .text                                    0x08000114   Section        0  memseta.o(.text)
    .text                                    0x08000138   Section        0  uidiv_div0.o(.text)
    .text                                    0x08000178   Section       36  init.o(.text)
    .text                                    0x0800019c   Section        0  __dczerorl.o(.text)
    [Anonymous Symbol]                       0x080001d8   Section        0  app_bootloader.o(.text.APP_Bootloader_Go)
    __arm_cp.13_0                            0x08000210   Number         4  app_bootloader.o(.text.APP_Bootloader_Go)
    __arm_cp.13_1                            0x08000214   Number         4  app_bootloader.o(.text.APP_Bootloader_Go)
    [Anonymous Symbol]                       0x08000218   Section        0  app_bootloader.o(.text.APP_Bootloader_Init)
    __arm_cp.0_1                             0x08000258   Number         4  app_bootloader.o(.text.APP_Bootloader_Init)
    [Anonymous Symbol]                       0x0800025c   Section        0  app_bootloader.o(.text.APP_Bootloader_ProtocolDetection)
    __arm_cp.2_18                            0x08000594   Number         4  app_bootloader.o(.text.APP_Bootloader_ProtocolDetection)
    __arm_cp.2_19                            0x08000598   Number         4  app_bootloader.o(.text.APP_Bootloader_ProtocolDetection)
    __arm_cp.2_2                             0x080007a0   Number         4  app_bootloader.o(.text.APP_Bootloader_ProtocolDetection)
    __arm_cp.2_3                             0x080007a4   Number         4  app_bootloader.o(.text.APP_Bootloader_ProtocolDetection)
    __arm_cp.2_4                             0x080007a8   Number         4  app_bootloader.o(.text.APP_Bootloader_ProtocolDetection)
    __arm_cp.2_5                             0x080007ac   Number         4  app_bootloader.o(.text.APP_Bootloader_ProtocolDetection)
    __arm_cp.2_6                             0x080007b0   Number         4  app_bootloader.o(.text.APP_Bootloader_ProtocolDetection)
    __arm_cp.2_7                             0x080007b4   Number         4  app_bootloader.o(.text.APP_Bootloader_ProtocolDetection)
    __arm_cp.2_8                             0x080007b8   Number         4  app_bootloader.o(.text.APP_Bootloader_ProtocolDetection)
    __arm_cp.2_9                             0x080007bc   Number         4  app_bootloader.o(.text.APP_Bootloader_ProtocolDetection)
    __arm_cp.2_10                            0x080007c0   Number         4  app_bootloader.o(.text.APP_Bootloader_ProtocolDetection)
    __arm_cp.2_11                            0x080007c4   Number         4  app_bootloader.o(.text.APP_Bootloader_ProtocolDetection)
    __arm_cp.2_12                            0x080007c8   Number         4  app_bootloader.o(.text.APP_Bootloader_ProtocolDetection)
    __arm_cp.2_13                            0x080007cc   Number         4  app_bootloader.o(.text.APP_Bootloader_ProtocolDetection)
    __arm_cp.2_14                            0x080007d0   Number         4  app_bootloader.o(.text.APP_Bootloader_ProtocolDetection)
    [Anonymous Symbol]                       0x080007d4   Section        0  app_bootloader.o(.text.APP_Bootloader_ReadData)
    [Anonymous Symbol]                       0x08000828   Section        0  app_bootloader.o(.text.APP_Bootloader_SendByte)
    [Anonymous Symbol]                       0x0800083c   Section        0  app_bootloader.o(.text.APP_Bootloader_SendData)
    __arm_cp.8_1                             0x08000890   Number         4  app_bootloader.o(.text.APP_Bootloader_SendData)
    __arm_cp.8_2                             0x08000894   Number         4  app_bootloader.o(.text.APP_Bootloader_SendData)
    __arm_cp.8_3                             0x08000898   Number         4  app_bootloader.o(.text.APP_Bootloader_SendData)
    __arm_cp.8_4                             0x0800089c   Number         4  app_bootloader.o(.text.APP_Bootloader_SendData)
    [Anonymous Symbol]                       0x080008a0   Section        0  app_bootloader.o(.text.APP_ExtendedErase)
    [Anonymous Symbol]                       0x0800097c   Section        0  app_bootloader.o(.text.APP_Go)
    __arm_cp.4_0                             0x08000ab0   Number         4  app_bootloader.o(.text.APP_Go)
    __arm_cp.4_1                             0x08000ab4   Number         4  app_bootloader.o(.text.APP_Go)
    __arm_cp.4_2                             0x08000ab8   Number         4  app_bootloader.o(.text.APP_Go)
    __arm_cp.4_3                             0x08000abc   Number         4  app_bootloader.o(.text.APP_Go)
    __arm_cp.4_4                             0x08000ac0   Number         4  app_bootloader.o(.text.APP_Go)
    __arm_cp.4_5                             0x08000ac4   Number         4  app_bootloader.o(.text.APP_Go)
    __arm_cp.4_6                             0x08000ac8   Number         4  app_bootloader.o(.text.APP_Go)
    __arm_cp.4_7                             0x08000acc   Number         4  app_bootloader.o(.text.APP_Go)
    __arm_cp.4_8                             0x08000ad0   Number         4  app_bootloader.o(.text.APP_Go)
    [Anonymous Symbol]                       0x08000ad4   Section        0  app_i2c.o(.text.APP_I2C_ReadData)
    [Anonymous Symbol]                       0x08000b68   Section        0  app_i2c.o(.text.APP_I2C_SendData)
    __arm_cp.1_0                             0x08000bf4   Number         4  app_i2c.o(.text.APP_I2C_SendData)
    __arm_cp.1_1                             0x08000bf8   Number         4  app_i2c.o(.text.APP_I2C_SendData)
    [Anonymous Symbol]                       0x08000bfc   Section        0  app_flash.o(.text.APP_MassErase)
    __arm_cp.2_1                             0x08000c6c   Number         4  app_flash.o(.text.APP_MassErase)
    __arm_cp.2_4                             0x08000c70   Number         4  app_flash.o(.text.APP_MassErase)
    [Anonymous Symbol]                       0x08000c74   Section        0  app_flash.o(.text.APP_PageErase)
    __arm_cp.4_1                             0x08000d0c   Number         4  app_flash.o(.text.APP_PageErase)
    __arm_cp.4_3                             0x08000d10   Number         4  app_flash.o(.text.APP_PageErase)
    [Anonymous Symbol]                       0x08000d14   Section        0  app_bootloader.o(.text.APP_ReadMemory)
    __arm_cp.3_0                             0x08000db4   Number         4  app_bootloader.o(.text.APP_ReadMemory)
    __arm_cp.3_1                             0x08000db8   Number         4  app_bootloader.o(.text.APP_ReadMemory)
    __arm_cp.3_2                             0x08000dbc   Number         4  app_bootloader.o(.text.APP_ReadMemory)
    __arm_cp.3_3                             0x08000dc0   Number         4  app_bootloader.o(.text.APP_ReadMemory)
    [Anonymous Symbol]                       0x08000dc4   Section        0  app_flash.o(.text.APP_SectorErase)
    __arm_cp.3_0                             0x08000e20   Number         4  app_flash.o(.text.APP_SectorErase)
    __arm_cp.3_1                             0x08000e24   Number         4  app_flash.o(.text.APP_SectorErase)
    __arm_cp.3_2                             0x08000e28   Number         4  app_flash.o(.text.APP_SectorErase)
    [Anonymous Symbol]                       0x08000e2c   Section        0  app_usart.o(.text.APP_USART_InitRx)
    __arm_cp.0_5                             0x08000f60   Number         4  app_usart.o(.text.APP_USART_InitRx)
    __arm_cp.0_8                             0x08000f64   Number         4  app_usart.o(.text.APP_USART_InitRx)
    __arm_cp.0_9                             0x08000f68   Number         4  app_usart.o(.text.APP_USART_InitRx)
    __arm_cp.0_10                            0x08000f6c   Number         4  app_usart.o(.text.APP_USART_InitRx)
    [Anonymous Symbol]                       0x08000f70   Section        0  app_usart.o(.text.APP_USART_InitTx)
    __arm_cp.1_0                             0x08001028   Number         4  app_usart.o(.text.APP_USART_InitTx)
    __arm_cp.1_1                             0x0800102c   Number         4  app_usart.o(.text.APP_USART_InitTx)
    __arm_cp.1_2                             0x08001030   Number         4  app_usart.o(.text.APP_USART_InitTx)
    __arm_cp.1_3                             0x08001034   Number         4  app_usart.o(.text.APP_USART_InitTx)
    __arm_cp.1_4                             0x08001038   Number         4  app_usart.o(.text.APP_USART_InitTx)
    __arm_cp.1_5                             0x0800103c   Number         4  app_usart.o(.text.APP_USART_InitTx)
    __arm_cp.1_6                             0x08001040   Number         4  app_usart.o(.text.APP_USART_InitTx)
    [Anonymous Symbol]                       0x08001044   Section        0  app_usart.o(.text.APP_USART_ReadData)
    __arm_cp.4_0                             0x0800108c   Number         4  app_usart.o(.text.APP_USART_ReadData)
    __arm_cp.4_1                             0x08001090   Number         4  app_usart.o(.text.APP_USART_ReadData)
    [Anonymous Symbol]                       0x08001094   Section        0  app_usart.o(.text.APP_USART_SendData)
    [Anonymous Symbol]                       0x080010d4   Section        0  app_wdg.o(.text.APP_WDG_Init)
    __arm_cp.0_0                             0x08001110   Number         4  app_wdg.o(.text.APP_WDG_Init)
    __arm_cp.0_1                             0x08001114   Number         4  app_wdg.o(.text.APP_WDG_Init)
    __arm_cp.0_4                             0x08001118   Number         4  app_wdg.o(.text.APP_WDG_Init)
    [Anonymous Symbol]                       0x0800111c   Section        0  app_wdg.o(.text.APP_WDG_Refresh)
    __arm_cp.1_0                             0x08001130   Number         4  app_wdg.o(.text.APP_WDG_Refresh)
    __arm_cp.1_1                             0x08001134   Number         4  app_wdg.o(.text.APP_WDG_Refresh)
    __arm_cp.1_2                             0x08001138   Number         4  app_wdg.o(.text.APP_WDG_Refresh)
    [Anonymous Symbol]                       0x0800113c   Section        0  app_flash.o(.text.APP_WriteFlash)
    __arm_cp.0_1                             0x08001240   Number         4  app_flash.o(.text.APP_WriteFlash)
    __arm_cp.0_2                             0x08001244   Number         4  app_flash.o(.text.APP_WriteFlash)
    [Anonymous Symbol]                       0x08001248   Section        0  app_bootloader.o(.text.APP_WriteMemory)
    [Anonymous Symbol]                       0x08001358   Section        0  app_flash.o(.text.APP_WriteOption)
    __arm_cp.1_0                             0x08001468   Number         4  app_flash.o(.text.APP_WriteOption)
    __arm_cp.1_1                             0x0800146c   Number         4  app_flash.o(.text.APP_WriteOption)
    __arm_cp.1_2                             0x08001470   Number         4  app_flash.o(.text.APP_WriteOption)
    __arm_cp.1_3                             0x08001474   Number         4  app_flash.o(.text.APP_WriteOption)
    __arm_cp.1_4                             0x08001478   Number         4  app_flash.o(.text.APP_WriteOption)
    [Anonymous Symbol]                       0x0800147c   Section        0  app_bootloader.o(.text.APP_WriteProtect)
    __arm_cp.7_0                             0x080014dc   Number         4  app_bootloader.o(.text.APP_WriteProtect)
    __arm_cp.7_1                             0x080014e0   Number         4  app_bootloader.o(.text.APP_WriteProtect)
    [Anonymous Symbol]                       0x080014e4   Section        0  py32f072xx_start_kit.o(.text.BSP_LED_Init)
    [Anonymous Symbol]                       0x08001524   Section        0  py32f072xx_start_kit.o(.text.BSP_LED_Toggle)
    __arm_cp.5_0                             0x08001534   Number         4  py32f072xx_start_kit.o(.text.BSP_LED_Toggle)
    [Anonymous Symbol]                       0x08001538   Section        0  py32f072xx_start_kit.o(.text.BSP_PB_GetState)
    [Anonymous Symbol]                       0x08001548   Section        0  py32f072xx_start_kit.o(.text.BSP_PB_Init)
    __arm_cp.6_0                             0x080015ac   Number         4  py32f072xx_start_kit.o(.text.BSP_PB_Init)
    __arm_cp.6_1                             0x080015b0   Number         4  py32f072xx_start_kit.o(.text.BSP_PB_Init)
    __arm_cp.6_2                             0x080015b4   Number         4  py32f072xx_start_kit.o(.text.BSP_PB_Init)
    [Anonymous Symbol]                       0x080015b8   Section        0  app_bootloader.o(.text.GetAddressArea)
    __arm_cp.11_0                            0x080016c4   Number         4  app_bootloader.o(.text.GetAddressArea)
    __arm_cp.11_1                            0x080016c8   Number         4  app_bootloader.o(.text.GetAddressArea)
    __arm_cp.11_2                            0x080016cc   Number         4  app_bootloader.o(.text.GetAddressArea)
    __arm_cp.11_3                            0x080016d0   Number         4  app_bootloader.o(.text.GetAddressArea)
    __arm_cp.11_4                            0x080016d4   Number         4  app_bootloader.o(.text.GetAddressArea)
    __arm_cp.11_5                            0x080016d8   Number         4  app_bootloader.o(.text.GetAddressArea)
    __arm_cp.11_6                            0x080016dc   Number         4  app_bootloader.o(.text.GetAddressArea)
    __arm_cp.11_7                            0x080016e0   Number         4  app_bootloader.o(.text.GetAddressArea)
    __arm_cp.11_8                            0x080016e4   Number         4  app_bootloader.o(.text.GetAddressArea)
    __arm_cp.11_9                            0x080016e8   Number         4  app_bootloader.o(.text.GetAddressArea)
    __arm_cp.11_10                           0x080016ec   Number         4  app_bootloader.o(.text.GetAddressArea)
    __arm_cp.11_11                           0x080016f0   Number         4  app_bootloader.o(.text.GetAddressArea)
    __arm_cp.11_12                           0x080016f4   Number         4  app_bootloader.o(.text.GetAddressArea)
    __arm_cp.11_13                           0x080016f8   Number         4  app_bootloader.o(.text.GetAddressArea)
    __arm_cp.11_14                           0x080016fc   Number         4  app_bootloader.o(.text.GetAddressArea)
    __arm_cp.11_15                           0x08001700   Number         4  app_bootloader.o(.text.GetAddressArea)
    __arm_cp.11_16                           0x08001704   Number         4  app_bootloader.o(.text.GetAddressArea)
    __arm_cp.11_17                           0x08001708   Number         4  app_bootloader.o(.text.GetAddressArea)
    __arm_cp.11_18                           0x0800170c   Number         4  app_bootloader.o(.text.GetAddressArea)
    __arm_cp.11_19                           0x08001710   Number         4  app_bootloader.o(.text.GetAddressArea)
    __arm_cp.11_20                           0x08001714   Number         4  app_bootloader.o(.text.GetAddressArea)
    [Anonymous Symbol]                       0x08001718   Section        0  py32f07x_hal_crc.o(.text.HAL_CRC_Calculate)
    [Anonymous Symbol]                       0x0800173c   Section        0  py32f07x_hal_crc.o(.text.HAL_CRC_Init)
    [Anonymous Symbol]                       0x08001760   Section        0  py32f07x_hal_msp.o(.text.HAL_CRC_MspInit)
    __arm_cp.1_0                             0x0800177c   Number         4  py32f07x_hal_msp.o(.text.HAL_CRC_MspInit)
    [Anonymous Symbol]                       0x08001780   Section        0  py32f07x_hal_gpio.o(.text.HAL_GPIO_Init)
    __arm_cp.0_0                             0x08001900   Number         4  py32f07x_hal_gpio.o(.text.HAL_GPIO_Init)
    __arm_cp.0_1                             0x08001904   Number         4  py32f07x_hal_gpio.o(.text.HAL_GPIO_Init)
    __arm_cp.0_2                             0x08001908   Number         4  py32f07x_hal_gpio.o(.text.HAL_GPIO_Init)
    __arm_cp.0_3                             0x0800190c   Number         4  py32f07x_hal_gpio.o(.text.HAL_GPIO_Init)
    __arm_cp.0_4                             0x08001910   Number         4  py32f07x_hal_gpio.o(.text.HAL_GPIO_Init)
    [Anonymous Symbol]                       0x08001914   Section        0  py32f07x_hal_gpio.o(.text.HAL_GPIO_ReadPin)
    [Anonymous Symbol]                       0x0800191e   Section        0  py32f07x_hal_gpio.o(.text.HAL_GPIO_TogglePin)
    [Anonymous Symbol]                       0x08001930   Section        0  py32f07x_hal_gpio.o(.text.HAL_GPIO_WritePin)
    [Anonymous Symbol]                       0x08001940   Section        0  py32f07x_hal.o(.text.HAL_GetTick)
    [Anonymous Symbol]                       0x08001948   Section        0  py32f07x_hal.o(.text.HAL_IncTick)
    __arm_cp.5_1                             0x08001958   Number         4  py32f07x_hal.o(.text.HAL_IncTick)
    [Anonymous Symbol]                       0x0800195c   Section        0  py32f07x_hal.o(.text.HAL_Init)
    [Anonymous Symbol]                       0x08001974   Section        0  py32f07x_hal.o(.text.HAL_InitTick)
    __arm_cp.1_0                             0x080019b4   Number         4  py32f07x_hal.o(.text.HAL_InitTick)
    [Anonymous Symbol]                       0x080019b8   Section        0  py32f07x_hal_msp.o(.text.HAL_MspInit)
    __arm_cp.0_0                             0x080019e0   Number         4  py32f07x_hal_msp.o(.text.HAL_MspInit)
    [Anonymous Symbol]                       0x080019e4   Section        0  py32f07x_hal_cortex.o(.text.HAL_NVIC_EnableIRQ)
    __arm_cp.1_0                             0x080019f4   Number         4  py32f07x_hal_cortex.o(.text.HAL_NVIC_EnableIRQ)
    [Anonymous Symbol]                       0x080019f8   Section        0  py32f07x_hal_cortex.o(.text.HAL_NVIC_SetPriority)
    __arm_cp.0_0                             0x08001a28   Number         4  py32f07x_hal_cortex.o(.text.HAL_NVIC_SetPriority)
    __arm_cp.0_1                             0x08001a2c   Number         4  py32f07x_hal_cortex.o(.text.HAL_NVIC_SetPriority)
    [Anonymous Symbol]                       0x08001a30   Section        0  py32f07x_hal_rcc.o(.text.HAL_RCC_ClockConfig)
    __arm_cp.3_0                             0x08001b9c   Number         4  py32f07x_hal_rcc.o(.text.HAL_RCC_ClockConfig)
    __arm_cp.3_1                             0x08001ba0   Number         4  py32f07x_hal_rcc.o(.text.HAL_RCC_ClockConfig)
    __arm_cp.3_3                             0x08001ba4   Number         4  py32f07x_hal_rcc.o(.text.HAL_RCC_ClockConfig)
    __arm_cp.3_4                             0x08001ba8   Number         4  py32f07x_hal_rcc.o(.text.HAL_RCC_ClockConfig)
    __arm_cp.3_5                             0x08001bac   Number         4  py32f07x_hal_rcc.o(.text.HAL_RCC_ClockConfig)
    [Anonymous Symbol]                       0x08001bb0   Section        0  py32f07x_hal_rcc.o(.text.HAL_RCC_GetSysClockFreq)
    __arm_cp.2_0                             0x08001c40   Number         4  py32f07x_hal_rcc.o(.text.HAL_RCC_GetSysClockFreq)
    __arm_cp.2_1                             0x08001c44   Number         4  py32f07x_hal_rcc.o(.text.HAL_RCC_GetSysClockFreq)
    __arm_cp.2_3                             0x08001c58   Number         4  py32f07x_hal_rcc.o(.text.HAL_RCC_GetSysClockFreq)
    [Anonymous Symbol]                       0x08001c5c   Section        0  py32f07x_hal_rcc.o(.text.HAL_RCC_OscConfig)
    __arm_cp.1_0                             0x080020b8   Number         4  py32f07x_hal_rcc.o(.text.HAL_RCC_OscConfig)
    __arm_cp.1_1                             0x080020bc   Number         4  py32f07x_hal_rcc.o(.text.HAL_RCC_OscConfig)
    __arm_cp.1_2                             0x080020c0   Number         4  py32f07x_hal_rcc.o(.text.HAL_RCC_OscConfig)
    __arm_cp.1_3                             0x080020c4   Number         4  py32f07x_hal_rcc.o(.text.HAL_RCC_OscConfig)
    __arm_cp.1_4                             0x080020c8   Number         4  py32f07x_hal_rcc.o(.text.HAL_RCC_OscConfig)
    __arm_cp.1_5                             0x080020cc   Number         4  py32f07x_hal_rcc.o(.text.HAL_RCC_OscConfig)
    __arm_cp.1_6                             0x080020d0   Number         4  py32f07x_hal_rcc.o(.text.HAL_RCC_OscConfig)
    __arm_cp.1_8                             0x080020dc   Number         4  py32f07x_hal_rcc.o(.text.HAL_RCC_OscConfig)
    [Anonymous Symbol]                       0x080020e0   Section        0  py32f07x_hal_cortex.o(.text.HAL_SYSTICK_Config)
    __arm_cp.4_0                             0x08002108   Number         4  py32f07x_hal_cortex.o(.text.HAL_SYSTICK_Config)
    __arm_cp.4_1                             0x0800210c   Number         4  py32f07x_hal_cortex.o(.text.HAL_SYSTICK_Config)
    __arm_cp.4_2                             0x08002110   Number         4  py32f07x_hal_cortex.o(.text.HAL_SYSTICK_Config)
    [Anonymous Symbol]                       0x08002114   Section        0  py32f07x_it.o(.text.HardFault_Handler)
    [Anonymous Symbol]                       0x08002116   Section        0  py32f07x_it.o(.text.NMI_Handler)
    [Anonymous Symbol]                       0x08002118   Section        0  py32f07x_it.o(.text.PendSV_Handler)
    [Anonymous Symbol]                       0x0800211a   Section        0  py32f07x_it.o(.text.SVC_Handler)
    [Anonymous Symbol]                       0x0800211c   Section        0  py32f07x_it.o(.text.SysTick_Handler)
    [Anonymous Symbol]                       0x08002124   Section        0  system_py32f07x.o(.text.SystemInit)
    __arm_cp.0_0                             0x08002148   Number         4  system_py32f07x.o(.text.SystemInit)
    __arm_cp.0_1                             0x0800214c   Number         4  system_py32f07x.o(.text.SystemInit)
    __arm_cp.0_2                             0x08002150   Number         4  system_py32f07x.o(.text.SystemInit)
    __arm_cp.0_3                             0x08002154   Number         4  system_py32f07x.o(.text.SystemInit)
    [Anonymous Symbol]                       0x08002158   Section        0  usb_dc_py32.o(.text.USBD_IRQHandler)
    __arm_cp.12_0                            0x08002424   Number         4  usb_dc_py32.o(.text.USBD_IRQHandler)
    __arm_cp.12_1                            0x08002428   Number         4  usb_dc_py32.o(.text.USBD_IRQHandler)
    __arm_cp.12_2                            0x0800242c   Number         4  usb_dc_py32.o(.text.USBD_IRQHandler)
    __arm_cp.12_3                            0x08002430   Number         4  usb_dc_py32.o(.text.USBD_IRQHandler)
    [Anonymous Symbol]                       0x08002434   Section        0  py32f07x_it.o(.text.USB_IRQHandler)
    [Anonymous Symbol]                       0x0800243c   Section        0  crc.o(.text.crc_calculate)
    __arm_cp.1_0                             0x0800246c   Number         4  crc.o(.text.crc_calculate)
    __arm_cp.1_1                             0x08002470   Number         4  crc.o(.text.crc_calculate)
    [Anonymous Symbol]                       0x08002474   Section        0  usbd_hid_inout_if.o(.text.hid_custom_dfu_read_data)
    __arm_cp.4_0                             0x080024e0   Number         4  usbd_hid_inout_if.o(.text.hid_custom_dfu_read_data)
    [Anonymous Symbol]                       0x080024e4   Section        0  usbd_hid_inout_if.o(.text.hid_custom_dfu_send_data)
    __arm_cp.3_0                             0x08002584   Number         4  usbd_hid_inout_if.o(.text.hid_custom_dfu_send_data)
    [Anonymous Symbol]                       0x08002588   Section        0  main.o(.text.main)
    __arm_cp.0_0                             0x08002638   Number         4  main.o(.text.main)
    __arm_cp.0_1                             0x0800263c   Number         4  main.o(.text.main)
    __arm_cp.0_2                             0x08002640   Number         4  main.o(.text.main)
    __arm_cp.0_3                             0x08002644   Number         4  main.o(.text.main)
    __arm_cp.0_4                             0x08002648   Number         4  main.o(.text.main)
    __arm_cp.0_5                             0x0800264c   Number         4  main.o(.text.main)
    [Anonymous Symbol]                       0x08002650   Section        0  usbd_hid_inout_if.o(.text.usbd_configure_done_callback)
    __arm_cp.0_0                             0x08002660   Number         4  usbd_hid_inout_if.o(.text.usbd_configure_done_callback)
    [Anonymous Symbol]                       0x08002664   Section        0  usb_dc_py32.o(.text.usbd_ep_clear_stall)
    __arm_cp.8_0                             0x080026bc   Number         4  usb_dc_py32.o(.text.usbd_ep_clear_stall)
    [Anonymous Symbol]                       0x080026c0   Section        0  usb_dc_py32.o(.text.usbd_ep_close)
    [Anonymous Symbol]                       0x080026c4   Section        0  usb_dc_py32.o(.text.usbd_ep_open)
    [Anonymous Symbol]                       0x080027bc   Section        0  usb_dc_py32.o(.text.usbd_ep_set_stall)
    [Anonymous Symbol]                       0x08002810   Section        0  usb_dc_py32.o(.text.usbd_ep_start_read)
    __arm_cp.11_1                            0x08002870   Number         4  usb_dc_py32.o(.text.usbd_ep_start_read)
    [Anonymous Symbol]                       0x08002874   Section        0  usb_dc_py32.o(.text.usbd_ep_start_write)
    __arm_cp.10_0                            0x08002950   Number         4  usb_dc_py32.o(.text.usbd_ep_start_write)
    __arm_cp.10_1                            0x08002954   Number         4  usb_dc_py32.o(.text.usbd_ep_start_write)
    __arm_cp.10_2                            0x08002958   Number         4  usb_dc_py32.o(.text.usbd_ep_start_write)
    [Anonymous Symbol]                       0x0800295c   Section        0  usbd_core.o(.text.usbd_event_ep0_setup_complete_handler)
    [Anonymous Symbol]                       0x08002a10   Section        0  usbd_core.o(.text.usbd_event_ep_in_complete_handler)
    [Anonymous Symbol]                       0x08002a74   Section        0  usbd_core.o(.text.usbd_event_ep_out_complete_handler)
    [Anonymous Symbol]                       0x08002ad0   Section        0  usbd_core.o(.text.usbd_event_reset_handler)
    __arm_cp.4_1                             0x08002b18   Number         4  usbd_core.o(.text.usbd_event_reset_handler)
    __arm_cp.4_2                             0x08002b1c   Number         4  usbd_core.o(.text.usbd_event_reset_handler)
    [Anonymous Symbol]                       0x08002b20   Section        0  usb_dc_py32.o(.text.usbd_set_address)
    __arm_cp.4_0                             0x08002b34   Number         4  usb_dc_py32.o(.text.usbd_set_address)
    __arm_cp.4_1                             0x08002b38   Number         4  usb_dc_py32.o(.text.usbd_set_address)
    usbd_setup_request_handler               0x08002b3d   Thumb Code  1172  usbd_core.o(.text.usbd_setup_request_handler)
    [Anonymous Symbol]                       0x08002b3c   Section        0  usbd_core.o(.text.usbd_setup_request_handler)
    __arm_cp.6_8                             0x08002d18   Number         4  usbd_core.o(.text.usbd_setup_request_handler)
    __arm_cp.6_1                             0x08002fd0   Number         4  usbd_core.o(.text.usbd_setup_request_handler)
    __arm_cp.6_2                             0x08002fd4   Number         4  usbd_core.o(.text.usbd_setup_request_handler)
    __arm_cp.6_3                             0x08002fd8   Number         4  usbd_core.o(.text.usbd_setup_request_handler)
    __arm_cp.6_4                             0x08002fdc   Number         4  usbd_core.o(.text.usbd_setup_request_handler)
    __arm_cp.6_5                             0x08002fe0   Number         4  usbd_core.o(.text.usbd_setup_request_handler)
    i.__scatterload_copy                     0x08002fe4   Section       14  handlers.o(i.__scatterload_copy)
    i.__scatterload_null                     0x08002ff2   Section        2  handlers.o(i.__scatterload_null)
    i.__scatterload_zeroinit                 0x08002ff4   Section       14  handlers.o(i.__scatterload_zeroinit)
    [Anonymous Symbol]                       0x08003004   Section        0  py32f07x_hal_rcc.o(.rodata..L__const.HAL_RCC_GetSysClockFreq.hsiValue)
    app_blink.counter                        0x200001c8   Data           4  app_usart.o(.bss.app_blink.counter)
    [Anonymous Symbol]                       0x200001c8   Section        0  app_usart.o(.bss.app_blink.counter)
    bos_desc                                 0x200001cc   Data           4  usbd_core.o(.bss.bos_desc)
    [Anonymous Symbol]                       0x200001cc   Section        0  usbd_core.o(.bss.bos_desc)
    custom_state                             0x200001d0   Data           1  usbd_hid_inout_if.o(.bss.custom_state)
    [Anonymous Symbol]                       0x200001d0   Section        0  usbd_hid_inout_if.o(.bss.custom_state)
    msosv1_desc                              0x20000364   Data           4  usbd_core.o(.bss.msosv1_desc)
    [Anonymous Symbol]                       0x20000364   Section        0  usbd_core.o(.bss.msosv1_desc)
    msosv2_desc                              0x20000368   Data           4  usbd_core.o(.bss.msosv2_desc)
    [Anonymous Symbol]                       0x20000368   Section        0  usbd_core.o(.bss.msosv2_desc)
    usb_ep0_state                            0x2000036c   Data           1  usb_dc_py32.o(.bss.usb_ep0_state)
    [Anonymous Symbol]                       0x2000036c   Section        0  usb_dc_py32.o(.bss.usb_ep0_state)
    STACK                                    0x20000378   Section     1024  startup_py32f072xx.o(STACK)

    Global Symbols

    Symbol Name                              Value     Ov Type        Size  Object(Section)

    BuildAttributes$$THM_ISAv3M$S$PE$A:L22$X:L11$S22$IEEE1$IW$~IW$USESV6$~STKCKD$USESV7$~SHL$OTIME$EBA8$MICROLIB$REQ8$PRES8$EABIv2 0x00000000   Number         0  anon$$obj.o ABSOLUTE
    __cpp_initialize__aeabi_                  - Undefined Weak Reference
    __cxa_finalize                            - Undefined Weak Reference
    _clock_init                               - Undefined Weak Reference
    _microlib_exit                            - Undefined Weak Reference
    __Vectors_Size                           0x000000c0   Number         0  startup_py32f072xx.o ABSOLUTE
    __Vectors                                0x08000000   Data           4  startup_py32f072xx.o(RESET)
    __Vectors_End                            0x080000c0   Data           0  startup_py32f072xx.o(RESET)
    __main                                   0x080000c1   Thumb Code     0  entry.o(.ARM.Collect$$$$00000000)
    _main_stk                                0x080000c1   Thumb Code     0  entry2.o(.ARM.Collect$$$$00000001)
    _main_scatterload                        0x080000c5   Thumb Code     0  entry5.o(.ARM.Collect$$$$00000004)
    __main_after_scatterload                 0x080000c9   Thumb Code     0  entry5.o(.ARM.Collect$$$$00000004)
    _main_clock                              0x080000c9   Thumb Code     0  entry7b.o(.ARM.Collect$$$$00000008)
    _main_cpp_init                           0x080000c9   Thumb Code     0  entry8b.o(.ARM.Collect$$$$0000000A)
    _main_init                               0x080000c9   Thumb Code     0  entry9a.o(.ARM.Collect$$$$0000000B)
    __rt_final_cpp                           0x080000d1   Thumb Code     0  entry10a.o(.ARM.Collect$$$$0000000D)
    __rt_final_exit                          0x080000d1   Thumb Code     0  entry11a.o(.ARM.Collect$$$$0000000F)
    Reset_Handler                            0x080000d5   Thumb Code     8  startup_py32f072xx.o(.text)
    ADC_COMP_IRQHandler                      0x080000e7   Thumb Code     0  startup_py32f072xx.o(.text)
    CAN_IRQHandler                           0x080000e7   Thumb Code     0  startup_py32f072xx.o(.text)
    DMA1_Channel1_IRQHandler                 0x080000e7   Thumb Code     0  startup_py32f072xx.o(.text)
    DMA1_Channel2_3_IRQHandler               0x080000e7   Thumb Code     0  startup_py32f072xx.o(.text)
    DMA1_Channel4_5_6_7_IRQHandler           0x080000e7   Thumb Code     0  startup_py32f072xx.o(.text)
    EXTI0_1_IRQHandler                       0x080000e7   Thumb Code     0  startup_py32f072xx.o(.text)
    EXTI2_3_IRQHandler                       0x080000e7   Thumb Code     0  startup_py32f072xx.o(.text)
    EXTI4_15_IRQHandler                      0x080000e7   Thumb Code     0  startup_py32f072xx.o(.text)
    FLASH_IRQHandler                         0x080000e7   Thumb Code     0  startup_py32f072xx.o(.text)
    I2C1_IRQHandler                          0x080000e7   Thumb Code     0  startup_py32f072xx.o(.text)
    I2C2_IRQHandler                          0x080000e7   Thumb Code     0  startup_py32f072xx.o(.text)
    LCD_IRQHandler                           0x080000e7   Thumb Code     0  startup_py32f072xx.o(.text)
    PVD_IRQHandler                           0x080000e7   Thumb Code     0  startup_py32f072xx.o(.text)
    RCC_IRQHandler                           0x080000e7   Thumb Code     0  startup_py32f072xx.o(.text)
    RTC_IRQHandler                           0x080000e7   Thumb Code     0  startup_py32f072xx.o(.text)
    SPI1_IRQHandler                          0x080000e7   Thumb Code     0  startup_py32f072xx.o(.text)
    SPI2_IRQHandler                          0x080000e7   Thumb Code     0  startup_py32f072xx.o(.text)
    TIM14_IRQHandler                         0x080000e7   Thumb Code     0  startup_py32f072xx.o(.text)
    TIM15_IRQHandler                         0x080000e7   Thumb Code     0  startup_py32f072xx.o(.text)
    TIM16_IRQHandler                         0x080000e7   Thumb Code     0  startup_py32f072xx.o(.text)
    TIM17_IRQHandler                         0x080000e7   Thumb Code     0  startup_py32f072xx.o(.text)
    TIM1_BRK_UP_TRG_COM_IRQHandler           0x080000e7   Thumb Code     0  startup_py32f072xx.o(.text)
    TIM1_CC_IRQHandler                       0x080000e7   Thumb Code     0  startup_py32f072xx.o(.text)
    TIM2_IRQHandler                          0x080000e7   Thumb Code     0  startup_py32f072xx.o(.text)
    TIM3_IRQHandler                          0x080000e7   Thumb Code     0  startup_py32f072xx.o(.text)
    TIM6_LPTIM1_DAC_IRQHandler               0x080000e7   Thumb Code     0  startup_py32f072xx.o(.text)
    TIM7_IRQHandler                          0x080000e7   Thumb Code     0  startup_py32f072xx.o(.text)
    USART1_IRQHandler                        0x080000e7   Thumb Code     0  startup_py32f072xx.o(.text)
    USART2_IRQHandler                        0x080000e7   Thumb Code     0  startup_py32f072xx.o(.text)
    USART3_4_IRQHandler                      0x080000e7   Thumb Code     0  startup_py32f072xx.o(.text)
    WWDG_IRQHandler                          0x080000e7   Thumb Code     0  startup_py32f072xx.o(.text)
    __aeabi_memcpy                           0x080000f1   Thumb Code    36  memcpya.o(.text)
    __aeabi_memcpy4                          0x080000f1   Thumb Code     0  memcpya.o(.text)
    __aeabi_memcpy8                          0x080000f1   Thumb Code     0  memcpya.o(.text)
    __aeabi_memset                           0x08000115   Thumb Code    14  memseta.o(.text)
    __aeabi_memset4                          0x08000115   Thumb Code     0  memseta.o(.text)
    __aeabi_memset8                          0x08000115   Thumb Code     0  memseta.o(.text)
    __aeabi_memclr                           0x08000123   Thumb Code     4  memseta.o(.text)
    __aeabi_memclr4                          0x08000123   Thumb Code     0  memseta.o(.text)
    __aeabi_memclr8                          0x08000123   Thumb Code     0  memseta.o(.text)
    _memset$wrapper                          0x08000127   Thumb Code    18  memseta.o(.text)
    __aeabi_uidiv                            0x08000139   Thumb Code     0  uidiv_div0.o(.text)
    __aeabi_uidivmod                         0x08000139   Thumb Code    62  uidiv_div0.o(.text)
    __scatterload                            0x08000179   Thumb Code    28  init.o(.text)
    __scatterload_rt2                        0x08000179   Thumb Code     0  init.o(.text)
    __decompress                             0x0800019d   Thumb Code     0  __dczerorl.o(.text)
    __decompress0                            0x0800019d   Thumb Code    58  __dczerorl.o(.text)
    APP_Bootloader_Go                        0x080001d9   Thumb Code    56  app_bootloader.o(.text.APP_Bootloader_Go)
    APP_Bootloader_Init                      0x08000219   Thumb Code    64  app_bootloader.o(.text.APP_Bootloader_Init)
    APP_Bootloader_ProtocolDetection         0x0800025d   Thumb Code  1348  app_bootloader.o(.text.APP_Bootloader_ProtocolDetection)
    APP_Bootloader_ReadData                  0x080007d5   Thumb Code    84  app_bootloader.o(.text.APP_Bootloader_ReadData)
    APP_Bootloader_SendByte                  0x08000829   Thumb Code    20  app_bootloader.o(.text.APP_Bootloader_SendByte)
    APP_Bootloader_SendData                  0x0800083d   Thumb Code    84  app_bootloader.o(.text.APP_Bootloader_SendData)
    APP_ExtendedErase                        0x080008a1   Thumb Code   220  app_bootloader.o(.text.APP_ExtendedErase)
    APP_Go                                   0x0800097d   Thumb Code   308  app_bootloader.o(.text.APP_Go)
    APP_I2C_ReadData                         0x08000ad5   Thumb Code   148  app_i2c.o(.text.APP_I2C_ReadData)
    APP_I2C_SendData                         0x08000b69   Thumb Code   140  app_i2c.o(.text.APP_I2C_SendData)
    APP_MassErase                            0x08000bfd   Thumb Code   112  app_flash.o(.text.APP_MassErase)
    APP_PageErase                            0x08000c75   Thumb Code   152  app_flash.o(.text.APP_PageErase)
    APP_ReadMemory                           0x08000d15   Thumb Code   160  app_bootloader.o(.text.APP_ReadMemory)
    APP_SectorErase                          0x08000dc5   Thumb Code    92  app_flash.o(.text.APP_SectorErase)
    APP_USART_InitRx                         0x08000e2d   Thumb Code   308  app_usart.o(.text.APP_USART_InitRx)
    APP_USART_InitTx                         0x08000f71   Thumb Code   184  app_usart.o(.text.APP_USART_InitTx)
    APP_USART_ReadData                       0x08001045   Thumb Code    72  app_usart.o(.text.APP_USART_ReadData)
    APP_USART_SendData                       0x08001095   Thumb Code    64  app_usart.o(.text.APP_USART_SendData)
    APP_WDG_Init                             0x080010d5   Thumb Code    60  app_wdg.o(.text.APP_WDG_Init)
    APP_WDG_Refresh                          0x0800111d   Thumb Code    20  app_wdg.o(.text.APP_WDG_Refresh)
    APP_WriteFlash                           0x0800113d   Thumb Code   260  app_flash.o(.text.APP_WriteFlash)
    APP_WriteMemory                          0x08001249   Thumb Code   272  app_bootloader.o(.text.APP_WriteMemory)
    APP_WriteOption                          0x08001359   Thumb Code   272  app_flash.o(.text.APP_WriteOption)
    APP_WriteProtect                         0x0800147d   Thumb Code    96  app_bootloader.o(.text.APP_WriteProtect)
    BSP_LED_Init                             0x080014e5   Thumb Code    64  py32f072xx_start_kit.o(.text.BSP_LED_Init)
    BSP_LED_Toggle                           0x08001525   Thumb Code    16  py32f072xx_start_kit.o(.text.BSP_LED_Toggle)
    BSP_PB_GetState                          0x08001539   Thumb Code    16  py32f072xx_start_kit.o(.text.BSP_PB_GetState)
    BSP_PB_Init                              0x08001549   Thumb Code   100  py32f072xx_start_kit.o(.text.BSP_PB_Init)
    GetAddressArea                           0x080015b9   Thumb Code   268  app_bootloader.o(.text.GetAddressArea)
    HAL_CRC_Calculate                        0x08001719   Thumb Code    36  py32f07x_hal_crc.o(.text.HAL_CRC_Calculate)
    HAL_CRC_Init                             0x0800173d   Thumb Code    36  py32f07x_hal_crc.o(.text.HAL_CRC_Init)
    HAL_CRC_MspInit                          0x08001761   Thumb Code    28  py32f07x_hal_msp.o(.text.HAL_CRC_MspInit)
    HAL_GPIO_Init                            0x08001781   Thumb Code   384  py32f07x_hal_gpio.o(.text.HAL_GPIO_Init)
    HAL_GPIO_ReadPin                         0x08001915   Thumb Code    10  py32f07x_hal_gpio.o(.text.HAL_GPIO_ReadPin)
    HAL_GPIO_TogglePin                       0x0800191f   Thumb Code    18  py32f07x_hal_gpio.o(.text.HAL_GPIO_TogglePin)
    HAL_GPIO_WritePin                        0x08001931   Thumb Code    16  py32f07x_hal_gpio.o(.text.HAL_GPIO_WritePin)
    HAL_GetTick                              0x08001941   Thumb Code     8  py32f07x_hal.o(.text.HAL_GetTick)
    HAL_IncTick                              0x08001949   Thumb Code    16  py32f07x_hal.o(.text.HAL_IncTick)
    HAL_Init                                 0x0800195d   Thumb Code    24  py32f07x_hal.o(.text.HAL_Init)
    HAL_InitTick                             0x08001975   Thumb Code    64  py32f07x_hal.o(.text.HAL_InitTick)
    HAL_MspInit                              0x080019b9   Thumb Code    40  py32f07x_hal_msp.o(.text.HAL_MspInit)
    HAL_NVIC_EnableIRQ                       0x080019e5   Thumb Code    16  py32f07x_hal_cortex.o(.text.HAL_NVIC_EnableIRQ)
    HAL_NVIC_SetPriority                     0x080019f9   Thumb Code    48  py32f07x_hal_cortex.o(.text.HAL_NVIC_SetPriority)
    HAL_RCC_ClockConfig                      0x08001a31   Thumb Code   364  py32f07x_hal_rcc.o(.text.HAL_RCC_ClockConfig)
    HAL_RCC_GetSysClockFreq                  0x08001bb1   Thumb Code   144  py32f07x_hal_rcc.o(.text.HAL_RCC_GetSysClockFreq)
    HAL_RCC_OscConfig                        0x08001c5d   Thumb Code  1116  py32f07x_hal_rcc.o(.text.HAL_RCC_OscConfig)
    HAL_SYSTICK_Config                       0x080020e1   Thumb Code    40  py32f07x_hal_cortex.o(.text.HAL_SYSTICK_Config)
    HardFault_Handler                        0x08002115   Thumb Code     2  py32f07x_it.o(.text.HardFault_Handler)
    NMI_Handler                              0x08002117   Thumb Code     2  py32f07x_it.o(.text.NMI_Handler)
    PendSV_Handler                           0x08002119   Thumb Code     2  py32f07x_it.o(.text.PendSV_Handler)
    SVC_Handler                              0x0800211b   Thumb Code     2  py32f07x_it.o(.text.SVC_Handler)
    SysTick_Handler                          0x0800211d   Thumb Code     8  py32f07x_it.o(.text.SysTick_Handler)
    SystemInit                               0x08002125   Thumb Code    36  system_py32f07x.o(.text.SystemInit)
    USBD_IRQHandler                          0x08002159   Thumb Code   716  usb_dc_py32.o(.text.USBD_IRQHandler)
    USB_IRQHandler                           0x08002435   Thumb Code     8  py32f07x_it.o(.text.USB_IRQHandler)
    crc_calculate                            0x0800243d   Thumb Code    48  crc.o(.text.crc_calculate)
    hid_custom_dfu_read_data                 0x08002475   Thumb Code   108  usbd_hid_inout_if.o(.text.hid_custom_dfu_read_data)
    hid_custom_dfu_send_data                 0x080024e5   Thumb Code   160  usbd_hid_inout_if.o(.text.hid_custom_dfu_send_data)
    main                                     0x08002589   Thumb Code   176  main.o(.text.main)
    usbd_configure_done_callback             0x08002651   Thumb Code    16  usbd_hid_inout_if.o(.text.usbd_configure_done_callback)
    usbd_ep_clear_stall                      0x08002665   Thumb Code    88  usb_dc_py32.o(.text.usbd_ep_clear_stall)
    usbd_ep_close                            0x080026c1   Thumb Code     4  usb_dc_py32.o(.text.usbd_ep_close)
    usbd_ep_open                             0x080026c5   Thumb Code   248  usb_dc_py32.o(.text.usbd_ep_open)
    usbd_ep_set_stall                        0x080027bd   Thumb Code    84  usb_dc_py32.o(.text.usbd_ep_set_stall)
    usbd_ep_start_read                       0x08002811   Thumb Code    96  usb_dc_py32.o(.text.usbd_ep_start_read)
    usbd_ep_start_write                      0x08002875   Thumb Code   220  usb_dc_py32.o(.text.usbd_ep_start_write)
    usbd_event_ep0_setup_complete_handler    0x0800295d   Thumb Code   180  usbd_core.o(.text.usbd_event_ep0_setup_complete_handler)
    usbd_event_ep_in_complete_handler        0x08002a11   Thumb Code   100  usbd_core.o(.text.usbd_event_ep_in_complete_handler)
    usbd_event_ep_out_complete_handler       0x08002a75   Thumb Code    92  usbd_core.o(.text.usbd_event_ep_out_complete_handler)
    usbd_event_reset_handler                 0x08002ad1   Thumb Code    72  usbd_core.o(.text.usbd_event_reset_handler)
    usbd_set_address                         0x08002b21   Thumb Code    20  usb_dc_py32.o(.text.usbd_set_address)
    __scatterload_copy                       0x08002fe5   Thumb Code    14  handlers.o(i.__scatterload_copy)
    __scatterload_null                       0x08002ff3   Thumb Code     2  handlers.o(i.__scatterload_null)
    __scatterload_zeroinit                   0x08002ff5   Thumb Code    14  handlers.o(i.__scatterload_zeroinit)
    AHBPrescTable                            0x08003018   Data          64  system_py32f07x.o(.rodata.AHBPrescTable)
    BOOTLOADER_CMD                           0x08003058   Data          12  app_bootloader.o(.rodata.BOOTLOADER_CMD)
    HSIFreqTable                             0x08003064   Data          32  system_py32f07x.o(.rodata.HSIFreqTable)
    Region$$Table$$Base                      0x08003084   Number         0  anon$$obj.o(Region$$Table)
    Region$$Table$$Limit                     0x080030a4   Number         0  anon$$obj.o(Region$$Table)
    BUTTON_PORT                              0x20000000   Data           4  py32f072xx_start_kit.o(.data.BUTTON_PORT)
    LED_PORT                                 0x20000004   Data           4  py32f072xx_start_kit.o(.data.LED_PORT)
    SystemCoreClock                          0x20000008   Data           4  system_py32f07x.o(.data.SystemCoreClock)
    uwTickFreq                               0x2000000c   Data           4  py32f07x_hal.o(.data.uwTickFreq)
    uwTickPrio                               0x20000010   Data           4  py32f07x_hal.o(.data.uwTickPrio)
    guc_usbd_read_buffer                     0x20000014   Data          64  usbd_hid_inout_if.o(.noncacheable)
    usbd_core_cfg                            0x20000054   Data         352  usbd_core.o(.noncacheable)
    CrcHandle                                0x200001c0   Data           8  crc.o(.bss.CrcHandle)
    g_pyusb_udc                              0x200001e0   Data         384  usb_dc_py32.o(.bss.g_pyusb_udc)
    guc_InterfaceDetection                   0x20000360   Data           1  app_bootloader.o(.bss.guc_InterfaceDetection)
    guc_usbd_hid_custom_out_callback_flag    0x20000361   Data           1  usbd_hid_inout_if.o(.bss.guc_usbd_hid_custom_out_callback_flag)
    usbd_intf_head                           0x20000370   Data           4  usbd_core.o(.bss.usbd_intf_head)
    uwTick                                   0x20000374   Data           4  py32f07x_hal.o(.bss.uwTick)
    __initial_sp                             0x20000778   Data           0  startup_py32f072xx.o(STACK)



==============================================================================

Memory Map of the image

  Image Entry point : 0x080000c1

  Load Region LR_IROM1 (Base: 0x08000000, Size: 0x00003280, Max: 0x00004000, ABSOLUTE, COMPRESSED[0x000030e0])

    Execution Region ER_IROM1 (Exec base: 0x08000000, Load base: 0x08000000, Size: 0x000030a4, Max: 0x00004000, ABSOLUTE)

    Exec Addr    Load Addr    Size         Type   Attr      Idx    E Section Name        Object

    0x08000000   0x08000000   0x000000c0   Data   RO            3    RESET               startup_py32f072xx.o
    0x080000c0   0x080000c0   0x00000000   Code   RO          880  * .ARM.Collect$$$$00000000  mc_p.l(entry.o)
    0x080000c0   0x080000c0   0x00000004   Code   RO          895    .ARM.Collect$$$$00000001  mc_p.l(entry2.o)
    0x080000c4   0x080000c4   0x00000004   Code   RO          898    .ARM.Collect$$$$00000004  mc_p.l(entry5.o)
    0x080000c8   0x080000c8   0x00000000   Code   RO          900    .ARM.Collect$$$$00000008  mc_p.l(entry7b.o)
    0x080000c8   0x080000c8   0x00000000   Code   RO          902    .ARM.Collect$$$$0000000A  mc_p.l(entry8b.o)
    0x080000c8   0x080000c8   0x00000008   Code   RO          903    .ARM.Collect$$$$0000000B  mc_p.l(entry9a.o)
    0x080000d0   0x080000d0   0x00000000   Code   RO          905    .ARM.Collect$$$$0000000D  mc_p.l(entry10a.o)
    0x080000d0   0x080000d0   0x00000000   Code   RO          907    .ARM.Collect$$$$0000000F  mc_p.l(entry11a.o)
    0x080000d0   0x080000d0   0x00000004   Code   RO          896    .ARM.Collect$$$$00002712  mc_p.l(entry2.o)
    0x080000d4   0x080000d4   0x0000001c   Code   RO            4    .text               startup_py32f072xx.o
    0x080000f0   0x080000f0   0x00000024   Code   RO          889    .text               mc_p.l(memcpya.o)
    0x08000114   0x08000114   0x00000024   Code   RO          891    .text               mc_p.l(memseta.o)
    0x08000138   0x08000138   0x0000003e   Code   RO          913    .text               mc_p.l(uidiv_div0.o)
    0x08000176   0x08000176   0x00000002   PAD
    0x08000178   0x08000178   0x00000024   Code   RO          919    .text               mc_p.l(init.o)
    0x0800019c   0x0800019c   0x0000003a   Code   RO          929    .text               mc_p.l(__dczerorl.o)
    0x080001d6   0x080001d6   0x00000002   PAD
    0x080001d8   0x080001d8   0x00000040   Code   RO          121    .text.APP_Bootloader_Go  app_bootloader.o
    0x08000218   0x08000218   0x00000044   Code   RO           95    .text.APP_Bootloader_Init  app_bootloader.o
    0x0800025c   0x0800025c   0x00000578   Code   RO           99    .text.APP_Bootloader_ProtocolDetection  app_bootloader.o
    0x080007d4   0x080007d4   0x00000054   Code   RO          115    .text.APP_Bootloader_ReadData  app_bootloader.o
    0x08000828   0x08000828   0x00000014   Code   RO           97    .text.APP_Bootloader_SendByte  app_bootloader.o
    0x0800083c   0x0800083c   0x00000064   Code   RO          111    .text.APP_Bootloader_SendData  app_bootloader.o
    0x080008a0   0x080008a0   0x000000dc   Code   RO          107    .text.APP_ExtendedErase  app_bootloader.o
    0x0800097c   0x0800097c   0x00000158   Code   RO          103    .text.APP_Go        app_bootloader.o
    0x08000ad4   0x08000ad4   0x00000094   Code   RO          156    .text.APP_I2C_ReadData  app_i2c.o
    0x08000b68   0x08000b68   0x00000094   Code   RO          154    .text.APP_I2C_SendData  app_i2c.o
    0x08000bfc   0x08000bfc   0x00000078   Code   RO          138    .text.APP_MassErase  app_flash.o
    0x08000c74   0x08000c74   0x000000a0   Code   RO          142    .text.APP_PageErase  app_flash.o
    0x08000d14   0x08000d14   0x000000b0   Code   RO          101    .text.APP_ReadMemory  app_bootloader.o
    0x08000dc4   0x08000dc4   0x00000068   Code   RO          140    .text.APP_SectorErase  app_flash.o
    0x08000e2c   0x08000e2c   0x00000144   Code   RO          168    .text.APP_USART_InitRx  app_usart.o
    0x08000f70   0x08000f70   0x000000d4   Code   RO          170    .text.APP_USART_InitTx  app_usart.o
    0x08001044   0x08001044   0x00000050   Code   RO          176    .text.APP_USART_ReadData  app_usart.o
    0x08001094   0x08001094   0x00000040   Code   RO          172    .text.APP_USART_SendData  app_usart.o
    0x080010d4   0x080010d4   0x00000048   Code   RO          187    .text.APP_WDG_Init  app_wdg.o
    0x0800111c   0x0800111c   0x00000020   Code   RO          189    .text.APP_WDG_Refresh  app_wdg.o
    0x0800113c   0x0800113c   0x0000010c   Code   RO          134    .text.APP_WriteFlash  app_flash.o
    0x08001248   0x08001248   0x00000110   Code   RO          105    .text.APP_WriteMemory  app_bootloader.o
    0x08001358   0x08001358   0x00000124   Code   RO          136    .text.APP_WriteOption  app_flash.o
    0x0800147c   0x0800147c   0x00000068   Code   RO          109    .text.APP_WriteProtect  app_bootloader.o
    0x080014e4   0x080014e4   0x00000040   Code   RO          215    .text.BSP_LED_Init  py32f072xx_start_kit.o
    0x08001524   0x08001524   0x00000014   Code   RO          223    .text.BSP_LED_Toggle  py32f072xx_start_kit.o
    0x08001538   0x08001538   0x00000010   Code   RO          229    .text.BSP_PB_GetState  py32f072xx_start_kit.o
    0x08001548   0x08001548   0x00000070   Code   RO          225    .text.BSP_PB_Init   py32f072xx_start_kit.o
    0x080015b8   0x080015b8   0x00000160   Code   RO          117    .text.GetAddressArea  app_bootloader.o
    0x08001718   0x08001718   0x00000024   Code   RO          759    .text.HAL_CRC_Calculate  py32f07x_hal_crc.o
    0x0800173c   0x0800173c   0x00000024   Code   RO          749    .text.HAL_CRC_Init  py32f07x_hal_crc.o
    0x08001760   0x08001760   0x00000020   Code   RO           34    .text.HAL_CRC_MspInit  py32f07x_hal_msp.o
    0x08001780   0x08001780   0x00000194   Code   RO          388    .text.HAL_GPIO_Init  py32f07x_hal_gpio.o
    0x08001914   0x08001914   0x0000000a   Code   RO          392    .text.HAL_GPIO_ReadPin  py32f07x_hal_gpio.o
    0x0800191e   0x0800191e   0x00000012   Code   RO          396    .text.HAL_GPIO_TogglePin  py32f07x_hal_gpio.o
    0x08001930   0x08001930   0x00000010   Code   RO          394    .text.HAL_GPIO_WritePin  py32f07x_hal_gpio.o
    0x08001940   0x08001940   0x00000008   Code   RO          263    .text.HAL_GetTick   py32f07x_hal.o
    0x08001948   0x08001948   0x00000014   Code   RO          261    .text.HAL_IncTick   py32f07x_hal.o
    0x0800195c   0x0800195c   0x00000018   Code   RO          251    .text.HAL_Init      py32f07x_hal.o
    0x08001974   0x08001974   0x00000044   Code   RO          253    .text.HAL_InitTick  py32f07x_hal.o
    0x080019b8   0x080019b8   0x0000002c   Code   RO           32    .text.HAL_MspInit   py32f07x_hal_msp.o
    0x080019e4   0x080019e4   0x00000014   Code   RO          324    .text.HAL_NVIC_EnableIRQ  py32f07x_hal_cortex.o
    0x080019f8   0x080019f8   0x00000038   Code   RO          322    .text.HAL_NVIC_SetPriority  py32f07x_hal_cortex.o
    0x08001a30   0x08001a30   0x00000180   Code   RO          418    .text.HAL_RCC_ClockConfig  py32f07x_hal_rcc.o
    0x08001bb0   0x08001bb0   0x000000ac   Code   RO          416    .text.HAL_RCC_GetSysClockFreq  py32f07x_hal_rcc.o
    0x08001c5c   0x08001c5c   0x00000484   Code   RO          414    .text.HAL_RCC_OscConfig  py32f07x_hal_rcc.o
    0x080020e0   0x080020e0   0x00000034   Code   RO          330    .text.HAL_SYSTICK_Config  py32f07x_hal_cortex.o
    0x08002114   0x08002114   0x00000002   Code   RO           48    .text.HardFault_Handler  py32f07x_it.o
    0x08002116   0x08002116   0x00000002   Code   RO           46    .text.NMI_Handler   py32f07x_it.o
    0x08002118   0x08002118   0x00000002   Code   RO           52    .text.PendSV_Handler  py32f07x_it.o
    0x0800211a   0x0800211a   0x00000002   Code   RO           50    .text.SVC_Handler   py32f07x_it.o
    0x0800211c   0x0800211c   0x00000008   Code   RO           54    .text.SysTick_Handler  py32f07x_it.o
    0x08002124   0x08002124   0x00000034   Code   RO           11    .text.SystemInit    system_py32f07x.o
    0x08002158   0x08002158   0x000002dc   Code   RO          844    .text.USBD_IRQHandler  usb_dc_py32.o
    0x08002434   0x08002434   0x00000008   Code   RO           56    .text.USB_IRQHandler  py32f07x_it.o
    0x0800243c   0x0800243c   0x00000038   Code   RO          200    .text.crc_calculate  crc.o
    0x08002474   0x08002474   0x00000070   Code   RO           73    .text.hid_custom_dfu_read_data  usbd_hid_inout_if.o
    0x080024e4   0x080024e4   0x000000a4   Code   RO           71    .text.hid_custom_dfu_send_data  usbd_hid_inout_if.o
    0x08002588   0x08002588   0x000000c8   Code   RO           23    .text.main          main.o
    0x08002650   0x08002650   0x00000014   Code   RO           65    .text.usbd_configure_done_callback  usbd_hid_inout_if.o
    0x08002664   0x08002664   0x0000005c   Code   RO          836    .text.usbd_ep_clear_stall  usb_dc_py32.o
    0x080026c0   0x080026c0   0x00000004   Code   RO          832    .text.usbd_ep_close  usb_dc_py32.o
    0x080026c4   0x080026c4   0x000000f8   Code   RO          830    .text.usbd_ep_open  usb_dc_py32.o
    0x080027bc   0x080027bc   0x00000054   Code   RO          834    .text.usbd_ep_set_stall  usb_dc_py32.o
    0x08002810   0x08002810   0x00000064   Code   RO          842    .text.usbd_ep_start_read  usb_dc_py32.o
    0x08002874   0x08002874   0x000000e8   Code   RO          840    .text.usbd_ep_start_write  usb_dc_py32.o
    0x0800295c   0x0800295c   0x000000b4   Code   RO          781    .text.usbd_event_ep0_setup_complete_handler  usbd_core.o
    0x08002a10   0x08002a10   0x00000064   Code   RO          785    .text.usbd_event_ep_in_complete_handler  usbd_core.o
    0x08002a74   0x08002a74   0x0000005c   Code   RO          787    .text.usbd_event_ep_out_complete_handler  usbd_core.o
    0x08002ad0   0x08002ad0   0x00000050   Code   RO          779    .text.usbd_event_reset_handler  usbd_core.o
    0x08002b20   0x08002b20   0x0000001c   Code   RO          828    .text.usbd_set_address  usb_dc_py32.o
    0x08002b3c   0x08002b3c   0x000004a8   Code   RO          783    .text.usbd_setup_request_handler  usbd_core.o
    0x08002fe4   0x08002fe4   0x0000000e   Code   RO          923    i.__scatterload_copy  mc_p.l(handlers.o)
    0x08002ff2   0x08002ff2   0x00000002   Code   RO          924    i.__scatterload_null  mc_p.l(handlers.o)
    0x08002ff4   0x08002ff4   0x0000000e   Code   RO          925    i.__scatterload_zeroinit  mc_p.l(handlers.o)
    0x08003002   0x08003002   0x00000002   PAD
    0x08003004   0x08003004   0x00000014   Data   RO          442    .rodata..L__const.HAL_RCC_GetSysClockFreq.hsiValue  py32f07x_hal_rcc.o
    0x08003018   0x08003018   0x00000040   Data   RO           14    .rodata.AHBPrescTable  system_py32f07x.o
    0x08003058   0x08003058   0x0000000c   Data   RO          125    .rodata.BOOTLOADER_CMD  app_bootloader.o
    0x08003064   0x08003064   0x00000020   Data   RO           16    .rodata.HSIFreqTable  system_py32f07x.o
    0x08003084   0x08003084   0x00000020   Data   RO          922    Region$$Table       anon$$obj.o


    Execution Region RW_IRAM1 (Exec base: 0x20000000, Load base: 0x080030c0, Size: 0x00000778, Max: 0x00002000, ABSOLUTE, COMPRESSED[0x00000020])

    Exec Addr    Load Addr    Size         Type   Attr      Idx    E Section Name        Object

    0x20000000   COMPRESSED   0x00000004   Data   RW          239    .data.BUTTON_PORT   py32f072xx_start_kit.o
    0x20000004   COMPRESSED   0x00000004   Data   RW          237    .data.LED_PORT      py32f072xx_start_kit.o
    0x20000008   COMPRESSED   0x00000004   Data   RW           13    .data.SystemCoreClock  system_py32f07x.o
    0x2000000c   COMPRESSED   0x00000004   Data   RW          312    .data.uwTickFreq    py32f07x_hal.o
    0x20000010   COMPRESSED   0x00000004   Data   RW          311    .data.uwTickPrio    py32f07x_hal.o
    0x20000014   COMPRESSED   0x00000040   Data   RW           80    .noncacheable       usbd_hid_inout_if.o
    0x20000054   COMPRESSED   0x00000160   Data   RW          808    .noncacheable       usbd_core.o
    0x200001b4   COMPRESSED   0x0000000c   PAD
    0x200001c0        -       0x00000008   Zero   RW          203    .bss.CrcHandle      crc.o
    0x200001c8        -       0x00000004   Zero   RW          178    .bss.app_blink.counter  app_usart.o
    0x200001cc        -       0x00000004   Zero   RW          811    .bss.bos_desc       usbd_core.o
    0x200001d0        -       0x00000001   Zero   RW           86    .bss.custom_state   usbd_hid_inout_if.o
    0x200001d1   COMPRESSED   0x0000000f   PAD
    0x200001e0        -       0x00000180   Zero   RW          847    .bss.g_pyusb_udc    usb_dc_py32.o
    0x20000360        -       0x00000001   Zero   RW          123    .bss.guc_InterfaceDetection  app_bootloader.o
    0x20000361        -       0x00000001   Zero   RW           79    .bss.guc_usbd_hid_custom_out_callback_flag  usbd_hid_inout_if.o
    0x20000362   COMPRESSED   0x00000002   PAD
    0x20000364        -       0x00000004   Zero   RW          809    .bss.msosv1_desc    usbd_core.o
    0x20000368        -       0x00000004   Zero   RW          810    .bss.msosv2_desc    usbd_core.o
    0x2000036c        -       0x00000001   Zero   RW          848    .bss.usb_ep0_state  usb_dc_py32.o
    0x2000036d   COMPRESSED   0x00000003   PAD
    0x20000370        -       0x00000004   Zero   RW          807    .bss.usbd_intf_head  usbd_core.o
    0x20000374        -       0x00000004   Zero   RW          313    .bss.uwTick         py32f07x_hal.o
    0x20000378        -       0x00000400   Zero   RW            1    STACK               startup_py32f072xx.o


==============================================================================

Image component sizes


      Code (inc. data)   RO Data    RW Data    ZI Data      Debug   Object Name

      3204       1078         12          0          1      10786   app_bootloader.o
       944         56          0          0          0       5521   app_flash.o
       296          8          0          0          0       2871   app_i2c.o
       680         52          0          0          4       3117   app_usart.o
       104         24          0          0          0       1613   app_wdg.o
        56          8          0          0          8       2135   crc.o
       200         24          0          0          0       2443   main.o
       212         16          0          8          0       8084   py32f072xx_start_kit.o
       120          8          0          8          4       7116   py32f07x_hal.o
       128         24          0          0          0       5450   py32f07x_hal_cortex.o
        72          0          0          0          0       3050   py32f07x_hal_crc.o
       448         20          0          0          0       4450   py32f07x_hal_gpio.o
        76          8          0          0          0       2172   py32f07x_hal_msp.o
      1712        112         20          0          0       8824   py32f07x_hal_rcc.o
        24          0          0          0          0        791   py32f07x_it.o
        28          8        192          0       1024        624   startup_py32f072xx.o
        52         16         96          4          0       1629   system_py32f07x.o
      1520         72          0          0        385       9716   usb_dc_py32.o
      1644         84          0        352         16      13193   usbd_core.o
       296         12          0         64          2       4099   usbd_hid_inout_if.o

    ----------------------------------------------------------------------
     11816       1630        352        436       1476      97684   Object Totals
         0          0         32          0          0          0   (incl. Generated)
         0          0          0          0         32          0   (incl. Padding)

    ----------------------------------------------------------------------

      Code (inc. data)   RO Data    RW Data    ZI Data      Debug   Library Member Name

        58          0          0          0          0          0   __dczerorl.o
         0          0          0          0          0          0   entry.o
         0          0          0          0          0          0   entry10a.o
         0          0          0          0          0          0   entry11a.o
         8          4          0          0          0          0   entry2.o
         4          0          0          0          0          0   entry5.o
         0          0          0          0          0          0   entry7b.o
         0          0          0          0          0          0   entry8b.o
         8          4          0          0          0          0   entry9a.o
        30          0          0          0          0          0   handlers.o
        36          8          0          0          0         68   init.o
        36          0          0          0          0         60   memcpya.o
        36          0          0          0          0        100   memseta.o
        62          0          0          0          0         72   uidiv_div0.o

    ----------------------------------------------------------------------
       284         16          0          0          0        300   Library Totals
         6          0          0          0          0          0   (incl. Padding)

    ----------------------------------------------------------------------

      Code (inc. data)   RO Data    RW Data    ZI Data      Debug   Library Name

       278         16          0          0          0        300   mc_p.l

    ----------------------------------------------------------------------
       284         16          0          0          0        300   Library Totals

    ----------------------------------------------------------------------

==============================================================================


      Code (inc. data)   RO Data    RW Data    ZI Data      Debug   

     12100       1646        352        436       1476      97804   Grand Totals
     12100       1646        352         32       1476      97804   ELF Image Totals (compressed)
     12100       1646        352         32          0          0   ROM Totals

==============================================================================

    Total RO  Size (Code + RO Data)                12452 (  12.16kB)
    Total RW  Size (RW Data + ZI Data)              1912 (   1.87kB)
    Total ROM Size (Code + RO Data + RW Data)      12484 (  12.19kB)

==============================================================================

