Component: ARM Compiler 5.06 update 4 (build 422) Tool: armlink [4d35d2]

==============================================================================

Section Cross References

    startup_py32f072xx.o(RESET) refers to startup_py32f072xx.o(STACK) for __initial_sp
    startup_py32f072xx.o(RESET) refers to startup_py32f072xx.o(.text) for Reset_Handler
    startup_py32f072xx.o(RESET) refers to py32f07x_it.o(i.NMI_Handler) for NMI_Handler
    startup_py32f072xx.o(RESET) refers to py32f07x_it.o(i.HardFault_Handler) for HardFault_Handler
    startup_py32f072xx.o(RESET) refers to py32f07x_it.o(i.SVC_Handler) for SVC_Handler
    startup_py32f072xx.o(RESET) refers to py32f07x_it.o(i.PendSV_Handler) for PendSV_Handler
    startup_py32f072xx.o(RESET) refers to py32f07x_it.o(i.SysTick_Handler) for SysTick_Handler
    startup_py32f072xx.o(RESET) refers to py32f07x_it.o(i.USB_IRQHandler) for USB_IRQHandler
    startup_py32f072xx.o(.text) refers to system_py32f07x.o(i.SystemInit) for SystemInit
    startup_py32f072xx.o(.text) refers to entry.o(.ARM.Collect$$$$00000000) for __main
    main.o(i.APP_SystemClockConfig) refers to memseta.o(.text) for __aeabi_memclr4
    main.o(i.APP_SystemClockConfig) refers to py32f07x_hal_rcc.o(i.HAL_RCC_OscConfig) for HAL_RCC_OscConfig
    main.o(i.APP_SystemClockConfig) refers to main.o(i.NVIC_SystemReset) for NVIC_SystemReset
    main.o(i.APP_SystemClockConfig) refers to py32f07x_hal_rcc.o(i.HAL_RCC_ClockConfig) for HAL_RCC_ClockConfig
    main.o(i.main) refers to app_wdg.o(i.APP_WDG_Init) for APP_WDG_Init
    main.o(i.main) refers to py32f07x_hal.o(i.HAL_Init) for HAL_Init
    main.o(i.main) refers to py32f072xx_start_kit.o(i.BSP_PB_Init) for BSP_PB_Init
    main.o(i.main) refers to py32f072xx_start_kit.o(i.BSP_LED_Init) for BSP_LED_Init
    main.o(i.main) refers to py32f072xx_start_kit.o(i.BSP_PB_GetState) for BSP_PB_GetState
    main.o(i.main) refers to app_bootloader.o(i.APP_Bootloader_Go) for APP_Bootloader_Go
    main.o(i.main) refers to main.o(i.APP_SystemClockConfig) for APP_SystemClockConfig
    main.o(i.main) refers to app_usart.o(i.APP_USART_InitRx) for APP_USART_InitRx
    main.o(i.main) refers to app_bootloader.o(i.APP_Bootloader_Init) for APP_Bootloader_Init
    main.o(i.main) refers to app_bootloader.o(i.APP_Bootloader_ProtocolDetection) for APP_Bootloader_ProtocolDetection
    py32f07x_it.o(i.SysTick_Handler) refers to py32f07x_hal.o(i.HAL_IncTick) for HAL_IncTick
    py32f07x_it.o(i.USB_IRQHandler) refers to usb_dc_py32.o(i.USBD_IRQHandler) for USBD_IRQHandler
    usbd_hid_inout_if.o(i.hid_custom_dfu_init) refers to usbd_core.o(i.usbd_desc_register) for usbd_desc_register
    usbd_hid_inout_if.o(i.hid_custom_dfu_init) refers to usbd_hid.o(i.usbd_hid_init_intf) for usbd_hid_init_intf
    usbd_hid_inout_if.o(i.hid_custom_dfu_init) refers to usbd_core.o(i.usbd_add_interface) for usbd_add_interface
    usbd_hid_inout_if.o(i.hid_custom_dfu_init) refers to usbd_core.o(i.usbd_add_endpoint) for usbd_add_endpoint
    usbd_hid_inout_if.o(i.hid_custom_dfu_init) refers to usbd_core.o(i.usbd_initialize) for usbd_initialize
    usbd_hid_inout_if.o(i.hid_custom_dfu_init) refers to usbd_hid_inout_if.o(.constdata) for .constdata
    usbd_hid_inout_if.o(i.hid_custom_dfu_init) refers to usbd_hid_inout_if.o(.bss) for .bss
    usbd_hid_inout_if.o(i.hid_custom_dfu_init) refers to usbd_hid_inout_if.o(.data) for .data
    usbd_hid_inout_if.o(i.hid_custom_dfu_read_data) refers to app_wdg.o(i.APP_WDG_Refresh) for APP_WDG_Refresh
    usbd_hid_inout_if.o(i.hid_custom_dfu_read_data) refers to memcpya.o(.text) for __aeabi_memcpy
    usbd_hid_inout_if.o(i.hid_custom_dfu_read_data) refers to usbd_hid_inout_if.o(.data) for .data
    usbd_hid_inout_if.o(i.hid_custom_dfu_read_data) refers to usbd_hid_inout_if.o(.noncacheable) for .noncacheable
    usbd_hid_inout_if.o(i.hid_custom_dfu_send_data) refers to usb_dc_py32.o(i.usbd_ep_start_write) for usbd_ep_start_write
    usbd_hid_inout_if.o(i.hid_custom_dfu_send_data) refers to app_wdg.o(i.APP_WDG_Refresh) for APP_WDG_Refresh
    usbd_hid_inout_if.o(i.hid_custom_dfu_send_data) refers to memseta.o(.text) for __aeabi_memclr4
    usbd_hid_inout_if.o(i.hid_custom_dfu_send_data) refers to memcpya.o(.text) for __aeabi_memcpy
    usbd_hid_inout_if.o(i.hid_custom_dfu_send_data) refers to usbd_hid_inout_if.o(.data) for .data
    usbd_hid_inout_if.o(i.hid_custom_dfu_shake_hands_check) refers to usbd_hid_inout_if.o(.data) for .data
    usbd_hid_inout_if.o(i.hid_custom_dfu_shake_hands_check) refers to usbd_hid_inout_if.o(.noncacheable) for .noncacheable
    usbd_hid_inout_if.o(i.usbd_configure_done_callback) refers to usb_dc_py32.o(i.usbd_ep_start_read) for usbd_ep_start_read
    usbd_hid_inout_if.o(i.usbd_configure_done_callback) refers to usbd_hid_inout_if.o(.noncacheable) for .noncacheable
    usbd_hid_inout_if.o(i.usbd_hid_custom_in_callback) refers to usbd_hid_inout_if.o(.data) for .data
[...]
    usb_dc_py32.o(i.usbd_ep_set_stall) refers to usb_dc_py32.o(.data) for .data
    usb_dc_py32.o(i.usbd_ep_start_read) refers to usb_dc_py32.o(i.pyusb_get_active_ep) for pyusb_get_active_ep
    usb_dc_py32.o(i.usbd_ep_start_read) refers to usb_dc_py32.o(i.pyusb_set_active_ep) for pyusb_set_active_ep
    usb_dc_py32.o(i.usbd_ep_start_read) refers to usb_dc_py32.o(.bss) for .bss
    usb_dc_py32.o(i.usbd_ep_start_read) refers to usb_dc_py32.o(.data) for .data
    usb_dc_py32.o(i.usbd_ep_start_write) refers to usb_dc_py32.o(i.pyusb_get_active_ep) for pyusb_get_active_ep
    usb_dc_py32.o(i.usbd_ep_start_write) refers to usb_dc_py32.o(i.pyusb_set_active_ep) for pyusb_set_active_ep
    usb_dc_py32.o(i.usbd_ep_start_write) refers to usb_dc_py32.o(i.pyusb_write_packet) for pyusb_write_packet
    usb_dc_py32.o(i.usbd_ep_start_write) refers to usb_dc_py32.o(.bss) for .bss
    usb_dc_py32.o(i.usbd_ep_start_write) refers to usb_dc_py32.o(.data) for .data
    usb_dc_py32.o(i.usbd_set_address) refers to usb_dc_py32.o(.bss) for .bss
    usbd_hid.o(i.hid_class_interface_request_handler) refers to app_bootloader.o(i.__ARM_common_switch8) for __ARM_common_switch8
    usbd_hid.o(i.hid_class_interface_request_handler) refers to usbd_hid.o(i.usbh_hid_get_report) for usbh_hid_get_report
    usbd_hid.o(i.hid_class_interface_request_handler) refers to usbd_hid.o(i.usbh_hid_get_idle) for usbh_hid_get_idle
    usbd_hid.o(i.hid_class_interface_request_handler) refers to usbd_hid.o(i.usbh_hid_get_protocol) for usbh_hid_get_protocol
    usbd_hid.o(i.hid_class_interface_request_handler) refers to usbd_hid.o(i.usbh_hid_set_report) for usbh_hid_set_report
    usbd_hid.o(i.hid_class_interface_request_handler) refers to usbd_hid.o(i.usbh_hid_set_idle) for usbh_hid_set_idle
    usbd_hid.o(i.hid_class_interface_request_handler) refers to usbd_hid.o(i.usbh_hid_set_protocol) for usbh_hid_set_protocol
    usbd_hid.o(i.usbd_hid_init_intf) refers to usbd_hid.o(i.hid_class_interface_request_handler) for hid_class_interface_request_handler
    entry.o(.ARM.Collect$$$$00000000) refers (Special) to entry10a.o(.ARM.Collect$$$$0000000D) for __rt_final_cpp
    entry.o(.ARM.Collect$$$$00000000) refers (Special) to entry11a.o(.ARM.Collect$$$$0000000F) for __rt_final_exit
    entry.o(.ARM.Collect$$$$00000000) refers (Special) to entry7b.o(.ARM.Collect$$$$00000008) for _main_clock
    entry.o(.ARM.Collect$$$$00000000) refers (Special) to entry8b.o(.ARM.Collect$$$$0000000A) for _main_cpp_init
    entry.o(.ARM.Collect$$$$00000000) refers (Special) to entry9a.o(.ARM.Collect$$$$0000000B) for _main_init
    entry.o(.ARM.Collect$$$$00000000) refers (Special) to entry5.o(.ARM.Collect$$$$00000004) for _main_scatterload
    entry.o(.ARM.Collect$$$$00000000) refers (Special) to entry2.o(.ARM.Collect$$$$00000001) for _main_stk
    malloc.o(i.free) refers to mvars.o(.data) for __microlib_freelist
    malloc.o(i.malloc) refers to mvars.o(.data) for __microlib_freelist_initialised
    malloc.o(i.malloc) refers to mvars.o(.data) for __microlib_freelist
    malloc.o(i.malloc) refers to startup_py32f072xx.o(HEAP) for __heap_base
    mallocr.o(i.__free$realloc) refers to mvars.o(.data) for __microlib_freelist
    mallocr.o(i.__malloc$realloc) refers to mallocr.o(i.internal_alloc) for internal_alloc
    mallocr.o(i.__malloc$realloc) refers to mvars.o(.data) for __microlib_freelist_initialised
    mallocr.o(i.__malloc$realloc) refers to startup_py32f072xx.o(HEAP) for __heap_base
    mallocr.o(i.__malloc$realloc) refers to mvars.o(.data) for __microlib_freelist
    mallocr.o(i.internal_alloc) refers to memcpya.o(.text) for __aeabi_memcpy
    mallocr.o(i.internal_alloc) refers to mvars.o(.data) for __microlib_freelist
    mallocr.o(i.realloc) refers to mallocr.o(i.__free$realloc) for __free$realloc
    mallocr.o(i.realloc) refers to mallocr.o(i.internal_alloc) for internal_alloc
    mallocr.o(i.realloc) refers to mallocr.o(i.__malloc$realloc) for __malloc$realloc
    mallocr.o(i.realloc) refers to mvars.o(.data) for __microlib_freelist
    malloca.o(i.__aligned_malloc) refers to mvars.o(.data) for __microlib_freelist
    malloca.o(i.__aligned_malloc) refers to mvars.o(.data) for __microlib_freelist_initialised
    malloca.o(i.__aligned_malloc) refers to startup_py32f072xx.o(HEAP) for __heap_base
    malloca.o(i.__free$memalign) refers to mvars.o(.data) for __microlib_freelist
    malloca.o(i.__malloc$memalign) refers to malloca.o(i.__aligned_malloc) for __aligned_malloc
    mallocra.o(i.__aligned_malloc$realloc) refers to mallocra.o(i.internal_alloc) for internal_alloc
    mallocra.o(i.__aligned_malloc$realloc) refers to startup_py32f072xx.o(HEAP) for __heap_base
    mallocra.o(i.__aligned_malloc$realloc) refers to mvars.o(.data) for __microlib_freelist
    mallocra.o(i.__aligned_malloc$realloc) refers to mvars.o(.data) for __microlib_freelist_initialised
    mallocra.o(i.__free$realloc$memalign) refers to mvars.o(.data) for __microlib_freelist
    mallocra.o(i.__malloc$realloc$memalign) refers to mallocra.o(i.__aligned_malloc$realloc) for __aligned_malloc$realloc
    mallocra.o(i.__realloc$memalign) refers to mallocra.o(i.__free$realloc$memalign) for __free$realloc$memalign
    mallocra.o(i.__realloc$memalign) refers to mallocra.o(i.internal_alloc) for internal_alloc
    mallocra.o(i.__realloc$memalign) refers to mallocra.o(i.__malloc$realloc$memalign) for __malloc$realloc$memalign
    mallocra.o(i.__realloc$memalign) refers to mvars.o(.data) for __microlib_freelist
    mallocra.o(i.internal_alloc) refers to memcpya.o(.text) for __aeabi_memcpy
    mallocra.o(i.internal_alloc) refers to mvars.o(.data) for __microlib_freelist
    entry2.o(.ARM.Collect$$$$00000001) refers to entry2.o(.ARM.Collect$$$$00002712) for __lit__00000000
    entry2.o(.ARM.Collect$$$$00002712) refers to startup_py32f072xx.o(STACK) for __initial_sp
    entry2.o(__vectab_stack_and_reset_area) refers to startup_py32f072xx.o(STACK) for __initial_sp
    entry2.o(__vectab_stack_and_reset_area) refers to entry.o(.ARM.Collect$$$$00000000) for __main
    entry5.o(.ARM.Collect$$$$00000004) refers to init.o(.text) for __scatterload
    entry9a.o(.ARM.Collect$$$$0000000B) refers to main.o(i.main) for main
    entry9b.o(.ARM.Collect$$$$0000000C) refers to main.o(i.main) for main
    init.o(.text) refers to entry5.o(.ARM.Collect$$$$00000004) for __main_after_scatterload


==============================================================================

Removing Unused input sections from the image.

    Removing system_py32f07x.o(.rev16_text), (4 bytes).
    Removing system_py32f07x.o(.revsh_text), (4 bytes).
    Removing system_py32f07x.o(.constdata), (32 bytes).
    Removing main.o(.rev16_text), (4 bytes).
    Removing main.o(.revsh_text), (4 bytes).
    Removing py32f07x_hal_msp.o(.rev16_text), (4 bytes).
    Removing py32f07x_hal_msp.o(.revsh_text), (4 bytes).
    Removing py32f07x_it.o(.rev16_text), (4 bytes).
    Removing py32f07x_it.o(.revsh_text), (4 bytes).
    Removing usbd_hid_inout_if.o(.rev16_text), (4 bytes).
    Removing usbd_hid_inout_if.o(.revsh_text), (4 bytes).
    Removing usbd_hid_inout_if.o(i.hid_custom_dfu_init), (56 bytes).
    Removing usbd_hid_inout_if.o(i.hid_custom_dfu_shake_hands_check), (48 bytes).
    Removing usbd_hid_inout_if.o(.bss), (32 bytes).
    Removing usbd_hid_inout_if.o(.constdata), (174 bytes).
    Removing app_bootloader.o(.rev16_text), (4 bytes).
    Removing app_bootloader.o(.revsh_text), (4 bytes).
    Removing app_flash.o(.rev16_text), (4 bytes).
    Removing app_flash.o(.revsh_text), (4 bytes).
    Removing app_i2c.o(.rev16_text), (4 bytes).
    Removing app_i2c.o(.revsh_text), (4 bytes).
    Removing app_i2c.o(i.APP_I2C_Init), (116 bytes).
    Removing app_i2c.o(i.APP_I2C_ShakeHandCheck), (120 bytes).
    Removing app_usart.o(.rev16_text), (4 bytes).
    Removing app_usart.o(.revsh_text), (4 bytes).
    Removing app_wdg.o(.rev16_text), (4 bytes).
    Removing app_wdg.o(.revsh_text), (4 bytes).
    Removing py32f072xx_start_kit.o(.rev16_text), (4 bytes).
    Removing py32f072xx_start_kit.o(.revsh_text), (4 bytes).
    Removing py32f072xx_start_kit.o(i.BSP_GetVersion), (6 bytes).
    Removing py32f072xx_start_kit.o(i.BSP_LED_DeInit), (44 bytes).
    Removing py32f072xx_start_kit.o(i.BSP_LED_Off), (32 bytes).
    Removing py32f072xx_start_kit.o(i.BSP_LED_On), (32 bytes).
    Removing py32f072xx_start_kit.o(i.BSP_PB_DeInit), (48 bytes).
    Removing py32f072xx_start_kit.o(i.BSP_USART_Config), (152 bytes).
    Removing py32f072xx_start_kit.o(i.fgetc), (24 bytes).
    Removing py32f072xx_start_kit.o(i.fputc), (24 bytes).
    Removing py32f072xx_start_kit.o(.bss), (76 bytes).
    Removing py32f07x_hal.o(.rev16_text), (4 bytes).
    Removing py32f07x_hal.o(.revsh_text), (4 bytes).
    Removing py32f07x_hal.o(i.HAL_DBGMCU_DisableDBGMCUSleepMode), (16 bytes).
    Removing py32f07x_hal.o(i.HAL_DBGMCU_DisableDBGMCUStopMode), (16 bytes).
    Removing py32f07x_hal.o(i.HAL_DBGMCU_EnableDBGMCUSleepMode), (16 bytes).
    Removing py32f07x_hal.o(i.HAL_DBGMCU_EnableDBGMCUStopMode), (16 bytes).
    Removing py32f07x_hal.o(i.HAL_DeInit), (40 bytes).
    Removing py32f07x_hal.o(i.HAL_Delay), (36 bytes).
    Removing py32f07x_hal.o(i.HAL_GetHalVersion), (6 bytes).
    Removing py32f07x_hal.o(i.HAL_GetREVID), (12 bytes).
    Removing py32f07x_hal.o(i.HAL_GetTickFreq), (12 bytes).
    Removing py32f07x_hal.o(i.HAL_GetTickPrio), (12 bytes).
    Removing py32f07x_hal.o(i.HAL_GetUIDw0), (12 bytes).
    Removing py32f07x_hal.o(i.HAL_GetUIDw1), (12 bytes).
    Removing py32f07x_hal.o(i.HAL_GetUIDw2), (12 bytes).
    Removing py32f07x_hal.o(i.HAL_MspDeInit), (2 bytes).
    Removing py32f07x_hal.o(i.HAL_MspInit), (2 bytes).
    Removing py32f07x_hal.o(i.HAL_ResumeTick), (16 bytes).
    Removing py32f07x_hal.o(i.HAL_SYSCFG_DisableGPIONoiseFilter), (76 bytes).
    Removing py32f07x_hal.o(i.HAL_SYSCFG_EnableGPIONoiseFilter), (76 bytes).
    Removing py32f07x_hal.o(i.HAL_SYSCFG_TIM1ETRSource), (20 bytes).
    Removing py32f07x_hal.o(i.HAL_SYSCFG_TIM1IC1Source), (20 bytes).
    Removing py32f07x_hal.o(i.HAL_SYSCFG_TIM2ETRSource), (20 bytes).
    Removing py32f07x_hal.o(i.HAL_SYSCFG_TIM2IC4Source), (20 bytes).
    Removing py32f07x_hal.o(i.HAL_SYSCFG_TIM3ETRSource), (20 bytes).
    Removing py32f07x_hal.o(i.HAL_SYSCFG_TIM3IC1Source), (20 bytes).
    Removing py32f07x_hal.o(i.HAL_SetTickFreq), (32 bytes).
    Removing py32f07x_hal.o(i.HAL_SuspendTick), (16 bytes).
    Removing py32f07x_hal_cortex.o(.rev16_text), (4 bytes).
    Removing py32f07x_hal_cortex.o(.revsh_text), (4 bytes).
    Removing py32f07x_hal_cortex.o(i.HAL_NVIC_ClearPendingIRQ), (20 bytes).
    Removing py32f07x_hal_cortex.o(i.HAL_NVIC_DisableIRQ), (20 bytes).
    Removing py32f07x_hal_cortex.o(i.HAL_NVIC_GetPendingIRQ), (28 bytes).
    Removing py32f07x_hal_cortex.o(i.HAL_NVIC_GetPriority), (60 bytes).
    Removing py32f07x_hal_cortex.o(i.HAL_NVIC_SetPendingIRQ), (20 bytes).
    Removing py32f07x_hal_cortex.o(i.HAL_NVIC_SystemReset), (28 bytes).
    Removing py32f07x_hal_cortex.o(i.HAL_SYSTICK_CLKSourceConfig), (28 bytes).
    Removing py32f07x_hal_cortex.o(i.HAL_SYSTICK_Callback), (2 bytes).
    Removing py32f07x_hal_cortex.o(i.HAL_SYSTICK_IRQHandler), (8 bytes).
    Removing py32f07x_hal_dma.o(.rev16_text), (4 bytes).
    Removing py32f07x_hal_dma.o(.revsh_text), (4 bytes).
    Removing py32f07x_hal_dma.o(i.DMA_SetConfig), (42 bytes).
    Removing py32f07x_hal_dma.o(i.HAL_DMA_Abort), (64 bytes).
    Removing py32f07x_hal_dma.o(i.HAL_DMA_Abort_IT), (100 bytes).
    Removing py32f07x_hal_dma.o(i.HAL_DMA_ChannelMap), (72 bytes).
    Removing py32f07x_hal_dma.o(i.HAL_DMA_DeInit), (96 bytes).
    Removing py32f07x_hal_dma.o(i.HAL_DMA_GetError), (4 bytes).
    Removing py32f07x_hal_dma.o(i.HAL_DMA_GetState), (6 bytes).
    Removing py32f07x_hal_dma.o(i.HAL_DMA_IRQHandler), (224 bytes).
    Removing py32f07x_hal_dma.o(i.HAL_DMA_Init), (104 bytes).
    Removing py32f07x_hal_dma.o(i.HAL_DMA_PollForTransfer), (320 bytes).
    Removing py32f07x_hal_dma.o(i.HAL_DMA_RegisterCallback), (74 bytes).
    Removing py32f07x_hal_dma.o(i.HAL_DMA_Start), (76 bytes).
    Removing py32f07x_hal_dma.o(i.HAL_DMA_Start_IT), (114 bytes).
    Removing py32f07x_hal_dma.o(i.HAL_DMA_UnRegisterCallback), (82 bytes).
    Removing py32f07x_hal_gpio.o(.rev16_text), (4 bytes).
    Removing py32f07x_hal_gpio.o(.revsh_text), (4 bytes).
    Removing py32f07x_hal_gpio.o(i.HAL_GPIO_DeInit), (192 bytes).
    Removing py32f07x_hal_gpio.o(i.HAL_GPIO_EXTI_Callback), (2 bytes).
    Removing py32f07x_hal_gpio.o(i.HAL_GPIO_EXTI_IRQHandler), (24 bytes).
    Removing py32f07x_hal_gpio.o(i.HAL_GPIO_LockPin), (40 bytes).
    Removing py32f07x_hal_rcc.o(.rev16_text), (4 bytes).
    Removing py32f07x_hal_rcc.o(.revsh_text), (4 bytes).
    Removing py32f07x_hal_rcc.o(i.HAL_RCC_CSSCallback), (2 bytes).
    Removing py32f07x_hal_rcc.o(i.HAL_RCC_DeInit), (172 bytes).
    Removing py32f07x_hal_rcc.o(i.HAL_RCC_DisableLSECSS), (16 bytes).
    Removing py32f07x_hal_rcc.o(i.HAL_RCC_EnableCSS), (20 bytes).
    Removing py32f07x_hal_rcc.o(i.HAL_RCC_EnableLSECSS), (16 bytes).
    Removing py32f07x_hal_rcc.o(i.HAL_RCC_GetClockConfig), (56 bytes).
    Removing py32f07x_hal_rcc.o(i.HAL_RCC_GetHCLKFreq), (12 bytes).
    Removing py32f07x_hal_rcc.o(i.HAL_RCC_GetOscConfig), (172 bytes).
    Removing py32f07x_hal_rcc.o(i.HAL_RCC_GetPCLK1Freq), (36 bytes).
    Removing py32f07x_hal_rcc.o(i.HAL_RCC_LSECSSCallback), (2 bytes).
    Removing py32f07x_hal_rcc.o(i.HAL_RCC_MCOConfig), (204 bytes).
    Removing py32f07x_hal_rcc.o(i.HAL_RCC_NMI_IRQHandler), (36 bytes).
    Removing py32f07x_hal_rcc_ex.o(.rev16_text), (4 bytes).
    Removing py32f07x_hal_rcc_ex.o(.revsh_text), (4 bytes).
    Removing py32f07x_hal_rcc_ex.o(i.HAL_RCCEx_DisableLSCO), (92 bytes).
    Removing py32f07x_hal_rcc_ex.o(i.HAL_RCCEx_EnableLSCO), (152 bytes).
    Removing py32f07x_hal_rcc_ex.o(i.HAL_RCCEx_GetPeriphCLKConfig), (128 bytes).
    Removing py32f07x_hal_rcc_ex.o(i.HAL_RCCEx_GetPeriphCLKFreq), (656 bytes).
    Removing py32f07x_hal_rcc_ex.o(i.HAL_RCCEx_PeriphCLKConfig), (360 bytes).
    Removing py32f07x_hal_rcc_ex.o(.constdata), (20 bytes).
    Removing py32f07x_hal_pwr.o(.rev16_text), (4 bytes).
    Removing py32f07x_hal_pwr.o(.revsh_text), (4 bytes).
    Removing py32f07x_hal_pwr.o(i.HAL_PWR_ConfigBIAS), (44 bytes).
    Removing py32f07x_hal_pwr.o(i.HAL_PWR_ConfigPVD), (124 bytes).
    Removing py32f07x_hal_pwr.o(i.HAL_PWR_ConfigStopMode), (36 bytes).
    Removing py32f07x_hal_pwr.o(i.HAL_PWR_DeInit), (24 bytes).
    Removing py32f07x_hal_pwr.o(i.HAL_PWR_DisableBkUpAccess), (16 bytes).
    Removing py32f07x_hal_pwr.o(i.HAL_PWR_DisablePVD), (16 bytes).
    Removing py32f07x_hal_pwr.o(i.HAL_PWR_DisableSEVOnPend), (16 bytes).
    Removing py32f07x_hal_pwr.o(i.HAL_PWR_DisableSleepOnExit), (16 bytes).
    Removing py32f07x_hal_pwr.o(i.HAL_PWR_EnableBkUpAccess), (16 bytes).
    Removing py32f07x_hal_pwr.o(i.HAL_PWR_EnablePVD), (16 bytes).
    Removing py32f07x_hal_pwr.o(i.HAL_PWR_EnableSEVOnPend), (16 bytes).
    Removing py32f07x_hal_pwr.o(i.HAL_PWR_EnableSleepOnExit), (16 bytes).
    Removing py32f07x_hal_pwr.o(i.HAL_PWR_EnterSLEEPMode), (32 bytes).
    Removing py32f07x_hal_pwr.o(i.HAL_PWR_EnterSTOPMode), (64 bytes).
    Removing py32f07x_hal_pwr.o(i.HAL_PWR_PVD_Callback), (2 bytes).
    Removing py32f07x_hal_pwr.o(i.HAL_PWR_PVD_IRQHandler), (28 bytes).
    Removing py32f07x_hal_i2c.o(.rev16_text), (4 bytes).
    Removing py32f07x_hal_i2c.o(.revsh_text), (4 bytes).
    Removing py32f07x_hal_i2c.o(i.HAL_I2C_AbortCpltCallback), (2 bytes).
    Removing py32f07x_hal_i2c.o(i.HAL_I2C_AddrCallback), (2 bytes).
    Removing py32f07x_hal_i2c.o(i.HAL_I2C_DeInit), (50 bytes).
    Removing py32f07x_hal_i2c.o(i.HAL_I2C_DisableListen_IT), (62 bytes).
    Removing py32f07x_hal_i2c.o(i.HAL_I2C_ER_IRQHandler), (204 bytes).
    Removing py32f07x_hal_i2c.o(i.HAL_I2C_EV_IRQHandler), (352 bytes).
    Removing py32f07x_hal_i2c.o(i.HAL_I2C_EnableListen_IT), (62 bytes).
    Removing py32f07x_hal_i2c.o(i.HAL_I2C_ErrorCallback), (2 bytes).
    Removing py32f07x_hal_i2c.o(i.HAL_I2C_GetError), (4 bytes).
    Removing py32f07x_hal_i2c.o(i.HAL_I2C_GetMode), (6 bytes).
    Removing py32f07x_hal_i2c.o(i.HAL_I2C_GetState), (6 bytes).
    Removing py32f07x_hal_i2c.o(i.HAL_I2C_Init), (388 bytes).
    Removing py32f07x_hal_i2c.o(i.HAL_I2C_IsDeviceReady), (364 bytes).
    Removing py32f07x_hal_i2c.o(i.HAL_I2C_ListenCpltCallback), (2 bytes).
    Removing py32f07x_hal_i2c.o(i.HAL_I2C_MasterRxCpltCallback), (2 bytes).
    Removing py32f07x_hal_i2c.o(i.HAL_I2C_MasterTxCpltCallback), (2 bytes).
    Removing py32f07x_hal_i2c.o(i.HAL_I2C_Master_Abort_IT), (84 bytes).
    Removing py32f07x_hal_i2c.o(i.HAL_I2C_Master_Receive), (664 bytes).
    Removing py32f07x_hal_i2c.o(i.HAL_I2C_Master_Receive_DMA), (328 bytes).
    Removing py32f07x_hal_i2c.o(i.HAL_I2C_Master_Receive_IT), (208 bytes).
    Removing py32f07x_hal_i2c.o(i.HAL_I2C_Master_Seq_Receive_DMA), (500 bytes).
    Removing py32f07x_hal_i2c.o(i.HAL_I2C_Master_Seq_Receive_IT), (296 bytes).
    Removing py32f07x_hal_i2c.o(i.HAL_I2C_Master_Seq_Transmit_DMA), (396 bytes).
    Removing py32f07x_hal_i2c.o(i.HAL_I2C_Master_Seq_Transmit_IT), (228 bytes).
    Removing py32f07x_hal_i2c.o(i.HAL_I2C_Master_Transmit), (316 bytes).
    Removing py32f07x_hal_i2c.o(i.HAL_I2C_Master_Transmit_DMA), (328 bytes).
    Removing py32f07x_hal_i2c.o(i.HAL_I2C_Master_Transmit_IT), (196 bytes).
    Removing py32f07x_hal_i2c.o(i.HAL_I2C_MemRxCpltCallback), (2 bytes).
    Removing py32f07x_hal_i2c.o(i.HAL_I2C_MemTxCpltCallback), (2 bytes).
    Removing py32f07x_hal_i2c.o(i.HAL_I2C_Mem_Read), (668 bytes).
    Removing py32f07x_hal_i2c.o(i.HAL_I2C_Mem_Read_DMA), (384 bytes).
    Removing py32f07x_hal_i2c.o(i.HAL_I2C_Mem_Read_IT), (224 bytes).
    Removing py32f07x_hal_i2c.o(i.HAL_I2C_Mem_Write), (312 bytes).
    Removing py32f07x_hal_i2c.o(i.HAL_I2C_Mem_Write_DMA), (316 bytes).
    Removing py32f07x_hal_i2c.o(i.HAL_I2C_Mem_Write_IT), (208 bytes).
    Removing py32f07x_hal_i2c.o(i.HAL_I2C_MspDeInit), (2 bytes).
    Removing py32f07x_hal_i2c.o(i.HAL_I2C_MspInit), (2 bytes).
    Removing py32f07x_hal_i2c.o(i.HAL_I2C_SlaveRxCpltCallback), (2 bytes).
    Removing py32f07x_hal_i2c.o(i.HAL_I2C_SlaveTxCpltCallback), (2 bytes).
    Removing py32f07x_hal_i2c.o(i.HAL_I2C_Slave_Receive), (320 bytes).
    Removing py32f07x_hal_i2c.o(i.HAL_I2C_Slave_Receive_DMA), (208 bytes).
    Removing py32f07x_hal_i2c.o(i.HAL_I2C_Slave_Receive_IT), (128 bytes).
    Removing py32f07x_hal_i2c.o(i.HAL_I2C_Slave_Seq_Receive_DMA), (336 bytes).
    Removing py32f07x_hal_i2c.o(i.HAL_I2C_Slave_Seq_Receive_IT), (118 bytes).
    Removing py32f07x_hal_i2c.o(i.HAL_I2C_Slave_Seq_Transmit_DMA), (340 bytes).
    Removing py32f07x_hal_i2c.o(i.HAL_I2C_Slave_Seq_Transmit_IT), (118 bytes).
    Removing py32f07x_hal_i2c.o(i.HAL_I2C_Slave_Transmit), (352 bytes).
    Removing py32f07x_hal_i2c.o(i.HAL_I2C_Slave_Transmit_DMA), (208 bytes).
    Removing py32f07x_hal_i2c.o(i.HAL_I2C_Slave_Transmit_IT), (128 bytes).
    Removing py32f07x_hal_i2c.o(i.I2C_ConvertOtherXferOptions), (32 bytes).
    Removing py32f07x_hal_i2c.o(i.I2C_DMAAbort), (114 bytes).
    Removing py32f07x_hal_i2c.o(i.I2C_DMAError), (50 bytes).
    Removing py32f07x_hal_i2c.o(i.I2C_DMAXferCplt), (258 bytes).
    Removing py32f07x_hal_i2c.o(i.I2C_ITError), (308 bytes).
    Removing py32f07x_hal_i2c.o(i.I2C_IsAcknowledgeFailed), (52 bytes).
    Removing py32f07x_hal_i2c.o(i.I2C_MasterReceive_BTF), (248 bytes).
    Removing py32f07x_hal_i2c.o(i.I2C_MasterReceive_RXNE), (146 bytes).
    Removing py32f07x_hal_i2c.o(i.I2C_MasterRequestRead), (252 bytes).
    Removing py32f07x_hal_i2c.o(i.I2C_MasterRequestWrite), (168 bytes).
    Removing py32f07x_hal_i2c.o(i.I2C_MasterTransmit_BTF), (132 bytes).
    Removing py32f07x_hal_i2c.o(i.I2C_MasterTransmit_TXE), (294 bytes).
    Removing py32f07x_hal_i2c.o(i.I2C_Master_ADD10), (48 bytes).
    Removing py32f07x_hal_i2c.o(i.I2C_Master_ADDR), (404 bytes).
    Removing py32f07x_hal_i2c.o(i.I2C_Master_SB), (166 bytes).
    Removing py32f07x_hal_i2c.o(i.I2C_RequestMemoryRead), (304 bytes).
    Removing py32f07x_hal_i2c.o(i.I2C_RequestMemoryWrite), (212 bytes).
    Removing py32f07x_hal_i2c.o(i.I2C_SlaveReceive_BTF), (28 bytes).
    Removing py32f07x_hal_i2c.o(i.I2C_SlaveReceive_RXNE), (72 bytes).
    Removing py32f07x_hal_i2c.o(i.I2C_SlaveTransmit_BTF), (28 bytes).
    Removing py32f07x_hal_i2c.o(i.I2C_SlaveTransmit_TXE), (72 bytes).
    Removing py32f07x_hal_i2c.o(i.I2C_Slave_ADDR), (74 bytes).
    Removing py32f07x_hal_i2c.o(i.I2C_Slave_AF), (132 bytes).
    Removing py32f07x_hal_i2c.o(i.I2C_Slave_STOPF), (396 bytes).
    Removing py32f07x_hal_i2c.o(i.I2C_WaitOnBTFFlagUntilTimeout), (80 bytes).
    Removing py32f07x_hal_i2c.o(i.I2C_WaitOnFlagUntilTimeout), (118 bytes).
    Removing py32f07x_hal_i2c.o(i.I2C_WaitOnMasterAddressFlagUntilTimeout), (164 bytes).
    Removing py32f07x_hal_i2c.o(i.I2C_WaitOnRXNEFlagUntilTimeout), (106 bytes).
    Removing py32f07x_hal_i2c.o(i.I2C_WaitOnSTOPFlagUntilTimeout), (76 bytes).
    Removing py32f07x_hal_i2c.o(i.I2C_WaitOnTXEFlagUntilTimeout), (80 bytes).
    Removing py32f07x_hal_uart.o(.rev16_text), (4 bytes).
    Removing py32f07x_hal_uart.o(.revsh_text), (4 bytes).
    Removing py32f07x_hal_uart.o(i.HAL_HalfDuplex_EnableReceiver), (46 bytes).
    Removing py32f07x_hal_uart.o(i.HAL_HalfDuplex_EnableTransmitter), (46 bytes).
    Removing py32f07x_hal_uart.o(i.HAL_HalfDuplex_Init), (108 bytes).
    Removing py32f07x_hal_uart.o(i.HAL_LIN_Init), (132 bytes).
    Removing py32f07x_hal_uart.o(i.HAL_LIN_SendBreak), (40 bytes).
    Removing py32f07x_hal_uart.o(i.HAL_MultiProcessor_EnterMuteMode), (42 bytes).
    Removing py32f07x_hal_uart.o(i.HAL_MultiProcessor_ExitMuteMode), (42 bytes).
    Removing py32f07x_hal_uart.o(i.HAL_MultiProcessor_Init), (138 bytes).
    Removing py32f07x_hal_uart.o(i.HAL_UART_Abort), (150 bytes).
    Removing py32f07x_hal_uart.o(i.HAL_UART_AbortCpltCallback), (2 bytes).
    Removing py32f07x_hal_uart.o(i.HAL_UART_AbortReceive), (94 bytes).
    Removing py32f07x_hal_uart.o(i.HAL_UART_AbortReceiveCpltCallback), (2 bytes).
    Removing py32f07x_hal_uart.o(i.HAL_UART_AbortReceive_IT), (112 bytes).
    Removing py32f07x_hal_uart.o(i.HAL_UART_AbortTransmit), (82 bytes).
    Removing py32f07x_hal_uart.o(i.HAL_UART_AbortTransmitCpltCallback), (2 bytes).
    Removing py32f07x_hal_uart.o(i.HAL_UART_AbortTransmit_IT), (100 bytes).
    Removing py32f07x_hal_uart.o(i.HAL_UART_Abort_IT), (188 bytes).
    Removing py32f07x_hal_uart.o(i.HAL_UART_DMAPause), (102 bytes).
    Removing py32f07x_hal_uart.o(i.HAL_UART_DMAResume), (88 bytes).
    Removing py32f07x_hal_uart.o(i.HAL_UART_DMAStop), (98 bytes).
    Removing py32f07x_hal_uart.o(i.HAL_UART_DeInit), (50 bytes).
    Removing py32f07x_hal_uart.o(i.HAL_UART_ErrorCallback), (2 bytes).
    Removing py32f07x_hal_uart.o(i.HAL_UART_GetError), (4 bytes).
    Removing py32f07x_hal_uart.o(i.HAL_UART_GetState), (14 bytes).
    Removing py32f07x_hal_uart.o(i.HAL_UART_IRQHandler), (292 bytes).
    Removing py32f07x_hal_uart.o(i.HAL_UART_IdleFrameDetectCpltCallback), (2 bytes).
    Removing py32f07x_hal_uart.o(i.HAL_UART_Init), (110 bytes).
    Removing py32f07x_hal_uart.o(i.HAL_UART_MspDeInit), (2 bytes).
    Removing py32f07x_hal_uart.o(i.HAL_UART_MspInit), (2 bytes).
    Removing py32f07x_hal_uart.o(i.HAL_UART_Receive), (194 bytes).
    Removing py32f07x_hal_uart.o(i.HAL_UART_Receive_DMA), (172 bytes).
    Removing py32f07x_hal_uart.o(i.HAL_UART_Receive_IT), (88 bytes).
    Removing py32f07x_hal_uart.o(i.HAL_UART_RxCpltCallback), (2 bytes).
    Removing py32f07x_hal_uart.o(i.HAL_UART_RxHalfCpltCallback), (2 bytes).
    Removing py32f07x_hal_uart.o(i.HAL_UART_Transmit), (218 bytes).
    Removing py32f07x_hal_uart.o(i.HAL_UART_Transmit_DMA), (132 bytes).
    Removing py32f07x_hal_uart.o(i.HAL_UART_Transmit_IT), (68 bytes).
    Removing py32f07x_hal_uart.o(i.HAL_UART_TxCpltCallback), (2 bytes).
    Removing py32f07x_hal_uart.o(i.HAL_UART_TxHalfCpltCallback), (2 bytes).
    Removing py32f07x_hal_uart.o(i.UART_AdvFeatureConfig), (48 bytes).
    Removing py32f07x_hal_uart.o(i.UART_DMAAbortOnError), (16 bytes).
    Removing py32f07x_hal_uart.o(i.UART_DMAError), (80 bytes).
    Removing py32f07x_hal_uart.o(i.UART_DMAReceiveCplt), (62 bytes).
    Removing py32f07x_hal_uart.o(i.UART_DMARxAbortCallback), (44 bytes).
    Removing py32f07x_hal_uart.o(i.UART_DMARxHalfCplt), (10 bytes).
    Removing py32f07x_hal_uart.o(i.UART_DMARxOnlyAbortCallback), (20 bytes).
    Removing py32f07x_hal_uart.o(i.UART_DMATransmitCplt), (46 bytes).
    Removing py32f07x_hal_uart.o(i.UART_DMATxAbortCallback), (44 bytes).
    Removing py32f07x_hal_uart.o(i.UART_DMATxHalfCplt), (10 bytes).
    Removing py32f07x_hal_uart.o(i.UART_DMATxOnlyAbortCallback), (20 bytes).
    Removing py32f07x_hal_uart.o(i.UART_EndRxTransfer), (30 bytes).
    Removing py32f07x_hal_uart.o(i.UART_EndTransmit_IT), (26 bytes).
    Removing py32f07x_hal_uart.o(i.UART_EndTxTransfer), (18 bytes).
    Removing py32f07x_hal_uart.o(i.UART_Receive_IT), (122 bytes).
    Removing py32f07x_hal_uart.o(i.UART_SetConfig), (204 bytes).
    Removing py32f07x_hal_uart.o(i.UART_Transmit_IT), (100 bytes).
    Removing py32f07x_hal_uart.o(i.UART_WaitOnFlagUntilTimeout), (98 bytes).
    Removing usbd_core.o(.rev16_text), (4 bytes).
    Removing usbd_core.o(.revsh_text), (4 bytes).
    Removing usbd_core.o(i.usb_device_is_configured), (12 bytes).
    Removing usbd_core.o(i.usbd_add_endpoint), (36 bytes).
    Removing usbd_core.o(i.usbd_add_interface), (40 bytes).
    Removing usbd_core.o(i.usbd_bos_desc_register), (12 bytes).
    Removing usbd_core.o(i.usbd_deinitialize), (28 bytes).
    Removing usbd_core.o(i.usbd_desc_register), (20 bytes).
    Removing usbd_core.o(i.usbd_event_connect_handler), (12 bytes).
    Removing usbd_core.o(i.usbd_event_disconnect_handler), (12 bytes).
    Removing usbd_core.o(i.usbd_event_resume_handler), (12 bytes).
    Removing usbd_core.o(i.usbd_event_suspend_handler), (12 bytes).
    Removing usbd_core.o(i.usbd_initialize), (8 bytes).
    Removing usbd_core.o(i.usbd_msosv1_desc_register), (12 bytes).
    Removing usbd_core.o(i.usbd_msosv2_desc_register), (12 bytes).
    Removing usb_dc_py32.o(.rev16_text), (4 bytes).
    Removing usb_dc_py32.o(.revsh_text), (4 bytes).
    Removing usb_dc_py32.o(i.usb_dc_deinit), (4 bytes).
    Removing usb_dc_py32.o(i.usb_dc_init), (36 bytes).
    Removing usb_dc_py32.o(i.usb_dc_low_level_deinit), (2 bytes).
    Removing usb_dc_py32.o(i.usb_dc_low_level_init), (2 bytes).
    Removing usb_dc_py32.o(i.usbd_ep_is_stalled), (4 bytes).
    Removing usb_dc_py32.o(.data), (1 bytes).
    Removing usbd_hid.o(.rev16_text), (4 bytes).
    Removing usbd_hid.o(.revsh_text), (4 bytes).
    Removing usbd_hid.o(i.hid_class_interface_request_handler), (166 bytes).
    Removing usbd_hid.o(i.usbd_hid_init_intf), (24 bytes).
    Removing usbd_hid.o(i.usbh_hid_get_idle), (4 bytes).
    Removing usbd_hid.o(i.usbh_hid_get_protocol), (4 bytes).
    Removing usbd_hid.o(i.usbh_hid_get_report), (4 bytes).
    Removing usbd_hid.o(i.usbh_hid_set_idle), (2 bytes).
    Removing usbd_hid.o(i.usbh_hid_set_protocol), (2 bytes).
    Removing usbd_hid.o(i.usbh_hid_set_report), (2 bytes).

312 unused section(s) (total 24745 bytes) removed from the image.

==============================================================================

Image Symbol Table

    Local Symbols

    Symbol Name                              Value     Ov Type        Size  Object(Section)

    ../clib/../cmprslib/zerorunl2.c          0x00000000   Number         0  __dczerorl2.o ABSOLUTE
    ../clib/microlib/division.c              0x00000000   Number         0  uidiv.o ABSOLUTE
    ../clib/microlib/init/entry.s            0x00000000   Number         0  entry7b.o ABSOLUTE
    ../clib/microlib/init/entry.s            0x00000000   Number         0  entry8b.o ABSOLUTE
    ../clib/microlib/init/entry.s            0x00000000   Number         0  entry8a.o ABSOLUTE
    ../clib/microlib/init/entry.s            0x00000000   Number         0  entry.o ABSOLUTE
    ../clib/microlib/init/entry.s            0x00000000   Number         0  entry11b.o ABSOLUTE
    ../clib/microlib/init/entry.s            0x00000000   Number         0  entry2.o ABSOLUTE
    ../clib/microlib/init/entry.s            0x00000000   Number         0  entry11a.o ABSOLUTE
    ../clib/microlib/init/entry.s            0x00000000   Number         0  entry7a.o ABSOLUTE
    ../clib/microlib/init/entry.s            0x00000000   Number         0  entry5.o ABSOLUTE
    ../clib/microlib/init/entry.s            0x00000000   Number         0  entry10b.o ABSOLUTE
    ../clib/microlib/init/entry.s            0x00000000   Number         0  entry10a.o ABSOLUTE
    ../clib/microlib/init/entry.s            0x00000000   Number         0  entry9b.o ABSOLUTE
    ../clib/microlib/init/entry.s            0x00000000   Number         0  entry9a.o ABSOLUTE
    ../clib/microlib/malloc/malloc.c         0x00000000   Number         0  malloc.o ABSOLUTE
    ../clib/microlib/malloc/malloc.c         0x00000000   Number         0  mallocr.o ABSOLUTE
    ../clib/microlib/malloc/malloc.c         0x00000000   Number         0  malloca.o ABSOLUTE
    ../clib/microlib/malloc/malloc.c         0x00000000   Number         0  mallocra.o ABSOLUTE
    ../clib/microlib/malloc/mvars.c          0x00000000   Number         0  mvars.o ABSOLUTE
    ../clib/microlib/string/memcpy.c         0x00000000   Number         0  memcpya.o ABSOLUTE
    ../clib/microlib/string/memcpy.c         0x00000000   Number         0  memcpyb.o ABSOLUTE
    ../clib/microlib/string/memset.c         0x00000000   Number         0  memseta.o ABSOLUTE
    ..\..\..\Drivers\BSP\PY32F072xx_Start_Kit\py32f072xx_Start_Kit.c 0x00000000   Number         0  py32f072xx_start_kit.o ABSOLUTE
    ..\..\..\Drivers\PY32F07x_HAL_Driver\Src\py32f07x_hal.c 0x00000000   Number         0  py32f07x_hal.o ABSOLUTE
    ..\..\..\Drivers\PY32F07x_HAL_Driver\Src\py32f07x_hal_cortex.c 0x00000000   Number         0  py32f07x_hal_cortex.o ABSOLUTE
    ..\..\..\Drivers\PY32F07x_HAL_Driver\Src\py32f07x_hal_dma.c 0x00000000   Number         0  py32f07x_hal_dma.o ABSOLUTE
    ..\..\..\Drivers\PY32F07x_HAL_Driver\Src\py32f07x_hal_gpio.c 0x00000000   Number         0  py32f07x_hal_gpio.o ABSOLUTE
    ..\..\..\Drivers\PY32F07x_HAL_Driver\Src\py32f07x_hal_i2c.c 0x00000000   Number         0  py32f07x_hal_i2c.o ABSOLUTE
    ..\..\..\Drivers\PY32F07x_HAL_Driver\Src\py32f07x_hal_pwr.c 0x00000000   Number         0  py32f07x_hal_pwr.o ABSOLUTE
    ..\..\..\Drivers\PY32F07x_HAL_Driver\Src\py32f07x_hal_rcc.c 0x00000000   Number         0  py32f07x_hal_rcc.o ABSOLUTE
    ..\..\..\Drivers\PY32F07x_HAL_Driver\Src\py32f07x_hal_rcc_ex.c 0x00000000   Number         0  py32f07x_hal_rcc_ex.o ABSOLUTE
    ..\..\..\Drivers\PY32F07x_HAL_Driver\Src\py32f07x_hal_uart.c 0x00000000   Number         0  py32f07x_hal_uart.o ABSOLUTE
    ..\..\..\Middlewares\Third_Party\CherryUSB\class\hid\usbd_hid.c 0x00000000   Number         0  usbd_hid.o ABSOLUTE
    ..\..\..\Middlewares\Third_Party\CherryUSB\core\usbd_core.c 0x00000000   Number         0  usbd_core.o ABSOLUTE
    ..\..\..\Middlewares\Third_Party\CherryUSB\port\usb_dc_py32.c 0x00000000   Number         0  usb_dc_py32.o ABSOLUTE
    ..\Src\app_bootloader.c                  0x00000000   Number         0  app_bootloader.o ABSOLUTE
    ..\Src\app_flash.c                       0x00000000   Number         0  app_flash.o ABSOLUTE
    ..\Src\app_i2c.c                         0x00000000   Number         0  app_i2c.o ABSOLUTE
    ..\Src\app_usart.c                       0x00000000   Number         0  app_usart.o ABSOLUTE
    ..\Src\app_wdg.c                         0x00000000   Number         0  app_wdg.o ABSOLUTE
    ..\Src\main.c                            0x00000000   Number         0  main.o ABSOLUTE
    ..\Src\py32f07x_hal_msp.c                0x00000000   Number         0  py32f07x_hal_msp.o ABSOLUTE
    ..\Src\py32f07x_it.c                     0x00000000   Number         0  py32f07x_it.o ABSOLUTE
    ..\Src\system_py32f07x.c                 0x00000000   Number         0  system_py32f07x.o ABSOLUTE
    ..\Src\usbd_hid_inout_if.c               0x00000000   Number         0  usbd_hid_inout_if.o ABSOLUTE
    ..\\..\\..\\Drivers\\BSP\\PY32F072xx_Start_Kit\\py32f072xx_Start_Kit.c 0x00000000   Number         0  py32f072xx_start_kit.o ABSOLUTE
    ..\\..\\..\\Drivers\\PY32F07x_HAL_Driver\\Src\\py32f07x_hal.c 0x00000000   Number         0  py32f07x_hal.o ABSOLUTE
    ..\\..\\..\\Drivers\\PY32F07x_HAL_Driver\\Src\\py32f07x_hal_cortex.c 0x00000000   Number         0  py32f07x_hal_cortex.o ABSOLUTE
    ..\\..\\..\\Drivers\\PY32F07x_HAL_Driver\\Src\\py32f07x_hal_dma.c 0x00000000   Number         0  py32f07x_hal_dma.o ABSOLUTE
    ..\\..\\..\\Drivers\\PY32F07x_HAL_Driver\\Src\\py32f07x_hal_gpio.c 0x00000000   Number         0  py32f07x_hal_gpio.o ABSOLUTE
    ..\\..\\..\\Drivers\\PY32F07x_HAL_Driver\\Src\\py32f07x_hal_i2c.c 0x00000000   Number         0  py32f07x_hal_i2c.o ABSOLUTE
    ..\\..\\..\\Drivers\\PY32F07x_HAL_Driver\\Src\\py32f07x_hal_pwr.c 0x00000000   Number         0  py32f07x_hal_pwr.o ABSOLUTE
    ..\\..\\..\\Drivers\\PY32F07x_HAL_Driver\\Src\\py32f07x_hal_rcc.c 0x00000000   Number         0  py32f07x_hal_rcc.o ABSOLUTE
    ..\\..\\..\\Drivers\\PY32F07x_HAL_Driver\\Src\\py32f07x_hal_rcc_ex.c 0x00000000   Number         0  py32f07x_hal_rcc_ex.o ABSOLUTE
    ..\\..\\..\\Drivers\\PY32F07x_HAL_Driver\\Src\\py32f07x_hal_uart.c 0x00000000   Number         0  py32f07x_hal_uart.o ABSOLUTE
    ..\\..\\..\\Middlewares\\Third_Party\\CherryUSB\\class\\hid\\usbd_hid.c 0x00000000   Number         0  usbd_hid.o ABSOLUTE
    ..\\..\\..\\Middlewares\\Third_Party\\CherryUSB\\core\\usbd_core.c 0x00000000   Number         0  usbd_core.o ABSOLUTE
    ..\\..\\..\\Middlewares\\Third_Party\\CherryUSB\\port\\usb_dc_py32.c 0x00000000   Number         0  usb_dc_py32.o ABSOLUTE
    ..\\Src\\app_bootloader.c                0x00000000   Number         0  app_bootloader.o ABSOLUTE
    ..\\Src\\app_flash.c                     0x00000000   Number         0  app_flash.o ABSOLUTE
    ..\\Src\\app_i2c.c                       0x00000000   Number         0  app_i2c.o ABSOLUTE
    ..\\Src\\app_usart.c                     0x00000000   Number         0  app_usart.o ABSOLUTE
    ..\\Src\\app_wdg.c                       0x00000000   Number         0  app_wdg.o ABSOLUTE
    ..\\Src\\main.c                          0x00000000   Number         0  main.o ABSOLUTE
    ..\\Src\\py32f07x_hal_msp.c              0x00000000   Number         0  py32f07x_hal_msp.o ABSOLUTE
    ..\\Src\\py32f07x_it.c                   0x00000000   Number         0  py32f07x_it.o ABSOLUTE
    ..\\Src\\system_py32f07x.c               0x00000000   Number         0  system_py32f07x.o ABSOLUTE
    ..\\Src\\usbd_hid_inout_if.c             0x00000000   Number         0  usbd_hid_inout_if.o ABSOLUTE
    dc.s                                     0x00000000   Number         0  dc.o ABSOLUTE
    handlers.s                               0x00000000   Number         0  handlers.o ABSOLUTE
    init.s                                   0x00000000   Number         0  init.o ABSOLUTE
    startup_py32f072xx.s                     0x00000000   Number         0  startup_py32f072xx.o ABSOLUTE
    RESET                                    0x08000000   Section      192  startup_py32f072xx.o(RESET)
    .ARM.Collect$$$$00000000                 0x080000c0   Section        0  entry.o(.ARM.Collect$$$$00000000)
    .ARM.Collect$$$$00000001                 0x080000c0   Section        4  entry2.o(.ARM.Collect$$$$00000001)
    .ARM.Collect$$$$00000004                 0x080000c4   Section        4  entry5.o(.ARM.Collect$$$$00000004)
    .ARM.Collect$$$$00000008                 0x080000c8   Section        0  entry7b.o(.ARM.Collect$$$$00000008)
    .ARM.Collect$$$$0000000A                 0x080000c8   Section        0  entry8b.o(.ARM.Collect$$$$0000000A)
    .ARM.Collect$$$$0000000B                 0x080000c8   Section        8  entry9a.o(.ARM.Collect$$$$0000000B)
    .ARM.Collect$$$$0000000D                 0x080000d0   Section        0  entry10a.o(.ARM.Collect$$$$0000000D)
    .ARM.Collect$$$$0000000F                 0x080000d0   Section        0  entry11a.o(.ARM.Collect$$$$0000000F)
    .ARM.Collect$$$$00002712                 0x080000d0   Section        4  entry2.o(.ARM.Collect$$$$00002712)
    __lit__00000000                          0x080000d0   Data           4  entry2.o(.ARM.Collect$$$$00002712)
    .text                                    0x080000d4   Section       28  startup_py32f072xx.o(.text)
    .text                                    0x080000f0   Section        0  uidiv.o(.text)
    .text                                    0x0800011c   Section        0  memcpya.o(.text)
    .text                                    0x08000140   Section        0  memseta.o(.text)
    .text                                    0x08000164   Section       36  init.o(.text)
    .text                                    0x08000188   Section        0  __dczerorl2.o(.text)
    i.APP_Bootloader_Go                      0x080001e0   Section        0  app_bootloader.o(i.APP_Bootloader_Go)
    i.APP_Bootloader_Init                    0x0800021c   Section        0  app_bootloader.o(i.APP_Bootloader_Init)
    i.APP_Bootloader_ProtocolDetection       0x0800025c   Section        0  app_bootloader.o(i.APP_Bootloader_ProtocolDetection)
    i.APP_Bootloader_ReadByte                0x08000484   Section        0  app_bootloader.o(i.APP_Bootloader_ReadByte)
    i.APP_Bootloader_ReadData                0x08000494   Section        0  app_bootloader.o(i.APP_Bootloader_ReadData)
    i.APP_Bootloader_SendByte                0x080004f8   Section        0  app_bootloader.o(i.APP_Bootloader_SendByte)
    i.APP_Bootloader_SendData                0x08000504   Section        0  app_bootloader.o(i.APP_Bootloader_SendData)
    i.APP_DeInitInterface                    0x08000568   Section        0  app_bootloader.o(i.APP_DeInitInterface)
    APP_DeInitInterface                      0x08000569   Thumb Code   300  app_bootloader.o(i.APP_DeInitInterface)
    i.APP_ExtendedErase                      0x0800069c   Section        0  app_bootloader.o(i.APP_ExtendedErase)
    i.APP_GetXOR                             0x08000762   Section        0  app_bootloader.o(i.APP_GetXOR)
    i.APP_Go                                 0x08000778   Section        0  app_bootloader.o(i.APP_Go)
    i.APP_I2C_ReadData                       0x0800079c   Section        0  app_i2c.o(i.APP_I2C_ReadData)
    i.APP_I2C_SendData                       0x08000818   Section        0  app_i2c.o(i.APP_I2C_SendData)
    i.APP_MassErase                          0x08000890   Section        0  app_flash.o(i.APP_MassErase)
    i.APP_PageErase                          0x080008d0   Section        0  app_flash.o(i.APP_PageErase)
    i.APP_ReadMemory                         0x0800096c   Section        0  app_bootloader.o(i.APP_ReadMemory)
    i.APP_SectorErase                        0x08000a1c   Section        0  app_flash.o(i.APP_SectorErase)
    i.APP_SetFlashParameter                  0x08000a7c   Section        0  app_bootloader.o(i.APP_SetFlashParameter)
    APP_SetFlashParameter                    0x08000a7d   Thumb Code    70  app_bootloader.o(i.APP_SetFlashParameter)
    i.APP_SystemClockConfig                  0x08000acc   Section        0  main.o(i.APP_SystemClockConfig)
    APP_SystemClockConfig                    0x08000acd   Thumb Code    96  main.o(i.APP_SystemClockConfig)
    i.APP_USART_InitTx                       0x08000b30   Section        0  app_usart.o(i.APP_USART_InitTx)
    i.HAL_GPIO_WritePin                      0x08000bf0   Section        0  py32f07x_hal_gpio.o(i.HAL_GPIO_WritePin)
    .ARM.__AT_0x08000BFC                     0x08000bfc   Section        4  app_bootloader.o(.ARM.__AT_0x08000BFC)
    i.APP_USART_InitRx                       0x08000c00   Section        0  app_usart.o(i.APP_USART_InitRx)
    i.APP_USART_ReadData                     0x08000d34   Section        0  app_usart.o(i.APP_USART_ReadData)
    i.APP_USART_SendData                     0x08000d5e   Section        0  app_usart.o(i.APP_USART_SendData)
    i.APP_WDG_Init                           0x08000d9c   Section        0  app_wdg.o(i.APP_WDG_Init)
    i.APP_WDG_Refresh                        0x08000de0   Section        0  app_wdg.o(i.APP_WDG_Refresh)
    i.APP_WriteFlash                         0x08000e00   Section        0  app_flash.o(i.APP_WriteFlash)
    i.APP_WriteMemory                        0x08000f04   Section        0  app_bootloader.o(i.APP_WriteMemory)
    i.APP_WriteOption                        0x08000f90   Section        0  app_flash.o(i.APP_WriteOption)
    i.APP_WriteProtect                       0x08001088   Section        0  app_bootloader.o(i.APP_WriteProtect)
    i.BSP_LED_Init                           0x080010e8   Section        0  py32f072xx_start_kit.o(i.BSP_LED_Init)
    i.BSP_LED_Toggle                         0x08001134   Section        0  py32f072xx_start_kit.o(i.BSP_LED_Toggle)
    i.BSP_PB_GetState                        0x08001150   Section        0  py32f072xx_start_kit.o(i.BSP_PB_GetState)
    i.BSP_PB_Init                            0x0800116c   Section        0  py32f072xx_start_kit.o(i.BSP_PB_Init)
    i.GetAddressArea                         0x080011e4   Section        0  app_bootloader.o(i.GetAddressArea)
    i.HAL_GPIO_Init                          0x08001310   Section        0  py32f07x_hal_gpio.o(i.HAL_GPIO_Init)
    i.HAL_GPIO_ReadPin                       0x08001434   Section        0  py32f07x_hal_gpio.o(i.HAL_GPIO_ReadPin)
    i.HAL_GPIO_TogglePin                     0x08001442   Section        0  py32f07x_hal_gpio.o(i.HAL_GPIO_TogglePin)
    i.HAL_GetTick                            0x08001450   Section        0  py32f07x_hal.o(i.HAL_GetTick)
    i.HAL_IncTick                            0x0800145c   Section        0  py32f07x_hal.o(i.HAL_IncTick)
    i.HAL_Init                               0x0800146c   Section        0  py32f07x_hal.o(i.HAL_Init)
    i.HAL_InitTick                           0x08001488   Section        0  py32f07x_hal.o(i.HAL_InitTick)
    i.HAL_MspInit                            0x080014d8   Section        0  py32f07x_hal_msp.o(i.HAL_MspInit)
    i.HAL_NVIC_EnableIRQ                     0x08001504   Section        0  py32f07x_hal_cortex.o(i.HAL_NVIC_EnableIRQ)
    i.HAL_NVIC_SetPriority                   0x08001518   Section        0  py32f07x_hal_cortex.o(i.HAL_NVIC_SetPriority)
    i.HAL_RCC_ClockConfig                    0x08001520   Section        0  py32f07x_hal_rcc.o(i.HAL_RCC_ClockConfig)
    i.HAL_RCC_GetSysClockFreq                0x08001694   Section        0  py32f07x_hal_rcc.o(i.HAL_RCC_GetSysClockFreq)
    i.HAL_RCC_OscConfig                      0x0800175c   Section        0  py32f07x_hal_rcc.o(i.HAL_RCC_OscConfig)
    i.HAL_SYSTICK_Config                     0x08001bec   Section        0  py32f07x_hal_cortex.o(i.HAL_SYSTICK_Config)
    i.HardFault_Handler                      0x08001c1c   Section        0  py32f07x_it.o(i.HardFault_Handler)
    i.NMI_Handler                            0x08001c1e   Section        0  py32f07x_it.o(i.NMI_Handler)
    i.NVIC_SetPriority                       0x08001c20   Section        0  py32f07x_hal_cortex.o(i.NVIC_SetPriority)
    NVIC_SetPriority                         0x08001c21   Thumb Code    60  py32f07x_hal_cortex.o(i.NVIC_SetPriority)
    i.NVIC_SystemReset                       0x08001c64   Section        0  main.o(i.NVIC_SystemReset)
    NVIC_SystemReset                         0x08001c65   Thumb Code    18  main.o(i.NVIC_SystemReset)
    i.PendSV_Handler                         0x08001c80   Section        0  py32f07x_it.o(i.PendSV_Handler)
    i.RCC_GetHSIFreq                         0x08001c84   Section        0  py32f07x_hal_rcc.o(i.RCC_GetHSIFreq)
    RCC_GetHSIFreq                           0x08001c85   Thumb Code    16  py32f07x_hal_rcc.o(i.RCC_GetHSIFreq)
    i.SVC_Handler                            0x08001c9c   Section        0  py32f07x_it.o(i.SVC_Handler)
    i.SysTick_Handler                        0x08001c9e   Section        0  py32f07x_it.o(i.SysTick_Handler)
    i.SystemInit                             0x08001ca8   Section        0  system_py32f07x.o(i.SystemInit)
    i.USBD_IRQHandler                        0x08001cd8   Section        0  usb_dc_py32.o(i.USBD_IRQHandler)
    i.USB_IRQHandler                         0x08001e48   Section        0  py32f07x_it.o(i.USB_IRQHandler)
    i.__ARM_common_switch8                   0x08001e50   Section        0  app_bootloader.o(i.__ARM_common_switch8)
    i.__scatterload_copy                     0x08001e6a   Section       14  handlers.o(i.__scatterload_copy)
    i.__scatterload_null                     0x08001e78   Section        2  handlers.o(i.__scatterload_null)
    i.__scatterload_zeroinit                 0x08001e7a   Section       14  handlers.o(i.__scatterload_zeroinit)
    i.app_blink                              0x08001e88   Section        0  app_usart.o(i.app_blink)
    i.free                                   0x08001eac   Section        0  malloc.o(i.free)
    i.handle_ep0                             0x08001f00   Section        0  usb_dc_py32.o(i.handle_ep0)
    handle_ep0                               0x08001f01   Thumb Code   232  usb_dc_py32.o(i.handle_ep0)
    i.hid_custom_dfu_read_data               0x08001ff4   Section        0  usbd_hid_inout_if.o(i.hid_custom_dfu_read_data)
    i.hid_custom_dfu_send_data               0x08002054   Section        0  usbd_hid_inout_if.o(i.hid_custom_dfu_send_data)
    i.is_device_configured                   0x080020d8   Section        0  usbd_core.o(i.is_device_configured)
    is_device_configured                     0x080020d9   Thumb Code    12  usbd_core.o(i.is_device_configured)
    i.main                                   0x080020e8   Section        0  main.o(i.main)
    i.malloc                                 0x0800212c   Section        0  malloc.o(i.malloc)
    i.pyusb_get_active_ep                    0x08002198   Section        0  usb_dc_py32.o(i.pyusb_get_active_ep)
    pyusb_get_active_ep                      0x08002199   Thumb Code     6  usb_dc_py32.o(i.pyusb_get_active_ep)
    i.pyusb_get_fifo_size                    0x080021a4   Section        0  usb_dc_py32.o(i.pyusb_get_fifo_size)
    pyusb_get_fifo_size                      0x080021a5   Thumb Code    30  usb_dc_py32.o(i.pyusb_get_fifo_size)
    i.pyusb_read_packet                      0x080021c4   Section        0  usb_dc_py32.o(i.pyusb_read_packet)
    pyusb_read_packet                        0x080021c5   Thumb Code    28  usb_dc_py32.o(i.pyusb_read_packet)
    i.pyusb_set_active_ep                    0x080021e4   Section        0  usb_dc_py32.o(i.pyusb_set_active_ep)
    pyusb_set_active_ep                      0x080021e5   Thumb Code     6  usb_dc_py32.o(i.pyusb_set_active_ep)
    i.pyusb_write_packet                     0x080021f0   Section        0  usb_dc_py32.o(i.pyusb_write_packet)
    pyusb_write_packet                       0x080021f1   Thumb Code    28  usb_dc_py32.o(i.pyusb_write_packet)
    i.usbd_class_event_notify_handler        0x08002210   Section        0  usbd_core.o(i.usbd_class_event_notify_handler)
    usbd_class_event_notify_handler          0x08002211   Thumb Code    32  usbd_core.o(i.usbd_class_event_notify_handler)
    i.usbd_class_request_handler             0x08002234   Section        0  usbd_core.o(i.usbd_class_request_handler)
    usbd_class_request_handler               0x08002235   Thumb Code   100  usbd_core.o(i.usbd_class_request_handler)
    i.usbd_configure_done_callback           0x0800229c   Section        0  usbd_hid_inout_if.o(i.usbd_configure_done_callback)
    i.usbd_ep_clear_stall                    0x080022b0   Section        0  usb_dc_py32.o(i.usbd_ep_clear_stall)
    i.usbd_ep_close                          0x08002318   Section        0  usb_dc_py32.o(i.usbd_ep_close)
    i.usbd_ep_open                           0x0800231c   Section        0  usb_dc_py32.o(i.usbd_ep_open)
    i.usbd_ep_set_stall                      0x08002414   Section        0  usb_dc_py32.o(i.usbd_ep_set_stall)
    i.usbd_ep_start_read                     0x08002478   Section        0  usb_dc_py32.o(i.usbd_ep_start_read)
    i.usbd_ep_start_write                    0x08002500   Section        0  usb_dc_py32.o(i.usbd_ep_start_write)
    i.usbd_event_ep0_setup_complete_handler  0x080025e4   Section        0  usbd_core.o(i.usbd_event_ep0_setup_complete_handler)
    i.usbd_event_ep_in_complete_handler      0x08002688   Section        0  usbd_core.o(i.usbd_event_ep_in_complete_handler)
    i.usbd_event_ep_out_complete_handler     0x080026f4   Section        0  usbd_core.o(i.usbd_event_ep_out_complete_handler)
    i.usbd_event_reset_handler               0x0800275c   Section        0  usbd_core.o(i.usbd_event_reset_handler)
    i.usbd_get_descriptor                    0x08002798   Section        0  usbd_core.o(i.usbd_get_descriptor)
    usbd_get_descriptor                      0x08002799   Thumb Code   154  usbd_core.o(i.usbd_get_descriptor)
    i.usbd_hid_custom_in_callback            0x0800283c   Section        0  usbd_hid_inout_if.o(i.usbd_hid_custom_in_callback)
    usbd_hid_custom_in_callback              0x0800283d   Thumb Code     8  usbd_hid_inout_if.o(i.usbd_hid_custom_in_callback)
    i.usbd_hid_custom_out_callback           0x08002848   Section        0  usbd_hid_inout_if.o(i.usbd_hid_custom_out_callback)
    usbd_hid_custom_out_callback             0x08002849   Thumb Code    20  usbd_hid_inout_if.o(i.usbd_hid_custom_out_callback)
    i.usbd_print_setup                       0x08002864   Section        0  usbd_core.o(i.usbd_print_setup)
    usbd_print_setup                         0x08002865   Thumb Code     2  usbd_core.o(i.usbd_print_setup)
    i.usbd_reset_endpoint                    0x08002866   Section        0  usbd_core.o(i.usbd_reset_endpoint)
    usbd_reset_endpoint                      0x08002867   Thumb Code    50  usbd_core.o(i.usbd_reset_endpoint)
    i.usbd_set_address                       0x08002898   Section        0  usb_dc_py32.o(i.usbd_set_address)
    i.usbd_set_configuration                 0x080028b4   Section        0  usbd_core.o(i.usbd_set_configuration)
    usbd_set_configuration                   0x080028b5   Thumb Code    80  usbd_core.o(i.usbd_set_configuration)
    i.usbd_set_endpoint                      0x08002908   Section        0  usbd_core.o(i.usbd_set_endpoint)
    usbd_set_endpoint                        0x08002909   Thumb Code    50  usbd_core.o(i.usbd_set_endpoint)
    i.usbd_set_interface                     0x0800293c   Section        0  usbd_core.o(i.usbd_set_interface)
    usbd_set_interface                       0x0800293d   Thumb Code   102  usbd_core.o(i.usbd_set_interface)
    i.usbd_setup_request_handler             0x080029a8   Section        0  usbd_core.o(i.usbd_setup_request_handler)
    usbd_setup_request_handler               0x080029a9   Thumb Code    88  usbd_core.o(i.usbd_setup_request_handler)
    i.usbd_standard_request_handler          0x08002a00   Section        0  usbd_core.o(i.usbd_standard_request_handler)
    usbd_standard_request_handler            0x08002a01   Thumb Code    64  usbd_core.o(i.usbd_standard_request_handler)
    i.usbd_std_device_req_handler            0x08002a44   Section        0  usbd_core.o(i.usbd_std_device_req_handler)
    usbd_std_device_req_handler              0x08002a45   Thumb Code   146  usbd_core.o(i.usbd_std_device_req_handler)
    i.usbd_std_endpoint_req_handler          0x08002adc   Section        0  usbd_core.o(i.usbd_std_endpoint_req_handler)
    usbd_std_endpoint_req_handler            0x08002add   Thumb Code   132  usbd_core.o(i.usbd_std_endpoint_req_handler)
    i.usbd_std_interface_req_handler         0x08002b60   Section        0  usbd_core.o(i.usbd_std_interface_req_handler)
    usbd_std_interface_req_handler           0x08002b61   Thumb Code   178  usbd_core.o(i.usbd_std_interface_req_handler)
    i.usbd_vendor_request_handler            0x08002c18   Section        0  usbd_core.o(i.usbd_vendor_request_handler)
    usbd_vendor_request_handler              0x08002c19   Thumb Code   152  usbd_core.o(i.usbd_vendor_request_handler)
    .constdata                               0x08002cb4   Section       64  system_py32f07x.o(.constdata)
    .constdata                               0x08002cf4   Section       32  system_py32f07x.o(.constdata)
    .constdata                               0x08002d14   Section       12  app_bootloader.o(.constdata)
    .constdata                               0x08002d20   Section        6  py32f072xx_start_kit.o(.constdata)
    .constdata                               0x08002d28   Section       52  py32f07x_hal_rcc.o(.constdata)
    .data                                    0x20000000   Section        4  system_py32f07x.o(.data)
    .data                                    0x20000004   Section       20  usbd_hid_inout_if.o(.data)
    custom_state                             0x20000005   Data           1  usbd_hid_inout_if.o(.data)
    custom_in_ep                             0x20000008   Data           8  usbd_hid_inout_if.o(.data)
    custom_out_ep                            0x20000010   Data           8  usbd_hid_inout_if.o(.data)
    .data                                    0x20000018   Section        1  app_bootloader.o(.data)
    .data                                    0x2000001c   Section        4  app_usart.o(.data)
    counter                                  0x2000001c   Data           4  app_usart.o(.data)
    .data                                    0x20000020   Section        8  py32f072xx_start_kit.o(.data)
    .data                                    0x20000028   Section       12  py32f07x_hal.o(.data)
    .data                                    0x20000034   Section       16  usbd_core.o(.data)
    msosv1_desc                              0x20000038   Data           4  usbd_core.o(.data)
    msosv2_desc                              0x2000003c   Data           4  usbd_core.o(.data)
    bos_desc                                 0x20000040   Data           4  usbd_core.o(.data)
    .data                                    0x20000044   Section        1  usb_dc_py32.o(.data)
    usb_ep0_state                            0x20000044   Data           1  usb_dc_py32.o(.data)
    .data                                    0x20000048   Section        4  mvars.o(.data)
    .data                                    0x2000004c   Section        4  mvars.o(.data)
    .noncacheable                            0x20000050   Section       64  usbd_hid_inout_if.o(.noncacheable)
    .noncacheable                            0x20000090   Section      352  usbd_core.o(.noncacheable)
    .bss                                     0x20000200   Section      384  usb_dc_py32.o(.bss)
    HEAP                                     0x20000380   Section        0  startup_py32f072xx.o(HEAP)
    STACK                                    0x20000380   Section     1024  startup_py32f072xx.o(STACK)

    Global Symbols

    Symbol Name                              Value     Ov Type        Size  Object(Section)

    BuildAttributes$$THM_ISAv3M$S$PE$A:L22$X:L11$S22$IEEE1$IW$USESV6$~STKCKD$USESV7$~SHL$OSPACE$EBA8$MICROLIB$REQ8$PRES8$EABIv2 0x00000000   Number         0  anon$$obj.o ABSOLUTE
    __ARM_use_no_argv                        0x00000000   Number         0  main.o ABSOLUTE
    __cpp_initialize__aeabi_                  - Undefined Weak Reference
    __cxa_finalize                            - Undefined Weak Reference
    _clock_init                               - Undefined Weak Reference
    _microlib_exit                            - Undefined Weak Reference
    __Vectors_Size                           0x000000c0   Number         0  startup_py32f072xx.o ABSOLUTE
    __Vectors                                0x08000000   Data           4  startup_py32f072xx.o(RESET)
    __Vectors_End                            0x080000c0   Data           0  startup_py32f072xx.o(RESET)
    __main                                   0x080000c1   Thumb Code     0  entry.o(.ARM.Collect$$$$00000000)
    _main_stk                                0x080000c1   Thumb Code     0  entry2.o(.ARM.Collect$$$$00000001)
    _main_scatterload                        0x080000c5   Thumb Code     0  entry5.o(.ARM.Collect$$$$00000004)
    __main_after_scatterload                 0x080000c9   Thumb Code     0  entry5.o(.ARM.Collect$$$$00000004)
    _main_clock                              0x080000c9   Thumb Code     0  entry7b.o(.ARM.Collect$$$$00000008)
    _main_cpp_init                           0x080000c9   Thumb Code     0  entry8b.o(.ARM.Collect$$$$0000000A)
    _main_init                               0x080000c9   Thumb Code     0  entry9a.o(.ARM.Collect$$$$0000000B)
    __rt_final_cpp                           0x080000d1   Thumb Code     0  entry10a.o(.ARM.Collect$$$$0000000D)
    __rt_final_exit                          0x080000d1   Thumb Code     0  entry11a.o(.ARM.Collect$$$$0000000F)
    Reset_Handler                            0x080000d5   Thumb Code     8  startup_py32f072xx.o(.text)
    ADC_COMP_IRQHandler                      0x080000e7   Thumb Code     0  startup_py32f072xx.o(.text)
    CAN_IRQHandler                           0x080000e7   Thumb Code     0  startup_py32f072xx.o(.text)
    DMA1_Channel1_IRQHandler                 0x080000e7   Thumb Code     0  startup_py32f072xx.o(.text)
    DMA1_Channel2_3_IRQHandler               0x080000e7   Thumb Code     0  startup_py32f072xx.o(.text)
    DMA1_Channel4_5_6_7_IRQHandler           0x080000e7   Thumb Code     0  startup_py32f072xx.o(.text)
    EXTI0_1_IRQHandler                       0x080000e7   Thumb Code     0  startup_py32f072xx.o(.text)
    EXTI2_3_IRQHandler                       0x080000e7   Thumb Code     0  startup_py32f072xx.o(.text)
    EXTI4_15_IRQHandler                      0x080000e7   Thumb Code     0  startup_py32f072xx.o(.text)
    FLASH_IRQHandler                         0x080000e7   Thumb Code     0  startup_py32f072xx.o(.text)
    I2C1_IRQHandler                          0x080000e7   Thumb Code     0  startup_py32f072xx.o(.text)
    I2C2_IRQHandler                          0x080000e7   Thumb Code     0  startup_py32f072xx.o(.text)
    LCD_IRQHandler                           0x080000e7   Thumb Code     0  startup_py32f072xx.o(.text)
    PVD_IRQHandler                           0x080000e7   Thumb Code     0  startup_py32f072xx.o(.text)
    RCC_IRQHandler                           0x080000e7   Thumb Code     0  startup_py32f072xx.o(.text)
    RTC_IRQHandler                           0x080000e7   Thumb Code     0  startup_py32f072xx.o(.text)
    SPI1_IRQHandler                          0x080000e7   Thumb Code     0  startup_py32f072xx.o(.text)
    SPI2_IRQHandler                          0x080000e7   Thumb Code     0  startup_py32f072xx.o(.text)
    TIM14_IRQHandler                         0x080000e7   Thumb Code     0  startup_py32f072xx.o(.text)
    TIM15_IRQHandler                         0x080000e7   Thumb Code     0  startup_py32f072xx.o(.text)
    TIM16_IRQHandler                         0x080000e7   Thumb Code     0  startup_py32f072xx.o(.text)
    TIM17_IRQHandler                         0x080000e7   Thumb Code     0  startup_py32f072xx.o(.text)
    TIM1_BRK_UP_TRG_COM_IRQHandler           0x080000e7   Thumb Code     0  startup_py32f072xx.o(.text)
    TIM1_CC_IRQHandler                       0x080000e7   Thumb Code     0  startup_py32f072xx.o(.text)
    TIM2_IRQHandler                          0x080000e7   Thumb Code     0  startup_py32f072xx.o(.text)
    TIM3_IRQHandler                          0x080000e7   Thumb Code     0  startup_py32f072xx.o(.text)
    TIM6_LPTIM1_DAC_IRQHandler               0x080000e7   Thumb Code     0  startup_py32f072xx.o(.text)
    TIM7_IRQHandler                          0x080000e7   Thumb Code     0  startup_py32f072xx.o(.text)
    USART1_IRQHandler                        0x080000e7   Thumb Code     0  startup_py32f072xx.o(.text)
    USART2_IRQHandler                        0x080000e7   Thumb Code     0  startup_py32f072xx.o(.text)
    USART3_4_IRQHandler                      0x080000e7   Thumb Code     0  startup_py32f072xx.o(.text)
    WWDG_IRQHandler                          0x080000e7   Thumb Code     0  startup_py32f072xx.o(.text)
    __aeabi_uidiv                            0x080000f1   Thumb Code     0  uidiv.o(.text)
    __aeabi_uidivmod                         0x080000f1   Thumb Code    44  uidiv.o(.text)
    __aeabi_memcpy                           0x0800011d   Thumb Code    36  memcpya.o(.text)
    __aeabi_memcpy4                          0x0800011d   Thumb Code     0  memcpya.o(.text)
    __aeabi_memcpy8                          0x0800011d   Thumb Code     0  memcpya.o(.text)
    __aeabi_memset                           0x08000141   Thumb Code    14  memseta.o(.text)
    __aeabi_memset4                          0x08000141   Thumb Code     0  memseta.o(.text)
    __aeabi_memset8                          0x08000141   Thumb Code     0  memseta.o(.text)
    __aeabi_memclr                           0x0800014f   Thumb Code     4  memseta.o(.text)
    __aeabi_memclr4                          0x0800014f   Thumb Code     0  memseta.o(.text)
    __aeabi_memclr8                          0x0800014f   Thumb Code     0  memseta.o(.text)
    _memset$wrapper                          0x08000153   Thumb Code    18  memseta.o(.text)
    __scatterload                            0x08000165   Thumb Code    28  init.o(.text)
    __scatterload_rt2                        0x08000165   Thumb Code     0  init.o(.text)
    __decompress                             0x08000189   Thumb Code     0  __dczerorl2.o(.text)
    __decompress1                            0x08000189   Thumb Code    86  __dczerorl2.o(.text)
    APP_Bootloader_Go                        0x080001e1   Thumb Code    52  app_bootloader.o(i.APP_Bootloader_Go)
    APP_Bootloader_Init                      0x0800021d   Thumb Code    54  app_bootloader.o(i.APP_Bootloader_Init)
    APP_Bootloader_ProtocolDetection         0x0800025d   Thumb Code   524  app_bootloader.o(i.APP_Bootloader_ProtocolDetection)
    APP_Bootloader_ReadByte                  0x08000485   Thumb Code    16  app_bootloader.o(i.APP_Bootloader_ReadByte)
    APP_Bootloader_ReadData                  0x08000495   Thumb Code    80  app_bootloader.o(i.APP_Bootloader_ReadData)
    APP_Bootloader_SendByte                  0x080004f9   Thumb Code    12  app_bootloader.o(i.APP_Bootloader_SendByte)
    APP_Bootloader_SendData                  0x08000505   Thumb Code    80  app_bootloader.o(i.APP_Bootloader_SendData)
    APP_ExtendedErase                        0x0800069d   Thumb Code   198  app_bootloader.o(i.APP_ExtendedErase)
    APP_GetXOR                               0x08000763   Thumb Code    22  app_bootloader.o(i.APP_GetXOR)
    APP_Go                                   0x08000779   Thumb Code    34  app_bootloader.o(i.APP_Go)
    APP_I2C_ReadData                         0x0800079d   Thumb Code   120  app_i2c.o(i.APP_I2C_ReadData)
    APP_I2C_SendData                         0x08000819   Thumb Code   114  app_i2c.o(i.APP_I2C_SendData)
    APP_MassErase                            0x08000891   Thumb Code    54  app_flash.o(i.APP_MassErase)
    APP_PageErase                            0x080008d1   Thumb Code   142  app_flash.o(i.APP_PageErase)
    APP_ReadMemory                           0x0800096d   Thumb Code   160  app_bootloader.o(i.APP_ReadMemory)
    APP_SectorErase                          0x08000a1d   Thumb Code    88  app_flash.o(i.APP_SectorErase)
    APP_USART_InitTx                         0x08000b31   Thumb Code   168  app_usart.o(i.APP_USART_InitTx)
    HAL_GPIO_WritePin                        0x08000bf1   Thumb Code    12  py32f07x_hal_gpio.o(i.HAL_GPIO_WritePin)
    BID_DATA                                 0x08000bfc   Data           4  app_bootloader.o(.ARM.__AT_0x08000BFC)
    APP_USART_InitRx                         0x08000c01   Thumb Code   274  app_usart.o(i.APP_USART_InitRx)
    APP_USART_ReadData                       0x08000d35   Thumb Code    42  app_usart.o(i.APP_USART_ReadData)
    APP_USART_SendData                       0x08000d5f   Thumb Code    60  app_usart.o(i.APP_USART_SendData)
    APP_WDG_Init                             0x08000d9d   Thumb Code    48  app_wdg.o(i.APP_WDG_Init)
    APP_WDG_Refresh                          0x08000de1   Thumb Code    18  app_wdg.o(i.APP_WDG_Refresh)
    APP_WriteFlash                           0x08000e01   Thumb Code   252  app_flash.o(i.APP_WriteFlash)
    APP_WriteMemory                          0x08000f05   Thumb Code   140  app_bootloader.o(i.APP_WriteMemory)
    APP_WriteOption                          0x08000f91   Thumb Code   230  app_flash.o(i.APP_WriteOption)
    APP_WriteProtect                         0x08001089   Thumb Code    86  app_bootloader.o(i.APP_WriteProtect)
    BSP_LED_Init                             0x080010e9   Thumb Code    64  py32f072xx_start_kit.o(i.BSP_LED_Init)
    BSP_LED_Toggle                           0x08001135   Thumb Code    20  py32f072xx_start_kit.o(i.BSP_LED_Toggle)
    BSP_PB_GetState                          0x08001151   Thumb Code    20  py32f072xx_start_kit.o(i.BSP_PB_GetState)
    BSP_PB_Init                              0x0800116d   Thumb Code   102  py32f072xx_start_kit.o(i.BSP_PB_Init)
    GetAddressArea                           0x080011e5   Thumb Code   242  app_bootloader.o(i.GetAddressArea)
    HAL_GPIO_Init                            0x08001311   Thumb Code   278  py32f07x_hal_gpio.o(i.HAL_GPIO_Init)
    HAL_GPIO_ReadPin                         0x08001435   Thumb Code    14  py32f07x_hal_gpio.o(i.HAL_GPIO_ReadPin)
    HAL_GPIO_TogglePin                       0x08001443   Thumb Code    14  py32f07x_hal_gpio.o(i.HAL_GPIO_TogglePin)
    HAL_GetTick                              0x08001451   Thumb Code     6  py32f07x_hal.o(i.HAL_GetTick)
    HAL_IncTick                              0x0800145d   Thumb Code    12  py32f07x_hal.o(i.HAL_IncTick)
    HAL_Init                                 0x0800146d   Thumb Code    26  py32f07x_hal.o(i.HAL_Init)
    HAL_InitTick                             0x08001489   Thumb Code    72  py32f07x_hal.o(i.HAL_InitTick)
    HAL_MspInit                              0x080014d9   Thumb Code    38  py32f07x_hal_msp.o(i.HAL_MspInit)
    HAL_NVIC_EnableIRQ                       0x08001505   Thumb Code    14  py32f07x_hal_cortex.o(i.HAL_NVIC_EnableIRQ)
    HAL_NVIC_SetPriority                     0x08001519   Thumb Code     8  py32f07x_hal_cortex.o(i.HAL_NVIC_SetPriority)
    HAL_RCC_ClockConfig                      0x08001521   Thumb Code   348  py32f07x_hal_rcc.o(i.HAL_RCC_ClockConfig)
    HAL_RCC_GetSysClockFreq                  0x08001695   Thumb Code   186  py32f07x_hal_rcc.o(i.HAL_RCC_GetSysClockFreq)
    HAL_RCC_OscConfig                        0x0800175d   Thumb Code  1168  py32f07x_hal_rcc.o(i.HAL_RCC_OscConfig)
    HAL_SYSTICK_Config                       0x08001bed   Thumb Code    38  py32f07x_hal_cortex.o(i.HAL_SYSTICK_Config)
    HardFault_Handler                        0x08001c1d   Thumb Code     2  py32f07x_it.o(i.HardFault_Handler)
    NMI_Handler                              0x08001c1f   Thumb Code     2  py32f07x_it.o(i.NMI_Handler)
    PendSV_Handler                           0x08001c81   Thumb Code     2  py32f07x_it.o(i.PendSV_Handler)
    SVC_Handler                              0x08001c9d   Thumb Code     2  py32f07x_it.o(i.SVC_Handler)
    SysTick_Handler                          0x08001c9f   Thumb Code     8  py32f07x_it.o(i.SysTick_Handler)
    SystemInit                               0x08001ca9   Thumb Code    32  system_py32f07x.o(i.SystemInit)
    USBD_IRQHandler                          0x08001cd9   Thumb Code   356  usb_dc_py32.o(i.USBD_IRQHandler)
    USB_IRQHandler                           0x08001e49   Thumb Code     8  py32f07x_it.o(i.USB_IRQHandler)
    __ARM_common_switch8                     0x08001e51   Thumb Code    26  app_bootloader.o(i.__ARM_common_switch8)
    __scatterload_copy                       0x08001e6b   Thumb Code    14  handlers.o(i.__scatterload_copy)
    __scatterload_null                       0x08001e79   Thumb Code     2  handlers.o(i.__scatterload_null)
    __scatterload_zeroinit                   0x08001e7b   Thumb Code    14  handlers.o(i.__scatterload_zeroinit)
    app_blink                                0x08001e89   Thumb Code    26  app_usart.o(i.app_blink)
    free                                     0x08001ead   Thumb Code    80  malloc.o(i.free)
    hid_custom_dfu_read_data                 0x08001ff5   Thumb Code    86  usbd_hid_inout_if.o(i.hid_custom_dfu_read_data)
    hid_custom_dfu_send_data                 0x08002055   Thumb Code   128  usbd_hid_inout_if.o(i.hid_custom_dfu_send_data)
    main                                     0x080020e9   Thumb Code    58  main.o(i.main)
    malloc                                   0x0800212d   Thumb Code    92  malloc.o(i.malloc)
    usbd_configure_done_callback             0x0800229d   Thumb Code    14  usbd_hid_inout_if.o(i.usbd_configure_done_callback)
    usbd_ep_clear_stall                      0x080022b1   Thumb Code    98  usb_dc_py32.o(i.usbd_ep_clear_stall)
    usbd_ep_close                            0x08002319   Thumb Code     4  usb_dc_py32.o(i.usbd_ep_close)
    usbd_ep_open                             0x0800231d   Thumb Code   238  usb_dc_py32.o(i.usbd_ep_open)
    usbd_ep_set_stall                        0x08002415   Thumb Code    90  usb_dc_py32.o(i.usbd_ep_set_stall)
    usbd_ep_start_read                       0x08002479   Thumb Code   122  usb_dc_py32.o(i.usbd_ep_start_read)
    usbd_ep_start_write                      0x08002501   Thumb Code   216  usb_dc_py32.o(i.usbd_ep_start_write)
    usbd_event_ep0_setup_complete_handler    0x080025e5   Thumb Code   158  usbd_core.o(i.usbd_event_ep0_setup_complete_handler)
    usbd_event_ep_in_complete_handler        0x08002689   Thumb Code   102  usbd_core.o(i.usbd_event_ep_in_complete_handler)
    usbd_event_ep_out_complete_handler       0x080026f5   Thumb Code   100  usbd_core.o(i.usbd_event_ep_out_complete_handler)
    usbd_event_reset_handler                 0x0800275d   Thumb Code    54  usbd_core.o(i.usbd_event_reset_handler)
    usbd_set_address                         0x08002899   Thumb Code    18  usb_dc_py32.o(i.usbd_set_address)
    AHBPrescTable                            0x08002cb4   Data          64  system_py32f07x.o(.constdata)
    HSIFreqTable                             0x08002cf4   Data          32  system_py32f07x.o(.constdata)
    BOOTLOADER_CMD                           0x08002d14   Data          12  app_bootloader.o(.constdata)
    BUTTON_IRQn                              0x08002d20   Data           1  py32f072xx_start_kit.o(.constdata)
    LED_PIN                                  0x08002d22   Data           2  py32f072xx_start_kit.o(.constdata)
    BUTTON_PIN                               0x08002d24   Data           2  py32f072xx_start_kit.o(.constdata)
    Region$$Table$$Base                      0x08002d5c   Number         0  anon$$obj.o(Region$$Table)
    Region$$Table$$Limit                     0x08002d7c   Number         0  anon$$obj.o(Region$$Table)
    SystemCoreClock                          0x20000000   Data           4  system_py32f07x.o(.data)
    guc_usbd_hid_custom_out_callback_flag    0x20000004   Data           1  usbd_hid_inout_if.o(.data)
    guc_InterfaceDetection                   0x20000018   Data           1  app_bootloader.o(.data)
    LED_PORT                                 0x20000020   Data           4  py32f072xx_start_kit.o(.data)
    BUTTON_PORT                              0x20000024   Data           4  py32f072xx_start_kit.o(.data)
    uwTickPrio                               0x20000028   Data           4  py32f07x_hal.o(.data)
    uwTickFreq                               0x2000002c   Data           4  py32f07x_hal.o(.data)
    uwTick                                   0x20000030   Data           4  py32f07x_hal.o(.data)
    usbd_intf_head                           0x20000034   Data           4  usbd_core.o(.data)
    __microlib_freelist                      0x20000048   Data           4  mvars.o(.data)
    __microlib_freelist_initialised          0x2000004c   Data           4  mvars.o(.data)
    guc_usbd_read_buffer                     0x20000050   Data          64  usbd_hid_inout_if.o(.noncacheable)
    usbd_core_cfg                            0x20000090   Data         352  usbd_core.o(.noncacheable)
    g_pyusb_udc                              0x20000200   Data         384  usb_dc_py32.o(.bss)
    __heap_base                              0x20000380   Data           0  startup_py32f072xx.o(HEAP)
    __heap_limit                             0x20000380   Data           0  startup_py32f072xx.o(HEAP)
    __initial_sp                             0x20000780   Data           0  startup_py32f072xx.o(STACK)



==============================================================================

Memory Map of the image

  Image Entry point : 0x080000c1

  Load Region LR_IROM1 (Base: 0x08000000, Size: 0x00002f6c, Max: 0x00004000, ABSOLUTE, COMPRESSED[0x00002d98])

    Execution Region ER_IROM1 (Exec base: 0x08000000, Load base: 0x08000000, Size: 0x00002d7c, Max: 0x00004000, ABSOLUTE)

    Exec Addr    Load Addr    Size         Type   Attr      Idx    E Section Name        Object

    0x08000000   0x08000000   0x000000c0   Data   RO            3    RESET               startup_py32f072xx.o
    0x080000c0   0x080000c0   0x00000000   Code   RO         2622  * .ARM.Collect$$$$00000000  mc_p.l(entry.o)
    0x080000c0   0x080000c0   0x00000004   Code   RO         2661    .ARM.Collect$$$$00000001  mc_p.l(entry2.o)
    0x080000c4   0x080000c4   0x00000004   Code   RO         2664    .ARM.Collect$$$$00000004  mc_p.l(entry5.o)
    0x080000c8   0x080000c8   0x00000000   Code   RO         2666    .ARM.Collect$$$$00000008  mc_p.l(entry7b.o)
    0x080000c8   0x080000c8   0x00000000   Code   RO         2668    .ARM.Collect$$$$0000000A  mc_p.l(entry8b.o)
    0x080000c8   0x080000c8   0x00000008   Code   RO         2669    .ARM.Collect$$$$0000000B  mc_p.l(entry9a.o)
    0x080000d0   0x080000d0   0x00000000   Code   RO         2671    .ARM.Collect$$$$0000000D  mc_p.l(entry10a.o)
    0x080000d0   0x080000d0   0x00000000   Code   RO         2673    .ARM.Collect$$$$0000000F  mc_p.l(entry11a.o)
    0x080000d0   0x080000d0   0x00000004   Code   RO         2662    .ARM.Collect$$$$00002712  mc_p.l(entry2.o)
    0x080000d4   0x080000d4   0x0000001c   Code   RO            4    .text               startup_py32f072xx.o
    0x080000f0   0x080000f0   0x0000002c   Code   RO         2625    .text               mc_p.l(uidiv.o)
    0x0800011c   0x0800011c   0x00000024   Code   RO         2627    .text               mc_p.l(memcpya.o)
    0x08000140   0x08000140   0x00000024   Code   RO         2629    .text               mc_p.l(memseta.o)
    0x08000164   0x08000164   0x00000024   Code   RO         2677    .text               mc_p.l(init.o)
    0x08000188   0x08000188   0x00000056   Code   RO         2687    .text               mc_p.l(__dczerorl2.o)
    0x080001de   0x080001de   0x00000002   PAD
    0x080001e0   0x080001e0   0x0000003c   Code   RO          353    i.APP_Bootloader_Go  app_bootloader.o
    0x0800021c   0x0800021c   0x00000040   Code   RO          354    i.APP_Bootloader_Init  app_bootloader.o
    0x0800025c   0x0800025c   0x00000228   Code   RO          355    i.APP_Bootloader_ProtocolDetection  app_bootloader.o
    0x08000484   0x08000484   0x00000010   Code   RO          356    i.APP_Bootloader_ReadByte  app_bootloader.o
    0x08000494   0x08000494   0x00000064   Code   RO          357    i.APP_Bootloader_ReadData  app_bootloader.o
    0x080004f8   0x080004f8   0x0000000c   Code   RO          358    i.APP_Bootloader_SendByte  app_bootloader.o
    0x08000504   0x08000504   0x00000064   Code   RO          359    i.APP_Bootloader_SendData  app_bootloader.o
    0x08000568   0x08000568   0x00000134   Code   RO          360    i.APP_DeInitInterface  app_bootloader.o
    0x0800069c   0x0800069c   0x000000c6   Code   RO          361    i.APP_ExtendedErase  app_bootloader.o
    0x08000762   0x08000762   0x00000016   Code   RO          362    i.APP_GetXOR        app_bootloader.o
    0x08000778   0x08000778   0x00000022   Code   RO          363    i.APP_Go            app_bootloader.o
    0x0800079a   0x0800079a   0x00000002   PAD
    0x0800079c   0x0800079c   0x0000007c   Code   RO          519    i.APP_I2C_ReadData  app_i2c.o
    0x08000818   0x08000818   0x00000078   Code   RO          520    i.APP_I2C_SendData  app_i2c.o
    0x08000890   0x08000890   0x00000040   Code   RO          474    i.APP_MassErase     app_flash.o
    0x080008d0   0x080008d0   0x0000009c   Code   RO          475    i.APP_PageErase     app_flash.o
    0x0800096c   0x0800096c   0x000000b0   Code   RO          364    i.APP_ReadMemory    app_bootloader.o
    0x08000a1c   0x08000a1c   0x00000060   Code   RO          476    i.APP_SectorErase   app_flash.o
    0x08000a7c   0x08000a7c   0x00000050   Code   RO          365    i.APP_SetFlashParameter  app_bootloader.o
    0x08000acc   0x08000acc   0x00000064   Code   RO          118    i.APP_SystemClockConfig  main.o
    0x08000b30   0x08000b30   0x000000c0   Code   RO          557    i.APP_USART_InitTx  app_usart.o
    0x08000bf0   0x08000bf0   0x0000000c   Code   RO         1119    i.HAL_GPIO_WritePin  py32f07x_hal_gpio.o
    0x08000bfc   0x08000bfc   0x00000004   Data   RO          369    .ARM.__AT_0x08000BFC  app_bootloader.o
    0x08000c00   0x08000c00   0x00000134   Code   RO          556    i.APP_USART_InitRx  app_usart.o
    0x08000d34   0x08000d34   0x0000002a   Code   RO          558    i.APP_USART_ReadData  app_usart.o
    0x08000d5e   0x08000d5e   0x0000003c   Code   RO          559    i.APP_USART_SendData  app_usart.o
    0x08000d9a   0x08000d9a   0x00000002   PAD
    0x08000d9c   0x08000d9c   0x00000044   Code   RO          601    i.APP_WDG_Init      app_wdg.o
    0x08000de0   0x08000de0   0x00000020   Code   RO          602    i.APP_WDG_Refresh   app_wdg.o
    0x08000e00   0x08000e00   0x00000104   Code   RO          477    i.APP_WriteFlash    app_flash.o
    0x08000f04   0x08000f04   0x0000008c   Code   RO          366    i.APP_WriteMemory   app_bootloader.o
    0x08000f90   0x08000f90   0x000000f8   Code   RO          478    i.APP_WriteOption   app_flash.o
    0x08001088   0x08001088   0x00000060   Code   RO          367    i.APP_WriteProtect  app_bootloader.o
    0x080010e8   0x080010e8   0x0000004c   Code   RO          629    i.BSP_LED_Init      py32f072xx_start_kit.o
    0x08001134   0x08001134   0x0000001c   Code   RO          632    i.BSP_LED_Toggle    py32f072xx_start_kit.o
    0x08001150   0x08001150   0x0000001c   Code   RO          634    i.BSP_PB_GetState   py32f072xx_start_kit.o
    0x0800116c   0x0800116c   0x00000078   Code   RO          635    i.BSP_PB_Init       py32f072xx_start_kit.o
    0x080011e4   0x080011e4   0x0000012c   Code   RO          368    i.GetAddressArea    app_bootloader.o
    0x08001310   0x08001310   0x00000124   Code   RO         1115    i.HAL_GPIO_Init     py32f07x_hal_gpio.o
    0x08001434   0x08001434   0x0000000e   Code   RO         1117    i.HAL_GPIO_ReadPin  py32f07x_hal_gpio.o
    0x08001442   0x08001442   0x0000000e   Code   RO         1118    i.HAL_GPIO_TogglePin  py32f07x_hal_gpio.o
    0x08001450   0x08001450   0x0000000c   Code   RO          729    i.HAL_GetTick       py32f07x_hal.o
    0x0800145c   0x0800145c   0x00000010   Code   RO          735    i.HAL_IncTick       py32f07x_hal.o
    0x0800146c   0x0800146c   0x0000001a   Code   RO          736    i.HAL_Init          py32f07x_hal.o
    0x08001486   0x08001486   0x00000002   PAD
    0x08001488   0x08001488   0x00000050   Code   RO          737    i.HAL_InitTick      py32f07x_hal.o
    0x080014d8   0x080014d8   0x0000002c   Code   RO          170    i.HAL_MspInit       py32f07x_hal_msp.o
    0x08001504   0x08001504   0x00000014   Code   RO          923    i.HAL_NVIC_EnableIRQ  py32f07x_hal_cortex.o
    0x08001518   0x08001518   0x00000008   Code   RO          927    i.HAL_NVIC_SetPriority  py32f07x_hal_cortex.o
    0x08001520   0x08001520   0x00000174   Code   RO         1175    i.HAL_RCC_ClockConfig  py32f07x_hal_rcc.o
    0x08001694   0x08001694   0x000000c8   Code   RO         1184    i.HAL_RCC_GetSysClockFreq  py32f07x_hal_rcc.o
    0x0800175c   0x0800175c   0x00000490   Code   RO         1188    i.HAL_RCC_OscConfig  py32f07x_hal_rcc.o
    0x08001bec   0x08001bec   0x00000030   Code   RO          931    i.HAL_SYSTICK_Config  py32f07x_hal_cortex.o
    0x08001c1c   0x08001c1c   0x00000002   Code   RO          190    i.HardFault_Handler  py32f07x_it.o
    0x08001c1e   0x08001c1e   0x00000002   Code   RO          191    i.NMI_Handler       py32f07x_it.o
    0x08001c20   0x08001c20   0x00000044   Code   RO          933    i.NVIC_SetPriority  py32f07x_hal_cortex.o
    0x08001c64   0x08001c64   0x0000001c   Code   RO          119    i.NVIC_SystemReset  main.o
    0x08001c80   0x08001c80   0x00000002   Code   RO          192    i.PendSV_Handler    py32f07x_it.o
    0x08001c82   0x08001c82   0x00000002   PAD
    0x08001c84   0x08001c84   0x00000018   Code   RO         1189    i.RCC_GetHSIFreq    py32f07x_hal_rcc.o
    0x08001c9c   0x08001c9c   0x00000002   Code   RO          193    i.SVC_Handler       py32f07x_it.o
    0x08001c9e   0x08001c9e   0x00000008   Code   RO          194    i.SysTick_Handler   py32f07x_it.o
    0x08001ca6   0x08001ca6   0x00000002   PAD
    0x08001ca8   0x08001ca8   0x00000030   Code   RO           12    i.SystemInit        system_py32f07x.o
    0x08001cd8   0x08001cd8   0x00000170   Code   RO         2436    i.USBD_IRQHandler   usb_dc_py32.o
    0x08001e48   0x08001e48   0x00000008   Code   RO          195    i.USB_IRQHandler    py32f07x_it.o
    0x08001e50   0x08001e50   0x0000001a   Code   RO          461    i.__ARM_common_switch8  app_bootloader.o
    0x08001e6a   0x08001e6a   0x0000000e   Code   RO         2681    i.__scatterload_copy  mc_p.l(handlers.o)
    0x08001e78   0x08001e78   0x00000002   Code   RO         2682    i.__scatterload_null  mc_p.l(handlers.o)
    0x08001e7a   0x08001e7a   0x0000000e   Code   RO         2683    i.__scatterload_zeroinit  mc_p.l(handlers.o)
    0x08001e88   0x08001e88   0x00000024   Code   RO          560    i.app_blink         app_usart.o
    0x08001eac   0x08001eac   0x00000054   Code   RO         2633    i.free              mc_p.l(malloc.o)
    0x08001f00   0x08001f00   0x000000f4   Code   RO         2437    i.handle_ep0        usb_dc_py32.o
    0x08001ff4   0x08001ff4   0x00000060   Code   RO          250    i.hid_custom_dfu_read_data  usbd_hid_inout_if.o
    0x08002054   0x08002054   0x00000084   Code   RO          251    i.hid_custom_dfu_send_data  usbd_hid_inout_if.o
    0x080020d8   0x080020d8   0x00000010   Code   RO         2235    i.is_device_configured  usbd_core.o
    0x080020e8   0x080020e8   0x00000044   Code   RO          120    i.main              main.o
    0x0800212c   0x0800212c   0x0000006c   Code   RO         2634    i.malloc            mc_p.l(malloc.o)
    0x08002198   0x08002198   0x0000000c   Code   RO         2438    i.pyusb_get_active_ep  usb_dc_py32.o
    0x080021a4   0x080021a4   0x0000001e   Code   RO         2439    i.pyusb_get_fifo_size  usb_dc_py32.o
    0x080021c2   0x080021c2   0x00000002   PAD
    0x080021c4   0x080021c4   0x00000020   Code   RO         2440    i.pyusb_read_packet  usb_dc_py32.o
    0x080021e4   0x080021e4   0x0000000c   Code   RO         2441    i.pyusb_set_active_ep  usb_dc_py32.o
    0x080021f0   0x080021f0   0x00000020   Code   RO         2442    i.pyusb_write_packet  usb_dc_py32.o
    0x08002210   0x08002210   0x00000024   Code   RO         2240    i.usbd_class_event_notify_handler  usbd_core.o
    0x08002234   0x08002234   0x00000068   Code   RO         2241    i.usbd_class_request_handler  usbd_core.o
    0x0800229c   0x0800229c   0x00000014   Code   RO          253    i.usbd_configure_done_callback  usbd_hid_inout_if.o
    0x080022b0   0x080022b0   0x00000068   Code   RO         2447    i.usbd_ep_clear_stall  usb_dc_py32.o
    0x08002318   0x08002318   0x00000004   Code   RO         2448    i.usbd_ep_close     usb_dc_py32.o
    0x0800231c   0x0800231c   0x000000f8   Code   RO         2450    i.usbd_ep_open      usb_dc_py32.o
    0x08002414   0x08002414   0x00000064   Code   RO         2451    i.usbd_ep_set_stall  usb_dc_py32.o
    0x08002478   0x08002478   0x00000088   Code   RO         2452    i.usbd_ep_start_read  usb_dc_py32.o
    0x08002500   0x08002500   0x000000e4   Code   RO         2453    i.usbd_ep_start_write  usb_dc_py32.o
    0x080025e4   0x080025e4   0x000000a4   Code   RO         2246    i.usbd_event_ep0_setup_complete_handler  usbd_core.o
    0x08002688   0x08002688   0x0000006c   Code   RO         2247    i.usbd_event_ep_in_complete_handler  usbd_core.o
    0x080026f4   0x080026f4   0x00000068   Code   RO         2248    i.usbd_event_ep_out_complete_handler  usbd_core.o
    0x0800275c   0x0800275c   0x0000003c   Code   RO         2249    i.usbd_event_reset_handler  usbd_core.o
    0x08002798   0x08002798   0x000000a4   Code   RO         2252    i.usbd_get_descriptor  usbd_core.o
    0x0800283c   0x0800283c   0x0000000c   Code   RO          254    i.usbd_hid_custom_in_callback  usbd_hid_inout_if.o
    0x08002848   0x08002848   0x0000001c   Code   RO          255    i.usbd_hid_custom_out_callback  usbd_hid_inout_if.o
    0x08002864   0x08002864   0x00000002   Code   RO         2256    i.usbd_print_setup  usbd_core.o
    0x08002866   0x08002866   0x00000032   Code   RO         2257    i.usbd_reset_endpoint  usbd_core.o
    0x08002898   0x08002898   0x0000001c   Code   RO         2454    i.usbd_set_address  usb_dc_py32.o
    0x080028b4   0x080028b4   0x00000054   Code   RO         2258    i.usbd_set_configuration  usbd_core.o
    0x08002908   0x08002908   0x00000032   Code   RO         2259    i.usbd_set_endpoint  usbd_core.o
    0x0800293a   0x0800293a   0x00000002   PAD
    0x0800293c   0x0800293c   0x0000006c   Code   RO         2260    i.usbd_set_interface  usbd_core.o
    0x080029a8   0x080029a8   0x00000058   Code   RO         2261    i.usbd_setup_request_handler  usbd_core.o
    0x08002a00   0x08002a00   0x00000044   Code   RO         2262    i.usbd_standard_request_handler  usbd_core.o
    0x08002a44   0x08002a44   0x00000098   Code   RO         2263    i.usbd_std_device_req_handler  usbd_core.o
    0x08002adc   0x08002adc   0x00000084   Code   RO         2264    i.usbd_std_endpoint_req_handler  usbd_core.o
    0x08002b60   0x08002b60   0x000000b8   Code   RO         2265    i.usbd_std_interface_req_handler  usbd_core.o
    0x08002c18   0x08002c18   0x0000009c   Code   RO         2266    i.usbd_vendor_request_handler  usbd_core.o
    0x08002cb4   0x08002cb4   0x00000040   Data   RO           13    .constdata          system_py32f07x.o
    0x08002cf4   0x08002cf4   0x00000020   Data   RO           15    .constdata          system_py32f07x.o
    0x08002d14   0x08002d14   0x0000000c   Data   RO          370    .constdata          app_bootloader.o
    0x08002d20   0x08002d20   0x00000006   Data   RO          640    .constdata          py32f072xx_start_kit.o
    0x08002d26   0x08002d26   0x00000002   PAD
    0x08002d28   0x08002d28   0x00000034   Data   RO         1190    .constdata          py32f07x_hal_rcc.o
    0x08002d5c   0x08002d5c   0x00000020   Data   RO         2679    Region$$Table       anon$$obj.o


    Execution Region RW_IRAM1 (Exec base: 0x20000000, Load base: 0x08002d7c, Size: 0x00000780, Max: 0x00000800, ABSOLUTE, COMPRESSED[0x0000001c])

    Exec Addr    Load Addr    Size         Type   Attr      Idx    E Section Name        Object

    0x20000000   COMPRESSED   0x00000004   Data   RW           16    .data               system_py32f07x.o
    0x20000004   COMPRESSED   0x00000014   Data   RW          258    .data               usbd_hid_inout_if.o
    0x20000018   COMPRESSED   0x00000001   Data   RW          371    .data               app_bootloader.o
    0x20000019   COMPRESSED   0x00000003   PAD
    0x2000001c   COMPRESSED   0x00000004   Data   RW          561    .data               app_usart.o
    0x20000020   COMPRESSED   0x00000008   Data   RW          641    .data               py32f072xx_start_kit.o
    0x20000028   COMPRESSED   0x0000000c   Data   RW          751    .data               py32f07x_hal.o
    0x20000034   COMPRESSED   0x00000010   Data   RW         2267    .data               usbd_core.o
    0x20000044   COMPRESSED   0x00000001   Data   RW         2456    .data               usb_dc_py32.o
    0x20000045   COMPRESSED   0x00000003   PAD
    0x20000048   COMPRESSED   0x00000004   Data   RW         2675    .data               mc_p.l(mvars.o)
    0x2000004c   COMPRESSED   0x00000004   Data   RW         2676    .data               mc_p.l(mvars.o)
    0x20000050   COMPRESSED   0x00000040   Data   RW          259    .noncacheable       usbd_hid_inout_if.o
    0x20000090   COMPRESSED   0x00000160   Data   RW         2268    .noncacheable       usbd_core.o
    0x200001f0   COMPRESSED   0x00000010   PAD
    0x20000200        -       0x00000180   Zero   RW         2455    .bss                usb_dc_py32.o
    0x20000380        -       0x00000000   Zero   RW            2    HEAP                startup_py32f072xx.o
    0x20000380        -       0x00000400   Zero   RW            1    STACK               startup_py32f072xx.o


==============================================================================

Image component sizes


      Code (inc. data)   RO Data    RW Data    ZI Data      Debug   Object Name

      2284        212         16          1          0      15211   app_bootloader.o
       824         58          0          0          0       5333   app_flash.o
       244         10          0          0          0       1822   app_i2c.o
       638         68          0          4          0       3696   app_usart.o
       100         34          0          0          0        977   app_wdg.o
       196         24          0          0          0       8171   main.o
       252         46          6          8          0       6730   py32f072xx_start_kit.o
       134         18          0         12          0       3537   py32f07x_hal.o
       144         24          0          0          0       9449   py32f07x_hal_cortex.o
       332         14          0          0          0       3832   py32f07x_hal_gpio.o
        44          6          0          0          0        894   py32f07x_hal_msp.o
      1764         86         52          0          0       6436   py32f07x_hal_rcc.o
        24          0          0          0          0       2800   py32f07x_it.o
        28          8        192          0       1024        680   startup_py32f072xx.o
        48         16         96          4          0     317860   system_py32f07x.o
      1578        116          0          1        384      13416   usb_dc_py32.o
      1830        102          0        368          0      23855   usbd_core.o
       288         32          0         84          0      26429   usbd_hid_inout_if.o

    ----------------------------------------------------------------------
     10766        874        396        488       1424     451128   Object Totals
         0          0         32          0          0          0   (incl. Generated)
        14          0          2          6         16          0   (incl. Padding)

    ----------------------------------------------------------------------

      Code (inc. data)   RO Data    RW Data    ZI Data      Debug   Library Member Name

        86          0          0          0          0          0   __dczerorl2.o
         0          0          0          0          0          0   entry.o
         0          0          0          0          0          0   entry10a.o
         0          0          0          0          0          0   entry11a.o
         8          4          0          0          0          0   entry2.o
         4          0          0          0          0          0   entry5.o
         0          0          0          0          0          0   entry7b.o
         0          0          0          0          0          0   entry8b.o
         8          4          0          0          0          0   entry9a.o
        30          0          0          0          0          0   handlers.o
        36          8          0          0          0         68   init.o
       192         20          0          0          0        144   malloc.o
        36          0          0          0          0         60   memcpya.o
        36          0          0          0          0        100   memseta.o
         0          0          0          8          0          0   mvars.o
        44          0          0          0          0         72   uidiv.o

    ----------------------------------------------------------------------
       482         36          0          8          0        444   Library Totals
         2          0          0          0          0          0   (incl. Padding)

    ----------------------------------------------------------------------

      Code (inc. data)   RO Data    RW Data    ZI Data      Debug   Library Name

       480         36          0          8          0        444   mc_p.l

    ----------------------------------------------------------------------
       482         36          0          8          0        444   Library Totals

    ----------------------------------------------------------------------

==============================================================================


      Code (inc. data)   RO Data    RW Data    ZI Data      Debug   

     11248        910        396        496       1424     447440   Grand Totals
     11248        910        396         28       1424     447440   ELF Image Totals (compressed)
     11248        910        396         28          0          0   ROM Totals

==============================================================================

    Total RO  Size (Code + RO Data)                11644 (  11.37kB)
    Total RW  Size (RW Data + ZI Data)              1920 (   1.88kB)
    Total ROM Size (Code + RO Data + RW Data)      11672 (  11.40kB)

==============================================================================

