Component: Arm Compiler for Embedded 6.22 Tool: armlink [5ee90200]

==============================================================================

Section Cross References

    startup_py32f072xx.o(RESET) refers to startup_py32f072xx.o(STACK) for __initial_sp
    startup_py32f072xx.o(RESET) refers to startup_py32f072xx.o(.text) for Reset_Handler
    startup_py32f072xx.o(RESET) refers to py32f07x_it.o(.text.NMI_Handler) for NMI_Handler
    startup_py32f072xx.o(RESET) refers to py32f07x_it.o(.text.HardFault_Handler) for HardFault_Handler
    startup_py32f072xx.o(RESET) refers to py32f07x_it.o(.text.SVC_Handler) for SVC_Handler
    startup_py32f072xx.o(RESET) refers to py32f07x_it.o(.text.PendSV_Handler) for PendSV_Handler
    startup_py32f072xx.o(RESET) refers to py32f07x_it.o(.text.SysTick_Handler) for SysTick_Handler
    startup_py32f072xx.o(.text) refers to system_py32f07x.o(.text.SystemInit) for SystemInit
    startup_py32f072xx.o(.text) refers to entry.o(.ARM.Collect$$$$00000000) for __main
    system_py32f07x.o(.text.SystemCoreClockUpdate) refers to system_py32f07x.o(.rodata.HSIFreqTable) for HSIFreqTable
    system_py32f07x.o(.text.SystemCoreClockUpdate) refers to system_py32f07x.o(.data.SystemCoreClock) for SystemCoreClock
    system_py32f07x.o(.text.SystemCoreClockUpdate) refers to system_py32f07x.o(.rodata.AHBPrescTable) for AHBPrescTable
    system_py32f07x.o(.ARM.exidx.text.SystemCoreClockUpdate) refers to system_py32f07x.o(.text.SystemCoreClockUpdate) for [Anonymous Symbol]
    system_py32f07x.o(.ARM.exidx.text.SystemInit) refers to system_py32f07x.o(.text.SystemInit) for [Anonymous Symbol]
    main.o(.text.main) refers to py32f07x_hal.o(.text.HAL_Init) for HAL_Init
    main.o(.text.main) refers to memseta.o(.text) for __aeabi_memclr4
    main.o(.text.main) refers to py32f07x_hal_rcc.o(.text.HAL_RCC_OscConfig) for HAL_RCC_OscConfig
    main.o(.text.main) refers to py32f07x_hal_rcc.o(.text.HAL_RCC_ClockConfig) for HAL_RCC_ClockConfig
    main.o(.text.main) refers to py32f072xx_start_kit.o(.text.BSP_LED_Init) for BSP_LED_Init
    main.o(.text.main) refers to py32f072xx_start_kit.o(.text.BSP_LED_Toggle) for BSP_LED_Toggle
    main.o(.text.main) refers to py32f07x_hal.o(.text.HAL_Delay) for HAL_Delay
    main.o(.ARM.exidx.text.main) refers to main.o(.text.main) for [Anonymous Symbol]
    main.o(.ARM.exidx.text.APP_ErrorHandler) refers to main.o(.text.APP_ErrorHandler) for [Anonymous Symbol]
    py32f07x_hal_msp.o(.ARM.exidx.text.HAL_MspInit) refers to py32f07x_hal_msp.o(.text.HAL_MspInit) for [Anonymous Symbol]
    py32f07x_it.o(.ARM.exidx.text.NMI_Handler) refers to py32f07x_it.o(.text.NMI_Handler) for [Anonymous Symbol]
    py32f07x_it.o(.ARM.exidx.text.HardFault_Handler) refers to py32f07x_it.o(.text.HardFault_Handler) for [Anonymous Symbol]
    py32f07x_it.o(.ARM.exidx.text.SVC_Handler) refers to py32f07x_it.o(.text.SVC_Handler) for [Anonymous Symbol]
    py32f07x_it.o(.ARM.exidx.text.PendSV_Handler) refers to py32f07x_it.o(.text.PendSV_Handler) for [Anonymous Symbol]
    py32f07x_it.o(.text.SysTick_Handler) refers to py32f07x_hal.o(.text.HAL_IncTick) for HAL_IncTick
    py32f07x_it.o(.ARM.exidx.text.SysTick_Handler) refers to py32f07x_it.o(.text.SysTick_Handler) for [Anonymous Symbol]
    py32f072xx_start_kit.o(.ARM.exidx.text.BSP_GetVersion) refers to py32f072xx_start_kit.o(.text.BSP_GetVersion) for [Anonymous Symbol]
    py32f072xx_start_kit.o(.text.BSP_LED_Init) refers to py32f07x_hal_gpio.o(.text.HAL_GPIO_Init) for HAL_GPIO_Init
    py32f072xx_start_kit.o(.text.BSP_LED_Init) refers to py32f07x_hal_gpio.o(.text.HAL_GPIO_WritePin) for HAL_GPIO_WritePin
    py32f072xx_start_kit.o(.text.BSP_LED_Init) refers to py32f072xx_start_kit.o(.data.LED_PORT) for LED_PORT
    py32f072xx_start_kit.o(.ARM.exidx.text.BSP_LED_Init) refers to py32f072xx_start_kit.o(.text.BSP_LED_Init) for [Anonymous Symbol]
    py32f072xx_start_kit.o(.text.BSP_LED_DeInit) refers to py32f07x_hal_gpio.o(.text.HAL_GPIO_WritePin) for HAL_GPIO_WritePin
    py32f072xx_start_kit.o(.text.BSP_LED_DeInit) refers to py32f07x_hal_gpio.o(.text.HAL_GPIO_DeInit) for HAL_GPIO_DeInit
    py32f072xx_start_kit.o(.text.BSP_LED_DeInit) refers to py32f072xx_start_kit.o(.data.LED_PORT) for LED_PORT
    py32f072xx_start_kit.o(.ARM.exidx.text.BSP_LED_DeInit) refers to py32f072xx_start_kit.o(.text.BSP_LED_DeInit) for [Anonymous Symbol]
    py32f072xx_start_kit.o(.text.BSP_LED_On) refers to py32f07x_hal_gpio.o(.text.HAL_GPIO_WritePin) for HAL_GPIO_WritePin
    py32f072xx_start_kit.o(.text.BSP_LED_On) refers to py32f072xx_start_kit.o(.data.LED_PORT) for LED_PORT
    py32f072xx_start_kit.o(.ARM.exidx.text.BSP_LED_On) refers to py32f072xx_start_kit.o(.text.BSP_LED_On) for [Anonymous Symbol]
    py32f072xx_start_kit.o(.text.BSP_LED_Off) refers to py32f07x_hal_gpio.o(.text.HAL_GPIO_WritePin) for HAL_GPIO_WritePin
    py32f072xx_start_kit.o(.text.BSP_LED_Off) refers to py32f072xx_start_kit.o(.data.LED_PORT) for LED_PORT
[...]
    py32f07x_hal_pwr.o(.ARM.exidx.text.HAL_PWR_EnterSTOPMode) refers to py32f07x_hal_pwr.o(.text.HAL_PWR_EnterSTOPMode) for [Anonymous Symbol]
    py32f07x_hal_pwr.o(.ARM.exidx.text.HAL_PWR_EnableSleepOnExit) refers to py32f07x_hal_pwr.o(.text.HAL_PWR_EnableSleepOnExit) for [Anonymous Symbol]
    py32f07x_hal_pwr.o(.ARM.exidx.text.HAL_PWR_DisableSleepOnExit) refers to py32f07x_hal_pwr.o(.text.HAL_PWR_DisableSleepOnExit) for [Anonymous Symbol]
    py32f07x_hal_pwr.o(.ARM.exidx.text.HAL_PWR_EnableSEVOnPend) refers to py32f07x_hal_pwr.o(.text.HAL_PWR_EnableSEVOnPend) for [Anonymous Symbol]
    py32f07x_hal_pwr.o(.ARM.exidx.text.HAL_PWR_DisableSEVOnPend) refers to py32f07x_hal_pwr.o(.text.HAL_PWR_DisableSEVOnPend) for [Anonymous Symbol]
    py32f07x_hal_pwr.o(.text.HAL_PWR_PVD_IRQHandler) refers to py32f07x_hal_pwr.o(.text.HAL_PWR_PVD_Callback) for HAL_PWR_PVD_Callback
    py32f07x_hal_pwr.o(.ARM.exidx.text.HAL_PWR_PVD_IRQHandler) refers to py32f07x_hal_pwr.o(.text.HAL_PWR_PVD_IRQHandler) for [Anonymous Symbol]
    py32f07x_hal_pwr.o(.ARM.exidx.text.HAL_PWR_PVD_Callback) refers to py32f07x_hal_pwr.o(.text.HAL_PWR_PVD_Callback) for [Anonymous Symbol]
    py32f07x_hal_usart.o(.text.HAL_USART_Init) refers to py32f07x_hal_usart.o(.text.HAL_USART_MspInit) for HAL_USART_MspInit
    py32f07x_hal_usart.o(.text.HAL_USART_Init) refers to py32f07x_hal_rcc.o(.text.HAL_RCC_GetPCLK1Freq) for HAL_RCC_GetPCLK1Freq
    py32f07x_hal_usart.o(.text.HAL_USART_Init) refers to uidiv_div0.o(.text) for __aeabi_uidiv
    py32f07x_hal_usart.o(.ARM.exidx.text.HAL_USART_Init) refers to py32f07x_hal_usart.o(.text.HAL_USART_Init) for [Anonymous Symbol]
    py32f07x_hal_usart.o(.ARM.exidx.text.HAL_USART_MspInit) refers to py32f07x_hal_usart.o(.text.HAL_USART_MspInit) for [Anonymous Symbol]
    py32f07x_hal_usart.o(.text.HAL_USART_DeInit) refers to py32f07x_hal_usart.o(.text.HAL_USART_MspDeInit) for HAL_USART_MspDeInit
    py32f07x_hal_usart.o(.ARM.exidx.text.HAL_USART_DeInit) refers to py32f07x_hal_usart.o(.text.HAL_USART_DeInit) for [Anonymous Symbol]
    py32f07x_hal_usart.o(.ARM.exidx.text.HAL_USART_MspDeInit) refers to py32f07x_hal_usart.o(.text.HAL_USART_MspDeInit) for [Anonymous Symbol]
    py32f07x_hal_usart.o(.text.HAL_USART_Transmit) refers to py32f07x_hal.o(.text.HAL_GetTick) for HAL_GetTick
    py32f07x_hal_usart.o(.ARM.exidx.text.HAL_USART_Transmit) refers to py32f07x_hal_usart.o(.text.HAL_USART_Transmit) for [Anonymous Symbol]
    py32f07x_hal_usart.o(.text.HAL_USART_Receive) refers to py32f07x_hal.o(.text.HAL_GetTick) for HAL_GetTick
    py32f07x_hal_usart.o(.ARM.exidx.text.HAL_USART_Receive) refers to py32f07x_hal_usart.o(.text.HAL_USART_Receive) for [Anonymous Symbol]
    py32f07x_hal_usart.o(.text.HAL_USART_TransmitReceive) refers to py32f07x_hal.o(.text.HAL_GetTick) for HAL_GetTick
    py32f07x_hal_usart.o(.ARM.exidx.text.HAL_USART_TransmitReceive) refers to py32f07x_hal_usart.o(.text.HAL_USART_TransmitReceive) for [Anonymous Symbol]
    py32f07x_hal_usart.o(.ARM.exidx.text.HAL_USART_Transmit_IT) refers to py32f07x_hal_usart.o(.text.HAL_USART_Transmit_IT) for [Anonymous Symbol]
    py32f07x_hal_usart.o(.ARM.exidx.text.HAL_USART_Receive_IT) refers to py32f07x_hal_usart.o(.text.HAL_USART_Receive_IT) for [Anonymous Symbol]
    py32f07x_hal_usart.o(.ARM.exidx.text.HAL_USART_TransmitReceive_IT) refers to py32f07x_hal_usart.o(.text.HAL_USART_TransmitReceive_IT) for [Anonymous Symbol]
    py32f07x_hal_usart.o(.text.HAL_USART_Transmit_DMA) refers to py32f07x_hal_dma.o(.text.HAL_DMA_Start_IT) for HAL_DMA_Start_IT
    py32f07x_hal_usart.o(.text.HAL_USART_Transmit_DMA) refers to py32f07x_hal_usart.o(.text.USART_DMAError) for USART_DMAError
    py32f07x_hal_usart.o(.text.HAL_USART_Transmit_DMA) refers to py32f07x_hal_usart.o(.text.USART_DMATxHalfCplt) for USART_DMATxHalfCplt
    py32f07x_hal_usart.o(.text.HAL_USART_Transmit_DMA) refers to py32f07x_hal_usart.o(.text.USART_DMATransmitCplt) for USART_DMATransmitCplt
    py32f07x_hal_usart.o(.ARM.exidx.text.HAL_USART_Transmit_DMA) refers to py32f07x_hal_usart.o(.text.HAL_USART_Transmit_DMA) for [Anonymous Symbol]
    py32f07x_hal_usart.o(.text.USART_DMATransmitCplt) refers to py32f07x_hal_usart.o(.text.HAL_USART_TxCpltCallback) for HAL_USART_TxCpltCallback
    py32f07x_hal_usart.o(.ARM.exidx.text.USART_DMATransmitCplt) refers to py32f07x_hal_usart.o(.text.USART_DMATransmitCplt) for [Anonymous Symbol]
    py32f07x_hal_usart.o(.text.USART_DMATxHalfCplt) refers to py32f07x_hal_usart.o(.text.HAL_USART_TxHalfCpltCallback) for HAL_USART_TxHalfCpltCallback
    py32f07x_hal_usart.o(.ARM.exidx.text.USART_DMATxHalfCplt) refers to py32f07x_hal_usart.o(.text.USART_DMATxHalfCplt) for [Anonymous Symbol]
    py32f07x_hal_usart.o(.text.USART_DMAError) refers to py32f07x_hal_usart.o(.text.HAL_USART_ErrorCallback) for HAL_USART_ErrorCallback
    py32f07x_hal_usart.o(.ARM.exidx.text.USART_DMAError) refers to py32f07x_hal_usart.o(.text.USART_DMAError) for [Anonymous Symbol]
    py32f07x_hal_usart.o(.text.HAL_USART_Receive_DMA) refers to py32f07x_hal_dma.o(.text.HAL_DMA_Start_IT) for HAL_DMA_Start_IT
    py32f07x_hal_usart.o(.text.HAL_USART_Receive_DMA) refers to py32f07x_hal_usart.o(.text.USART_DMARxHalfCplt) for USART_DMARxHalfCplt
    py32f07x_hal_usart.o(.text.HAL_USART_Receive_DMA) refers to py32f07x_hal_usart.o(.text.USART_DMAError) for USART_DMAError
    py32f07x_hal_usart.o(.text.HAL_USART_Receive_DMA) refers to py32f07x_hal_usart.o(.text.USART_DMAReceiveCplt) for USART_DMAReceiveCplt
    py32f07x_hal_usart.o(.ARM.exidx.text.HAL_USART_Receive_DMA) refers to py32f07x_hal_usart.o(.text.HAL_USART_Receive_DMA) for [Anonymous Symbol]
    py32f07x_hal_usart.o(.text.USART_DMAReceiveCplt) refers to py32f07x_hal_usart.o(.text.HAL_USART_RxCpltCallback) for HAL_USART_RxCpltCallback
    py32f07x_hal_usart.o(.text.USART_DMAReceiveCplt) refers to py32f07x_hal_usart.o(.text.HAL_USART_TxRxCpltCallback) for HAL_USART_TxRxCpltCallback
    py32f07x_hal_usart.o(.ARM.exidx.text.USART_DMAReceiveCplt) refers to py32f07x_hal_usart.o(.text.USART_DMAReceiveCplt) for [Anonymous Symbol]
    py32f07x_hal_usart.o(.text.USART_DMARxHalfCplt) refers to py32f07x_hal_usart.o(.text.HAL_USART_RxHalfCpltCallback) for HAL_USART_RxHalfCpltCallback
    py32f07x_hal_usart.o(.ARM.exidx.text.USART_DMARxHalfCplt) refers to py32f07x_hal_usart.o(.text.USART_DMARxHalfCplt) for [Anonymous Symbol]
    py32f07x_hal_usart.o(.text.HAL_USART_TransmitReceive_DMA) refers to py32f07x_hal_dma.o(.text.HAL_DMA_Start_IT) for HAL_DMA_Start_IT
    py32f07x_hal_usart.o(.text.HAL_USART_TransmitReceive_DMA) refers to py32f07x_hal_usart.o(.text.USART_DMARxHalfCplt) for USART_DMARxHalfCplt
    py32f07x_hal_usart.o(.text.HAL_USART_TransmitReceive_DMA) refers to py32f07x_hal_usart.o(.text.USART_DMAReceiveCplt) for USART_DMAReceiveCplt
    py32f07x_hal_usart.o(.text.HAL_USART_TransmitReceive_DMA) refers to py32f07x_hal_usart.o(.text.USART_DMAError) for USART_DMAError
    py32f07x_hal_usart.o(.text.HAL_USART_TransmitReceive_DMA) refers to py32f07x_hal_usart.o(.text.USART_DMATxHalfCplt) for USART_DMATxHalfCplt
    py32f07x_hal_usart.o(.text.HAL_USART_TransmitReceive_DMA) refers to py32f07x_hal_usart.o(.text.USART_DMATransmitCplt) for USART_DMATransmitCplt
    py32f07x_hal_usart.o(.ARM.exidx.text.HAL_USART_TransmitReceive_DMA) refers to py32f07x_hal_usart.o(.text.HAL_USART_TransmitReceive_DMA) for [Anonymous Symbol]
    py32f07x_hal_usart.o(.ARM.exidx.text.HAL_USART_DMAPause) refers to py32f07x_hal_usart.o(.text.HAL_USART_DMAPause) for [Anonymous Symbol]
    py32f07x_hal_usart.o(.ARM.exidx.text.HAL_USART_DMAResume) refers to py32f07x_hal_usart.o(.text.HAL_USART_DMAResume) for [Anonymous Symbol]
    py32f07x_hal_usart.o(.text.HAL_USART_DMAStop) refers to py32f07x_hal_dma.o(.text.HAL_DMA_Abort) for HAL_DMA_Abort
    py32f07x_hal_usart.o(.ARM.exidx.text.HAL_USART_DMAStop) refers to py32f07x_hal_usart.o(.text.HAL_USART_DMAStop) for [Anonymous Symbol]
    py32f07x_hal_usart.o(.text.HAL_USART_Abort) refers to py32f07x_hal_dma.o(.text.HAL_DMA_Abort) for HAL_DMA_Abort
    py32f07x_hal_usart.o(.ARM.exidx.text.HAL_USART_Abort) refers to py32f07x_hal_usart.o(.text.HAL_USART_Abort) for [Anonymous Symbol]
    py32f07x_hal_usart.o(.text.HAL_USART_Abort_IT) refers to py32f07x_hal_dma.o(.text.HAL_DMA_Abort_IT) for HAL_DMA_Abort_IT
    py32f07x_hal_usart.o(.text.HAL_USART_Abort_IT) refers to py32f07x_hal_usart.o(.text.HAL_USART_AbortCpltCallback) for HAL_USART_AbortCpltCallback
    py32f07x_hal_usart.o(.text.HAL_USART_Abort_IT) refers to py32f07x_hal_usart.o(.text.USART_DMATxAbortCallback) for USART_DMATxAbortCallback
    py32f07x_hal_usart.o(.text.HAL_USART_Abort_IT) refers to py32f07x_hal_usart.o(.text.USART_DMARxAbortCallback) for USART_DMARxAbortCallback
    py32f07x_hal_usart.o(.ARM.exidx.text.HAL_USART_Abort_IT) refers to py32f07x_hal_usart.o(.text.HAL_USART_Abort_IT) for [Anonymous Symbol]
    py32f07x_hal_usart.o(.text.USART_DMATxAbortCallback) refers to py32f07x_hal_usart.o(.text.HAL_USART_AbortCpltCallback) for HAL_USART_AbortCpltCallback
    py32f07x_hal_usart.o(.ARM.exidx.text.USART_DMATxAbortCallback) refers to py32f07x_hal_usart.o(.text.USART_DMATxAbortCallback) for [Anonymous Symbol]
    py32f07x_hal_usart.o(.text.USART_DMARxAbortCallback) refers to py32f07x_hal_usart.o(.text.HAL_USART_AbortCpltCallback) for HAL_USART_AbortCpltCallback
    py32f07x_hal_usart.o(.ARM.exidx.text.USART_DMARxAbortCallback) refers to py32f07x_hal_usart.o(.text.USART_DMARxAbortCallback) for [Anonymous Symbol]
    py32f07x_hal_usart.o(.ARM.exidx.text.HAL_USART_AbortCpltCallback) refers to py32f07x_hal_usart.o(.text.HAL_USART_AbortCpltCallback) for [Anonymous Symbol]
    py32f07x_hal_usart.o(.text.HAL_USART_IRQHandler) refers to py32f07x_hal_usart.o(.text.HAL_USART_TxCpltCallback) for HAL_USART_TxCpltCallback
    py32f07x_hal_usart.o(.text.HAL_USART_IRQHandler) refers to py32f07x_hal_usart.o(.text.USART_Receive_IT) for USART_Receive_IT
    py32f07x_hal_usart.o(.text.HAL_USART_IRQHandler) refers to py32f07x_hal_usart.o(.text.USART_TransmitReceive_IT) for USART_TransmitReceive_IT
    py32f07x_hal_usart.o(.text.HAL_USART_IRQHandler) refers to py32f07x_hal_dma.o(.text.HAL_DMA_Abort_IT) for HAL_DMA_Abort_IT
    py32f07x_hal_usart.o(.text.HAL_USART_IRQHandler) refers to py32f07x_hal_usart.o(.text.HAL_USART_ErrorCallback) for HAL_USART_ErrorCallback
    py32f07x_hal_usart.o(.text.HAL_USART_IRQHandler) refers to py32f07x_hal_usart.o(.text.USART_DMAAbortOnError) for USART_DMAAbortOnError
    py32f07x_hal_usart.o(.ARM.exidx.text.HAL_USART_IRQHandler) refers to py32f07x_hal_usart.o(.text.HAL_USART_IRQHandler) for [Anonymous Symbol]
    py32f07x_hal_usart.o(.text.USART_Receive_IT) refers to py32f07x_hal_usart.o(.text.HAL_USART_RxCpltCallback) for HAL_USART_RxCpltCallback
    py32f07x_hal_usart.o(.ARM.exidx.text.USART_Receive_IT) refers to py32f07x_hal_usart.o(.text.USART_Receive_IT) for [Anonymous Symbol]
    py32f07x_hal_usart.o(.text.USART_TransmitReceive_IT) refers to py32f07x_hal_usart.o(.text.HAL_USART_TxRxCpltCallback) for HAL_USART_TxRxCpltCallback
    py32f07x_hal_usart.o(.ARM.exidx.text.USART_TransmitReceive_IT) refers to py32f07x_hal_usart.o(.text.USART_TransmitReceive_IT) for [Anonymous Symbol]
    py32f07x_hal_usart.o(.text.USART_DMAAbortOnError) refers to py32f07x_hal_usart.o(.text.HAL_USART_ErrorCallback) for HAL_USART_ErrorCallback
    py32f07x_hal_usart.o(.ARM.exidx.text.USART_DMAAbortOnError) refers to py32f07x_hal_usart.o(.text.USART_DMAAbortOnError) for [Anonymous Symbol]
    py32f07x_hal_usart.o(.ARM.exidx.text.HAL_USART_ErrorCallback) refers to py32f07x_hal_usart.o(.text.HAL_USART_ErrorCallback) for [Anonymous Symbol]
    py32f07x_hal_usart.o(.ARM.exidx.text.HAL_USART_TxCpltCallback) refers to py32f07x_hal_usart.o(.text.HAL_USART_TxCpltCallback) for [Anonymous Symbol]
    py32f07x_hal_usart.o(.ARM.exidx.text.HAL_USART_TxHalfCpltCallback) refers to py32f07x_hal_usart.o(.text.HAL_USART_TxHalfCpltCallback) for [Anonymous Symbol]
    py32f07x_hal_usart.o(.ARM.exidx.text.HAL_USART_RxCpltCallback) refers to py32f07x_hal_usart.o(.text.HAL_USART_RxCpltCallback) for [Anonymous Symbol]
    py32f07x_hal_usart.o(.ARM.exidx.text.HAL_USART_RxHalfCpltCallback) refers to py32f07x_hal_usart.o(.text.HAL_USART_RxHalfCpltCallback) for [Anonymous Symbol]
    py32f07x_hal_usart.o(.ARM.exidx.text.HAL_USART_TxRxCpltCallback) refers to py32f07x_hal_usart.o(.text.HAL_USART_TxRxCpltCallback) for [Anonymous Symbol]
    py32f07x_hal_usart.o(.ARM.exidx.text.HAL_USART_GetState) refers to py32f07x_hal_usart.o(.text.HAL_USART_GetState) for [Anonymous Symbol]
    py32f07x_hal_usart.o(.ARM.exidx.text.HAL_USART_GetError) refers to py32f07x_hal_usart.o(.text.HAL_USART_GetError) for [Anonymous Symbol]
    py32f07x_hal_uart.o(.text.HAL_UART_Init) refers to py32f07x_hal_uart.o(.text.HAL_UART_MspInit) for HAL_UART_MspInit
    py32f07x_hal_uart.o(.text.HAL_UART_Init) refers to py32f07x_hal_uart.o(.text.UART_SetConfig) for UART_SetConfig
    py32f07x_hal_uart.o(.ARM.exidx.text.HAL_UART_Init) refers to py32f07x_hal_uart.o(.text.HAL_UART_Init) for [Anonymous Symbol]
    py32f07x_hal_uart.o(.ARM.exidx.text.HAL_UART_MspInit) refers to py32f07x_hal_uart.o(.text.HAL_UART_MspInit) for [Anonymous Symbol]
    py32f07x_hal_uart.o(.text.UART_SetConfig) refers to py32f07x_hal_rcc.o(.text.HAL_RCC_GetPCLK1Freq) for HAL_RCC_GetPCLK1Freq
    py32f07x_hal_uart.o(.text.UART_SetConfig) refers to uidiv_div0.o(.text) for __aeabi_uidiv
    py32f07x_hal_uart.o(.ARM.exidx.text.UART_SetConfig) refers to py32f07x_hal_uart.o(.text.UART_SetConfig) for [Anonymous Symbol]
    py32f07x_hal_uart.o(.text.HAL_HalfDuplex_Init) refers to py32f07x_hal_uart.o(.text.HAL_UART_MspInit) for HAL_UART_MspInit
    py32f07x_hal_uart.o(.text.HAL_HalfDuplex_Init) refers to py32f07x_hal_uart.o(.text.UART_SetConfig) for UART_SetConfig
    py32f07x_hal_uart.o(.ARM.exidx.text.HAL_HalfDuplex_Init) refers to py32f07x_hal_uart.o(.text.HAL_HalfDuplex_Init) for [Anonymous Symbol]
    py32f07x_hal_uart.o(.text.HAL_LIN_Init) refers to py32f07x_hal_uart.o(.text.HAL_UART_MspInit) for HAL_UART_MspInit
    py32f07x_hal_uart.o(.text.HAL_LIN_Init) refers to py32f07x_hal_uart.o(.text.UART_SetConfig) for UART_SetConfig
    py32f07x_hal_uart.o(.ARM.exidx.text.HAL_LIN_Init) refers to py32f07x_hal_uart.o(.text.HAL_LIN_Init) for [Anonymous Symbol]
    py32f07x_hal_uart.o(.text.HAL_MultiProcessor_Init) refers to py32f07x_hal_uart.o(.text.HAL_UART_MspInit) for HAL_UART_MspInit
    py32f07x_hal_uart.o(.text.HAL_MultiProcessor_Init) refers to py32f07x_hal_uart.o(.text.UART_SetConfig) for UART_SetConfig
    py32f07x_hal_uart.o(.ARM.exidx.text.HAL_MultiProcessor_Init) refers to py32f07x_hal_uart.o(.text.HAL_MultiProcessor_Init) for [Anonymous Symbol]
    py32f07x_hal_uart.o(.text.HAL_UART_DeInit) refers to py32f07x_hal_uart.o(.text.HAL_UART_MspDeInit) for HAL_UART_MspDeInit
    py32f07x_hal_uart.o(.ARM.exidx.text.HAL_UART_DeInit) refers to py32f07x_hal_uart.o(.text.HAL_UART_DeInit) for [Anonymous Symbol]
    py32f07x_hal_uart.o(.ARM.exidx.text.HAL_UART_MspDeInit) refers to py32f07x_hal_uart.o(.text.HAL_UART_MspDeInit) for [Anonymous Symbol]
    py32f07x_hal_uart.o(.text.HAL_UART_Transmit) refers to py32f07x_hal.o(.text.HAL_GetTick) for HAL_GetTick
    py32f07x_hal_uart.o(.ARM.exidx.text.HAL_UART_Transmit) refers to py32f07x_hal_uart.o(.text.HAL_UART_Transmit) for [Anonymous Symbol]
    py32f07x_hal_uart.o(.text.HAL_UART_Receive) refers to py32f07x_hal.o(.text.HAL_GetTick) for HAL_GetTick
    py32f07x_hal_uart.o(.ARM.exidx.text.HAL_UART_Receive) refers to py32f07x_hal_uart.o(.text.HAL_UART_Receive) for [Anonymous Symbol]
    py32f07x_hal_uart.o(.ARM.exidx.text.HAL_UART_Transmit_IT) refers to py32f07x_hal_uart.o(.text.HAL_UART_Transmit_IT) for [Anonymous Symbol]
    py32f07x_hal_uart.o(.ARM.exidx.text.HAL_UART_Receive_IT) refers to py32f07x_hal_uart.o(.text.HAL_UART_Receive_IT) for [Anonymous Symbol]
    py32f07x_hal_uart.o(.text.HAL_UART_Transmit_DMA) refers to py32f07x_hal_dma.o(.text.HAL_DMA_Start_IT) for HAL_DMA_Start_IT
    py32f07x_hal_uart.o(.text.HAL_UART_Transmit_DMA) refers to py32f07x_hal_uart.o(.text.UART_DMAError) for UART_DMAError
    py32f07x_hal_uart.o(.text.HAL_UART_Transmit_DMA) refers to py32f07x_hal_uart.o(.text.UART_DMATxHalfCplt) for UART_DMATxHalfCplt
    py32f07x_hal_uart.o(.text.HAL_UART_Transmit_DMA) refers to py32f07x_hal_uart.o(.text.UART_DMATransmitCplt) for UART_DMATransmitCplt
    py32f07x_hal_uart.o(.ARM.exidx.text.HAL_UART_Transmit_DMA) refers to py32f07x_hal_uart.o(.text.HAL_UART_Transmit_DMA) for [Anonymous Symbol]
    py32f07x_hal_uart.o(.text.UART_DMATransmitCplt) refers to py32f07x_hal_uart.o(.text.HAL_UART_TxCpltCallback) for HAL_UART_TxCpltCallback
    py32f07x_hal_uart.o(.ARM.exidx.text.UART_DMATransmitCplt) refers to py32f07x_hal_uart.o(.text.UART_DMATransmitCplt) for [Anonymous Symbol]
    py32f07x_hal_uart.o(.text.UART_DMATxHalfCplt) refers to py32f07x_hal_uart.o(.text.HAL_UART_TxHalfCpltCallback) for HAL_UART_TxHalfCpltCallback
    py32f07x_hal_uart.o(.ARM.exidx.text.UART_DMATxHalfCplt) refers to py32f07x_hal_uart.o(.text.UART_DMATxHalfCplt) for [Anonymous Symbol]
    py32f07x_hal_uart.o(.text.UART_DMAError) refers to py32f07x_hal_uart.o(.text.HAL_UART_ErrorCallback) for HAL_UART_ErrorCallback
    py32f07x_hal_uart.o(.ARM.exidx.text.UART_DMAError) refers to py32f07x_hal_uart.o(.text.UART_DMAError) for [Anonymous Symbol]
    py32f07x_hal_uart.o(.text.HAL_UART_Receive_DMA) refers to py32f07x_hal_dma.o(.text.HAL_DMA_Start_IT) for HAL_DMA_Start_IT
    py32f07x_hal_uart.o(.text.HAL_UART_Receive_DMA) refers to py32f07x_hal_uart.o(.text.UART_DMAError) for UART_DMAError
    py32f07x_hal_uart.o(.text.HAL_UART_Receive_DMA) refers to py32f07x_hal_uart.o(.text.UART_DMARxHalfCplt) for UART_DMARxHalfCplt
    py32f07x_hal_uart.o(.text.HAL_UART_Receive_DMA) refers to py32f07x_hal_uart.o(.text.UART_DMAReceiveCplt) for UART_DMAReceiveCplt
    py32f07x_hal_uart.o(.ARM.exidx.text.HAL_UART_Receive_DMA) refers to py32f07x_hal_uart.o(.text.HAL_UART_Receive_DMA) for [Anonymous Symbol]
    py32f07x_hal_uart.o(.text.UART_DMAReceiveCplt) refers to py32f07x_hal_uart.o(.text.HAL_UART_RxCpltCallback) for HAL_UART_RxCpltCallback
    py32f07x_hal_uart.o(.ARM.exidx.text.UART_DMAReceiveCplt) refers to py32f07x_hal_uart.o(.text.UART_DMAReceiveCplt) for [Anonymous Symbol]
    py32f07x_hal_uart.o(.text.UART_DMARxHalfCplt) refers to py32f07x_hal_uart.o(.text.HAL_UART_RxHalfCpltCallback) for HAL_UART_RxHalfCpltCallback
    py32f07x_hal_uart.o(.ARM.exidx.text.UART_DMARxHalfCplt) refers to py32f07x_hal_uart.o(.text.UART_DMARxHalfCplt) for [Anonymous Symbol]
    py32f07x_hal_uart.o(.ARM.exidx.text.HAL_UART_DMAPause) refers to py32f07x_hal_uart.o(.text.HAL_UART_DMAPause) for [Anonymous Symbol]
    py32f07x_hal_uart.o(.ARM.exidx.text.HAL_UART_DMAResume) refers to py32f07x_hal_uart.o(.text.HAL_UART_DMAResume) for [Anonymous Symbol]
    py32f07x_hal_uart.o(.text.HAL_UART_DMAStop) refers to py32f07x_hal_dma.o(.text.HAL_DMA_Abort) for HAL_DMA_Abort
    py32f07x_hal_uart.o(.ARM.exidx.text.HAL_UART_DMAStop) refers to py32f07x_hal_uart.o(.text.HAL_UART_DMAStop) for [Anonymous Symbol]
    py32f07x_hal_uart.o(.text.HAL_UART_Abort) refers to py32f07x_hal_dma.o(.text.HAL_DMA_Abort) for HAL_DMA_Abort
    py32f07x_hal_uart.o(.text.HAL_UART_Abort) refers to py32f07x_hal_dma.o(.text.HAL_DMA_GetError) for HAL_DMA_GetError
    py32f07x_hal_uart.o(.ARM.exidx.text.HAL_UART_Abort) refers to py32f07x_hal_uart.o(.text.HAL_UART_Abort) for [Anonymous Symbol]
    py32f07x_hal_uart.o(.text.HAL_UART_AbortTransmit) refers to py32f07x_hal_dma.o(.text.HAL_DMA_Abort) for HAL_DMA_Abort
    py32f07x_hal_uart.o(.text.HAL_UART_AbortTransmit) refers to py32f07x_hal_dma.o(.text.HAL_DMA_GetError) for HAL_DMA_GetError
    py32f07x_hal_uart.o(.ARM.exidx.text.HAL_UART_AbortTransmit) refers to py32f07x_hal_uart.o(.text.HAL_UART_AbortTransmit) for [Anonymous Symbol]
    py32f07x_hal_uart.o(.text.HAL_UART_AbortReceive) refers to py32f07x_hal_dma.o(.text.HAL_DMA_Abort) for HAL_DMA_Abort
    py32f07x_hal_uart.o(.text.HAL_UART_AbortReceive) refers to py32f07x_hal_dma.o(.text.HAL_DMA_GetError) for HAL_DMA_GetError
    py32f07x_hal_uart.o(.ARM.exidx.text.HAL_UART_AbortReceive) refers to py32f07x_hal_uart.o(.text.HAL_UART_AbortReceive) for [Anonymous Symbol]
    py32f07x_hal_uart.o(.text.HAL_UART_Abort_IT) refers to py32f07x_hal_dma.o(.text.HAL_DMA_Abort_IT) for HAL_DMA_Abort_IT
    py32f07x_hal_uart.o(.text.HAL_UART_Abort_IT) refers to py32f07x_hal_uart.o(.text.HAL_UART_AbortCpltCallback) for HAL_UART_AbortCpltCallback
    py32f07x_hal_uart.o(.text.HAL_UART_Abort_IT) refers to py32f07x_hal_uart.o(.text.UART_DMATxAbortCallback) for UART_DMATxAbortCallback
    py32f07x_hal_uart.o(.text.HAL_UART_Abort_IT) refers to py32f07x_hal_uart.o(.text.UART_DMARxAbortCallback) for UART_DMARxAbortCallback
    py32f07x_hal_uart.o(.ARM.exidx.text.HAL_UART_Abort_IT) refers to py32f07x_hal_uart.o(.text.HAL_UART_Abort_IT) for [Anonymous Symbol]
    py32f07x_hal_uart.o(.text.UART_DMATxAbortCallback) refers to py32f07x_hal_uart.o(.text.HAL_UART_AbortCpltCallback) for HAL_UART_AbortCpltCallback
    py32f07x_hal_uart.o(.ARM.exidx.text.UART_DMATxAbortCallback) refers to py32f07x_hal_uart.o(.text.UART_DMATxAbortCallback) for [Anonymous Symbol]
    py32f07x_hal_uart.o(.text.UART_DMARxAbortCallback) refers to py32f07x_hal_uart.o(.text.HAL_UART_AbortCpltCallback) for HAL_UART_AbortCpltCallback
    py32f07x_hal_uart.o(.ARM.exidx.text.UART_DMARxAbortCallback) refers to py32f07x_hal_uart.o(.text.UART_DMARxAbortCallback) for [Anonymous Symbol]
    py32f07x_hal_uart.o(.ARM.exidx.text.HAL_UART_AbortCpltCallback) refers to py32f07x_hal_uart.o(.text.HAL_UART_AbortCpltCallback) for [Anonymous Symbol]
    py32f07x_hal_uart.o(.text.HAL_UART_AbortTransmit_IT) refers to py32f07x_hal_dma.o(.text.HAL_DMA_Abort_IT) for HAL_DMA_Abort_IT
    py32f07x_hal_uart.o(.text.HAL_UART_AbortTransmit_IT) refers to py32f07x_hal_uart.o(.text.HAL_UART_AbortTransmitCpltCallback) for HAL_UART_AbortTransmitCpltCallback
    py32f07x_hal_uart.o(.text.HAL_UART_AbortTransmit_IT) refers to py32f07x_hal_uart.o(.text.UART_DMATxOnlyAbortCallback) for UART_DMATxOnlyAbortCallback
    py32f07x_hal_uart.o(.ARM.exidx.text.HAL_UART_AbortTransmit_IT) refers to py32f07x_hal_uart.o(.text.HAL_UART_AbortTransmit_IT) for [Anonymous Symbol]
    py32f07x_hal_uart.o(.text.UART_DMATxOnlyAbortCallback) refers to py32f07x_hal_uart.o(.text.HAL_UART_AbortTransmitCpltCallback) for HAL_UART_AbortTransmitCpltCallback
    py32f07x_hal_uart.o(.ARM.exidx.text.UART_DMATxOnlyAbortCallback) refers to py32f07x_hal_uart.o(.text.UART_DMATxOnlyAbortCallback) for [Anonymous Symbol]
    py32f07x_hal_uart.o(.ARM.exidx.text.HAL_UART_AbortTransmitCpltCallback) refers to py32f07x_hal_uart.o(.text.HAL_UART_AbortTransmitCpltCallback) for [Anonymous Symbol]
    py32f07x_hal_uart.o(.text.HAL_UART_AbortReceive_IT) refers to py32f07x_hal_dma.o(.text.HAL_DMA_Abort_IT) for HAL_DMA_Abort_IT
    py32f07x_hal_uart.o(.text.HAL_UART_AbortReceive_IT) refers to py32f07x_hal_uart.o(.text.HAL_UART_AbortReceiveCpltCallback) for HAL_UART_AbortReceiveCpltCallback
    py32f07x_hal_uart.o(.text.HAL_UART_AbortReceive_IT) refers to py32f07x_hal_uart.o(.text.UART_DMARxOnlyAbortCallback) for UART_DMARxOnlyAbortCallback
    py32f07x_hal_uart.o(.ARM.exidx.text.HAL_UART_AbortReceive_IT) refers to py32f07x_hal_uart.o(.text.HAL_UART_AbortReceive_IT) for [Anonymous Symbol]
    py32f07x_hal_uart.o(.text.UART_DMARxOnlyAbortCallback) refers to py32f07x_hal_uart.o(.text.HAL_UART_AbortReceiveCpltCallback) for HAL_UART_AbortReceiveCpltCallback
    py32f07x_hal_uart.o(.ARM.exidx.text.UART_DMARxOnlyAbortCallback) refers to py32f07x_hal_uart.o(.text.UART_DMARxOnlyAbortCallback) for [Anonymous Symbol]
    py32f07x_hal_uart.o(.ARM.exidx.text.HAL_UART_AbortReceiveCpltCallback) refers to py32f07x_hal_uart.o(.text.HAL_UART_AbortReceiveCpltCallback) for [Anonymous Symbol]
    py32f07x_hal_uart.o(.text.HAL_UART_IRQHandler) refers to py32f07x_hal_uart.o(.text.HAL_UART_IdleFrameDetectCpltCallback) for HAL_UART_IdleFrameDetectCpltCallback
    py32f07x_hal_uart.o(.text.HAL_UART_IRQHandler) refers to py32f07x_hal_uart.o(.text.HAL_UART_TxCpltCallback) for HAL_UART_TxCpltCallback
    py32f07x_hal_uart.o(.text.HAL_UART_IRQHandler) refers to py32f07x_hal_uart.o(.text.HAL_UART_RxCpltCallback) for HAL_UART_RxCpltCallback
    py32f07x_hal_uart.o(.text.HAL_UART_IRQHandler) refers to py32f07x_hal_dma.o(.text.HAL_DMA_Abort_IT) for HAL_DMA_Abort_IT
    py32f07x_hal_uart.o(.text.HAL_UART_IRQHandler) refers to py32f07x_hal_uart.o(.text.HAL_UART_ErrorCallback) for HAL_UART_ErrorCallback
    py32f07x_hal_uart.o(.text.HAL_UART_IRQHandler) refers to py32f07x_hal_uart.o(.text.UART_DMAAbortOnError) for UART_DMAAbortOnError
    py32f07x_hal_uart.o(.ARM.exidx.text.HAL_UART_IRQHandler) refers to py32f07x_hal_uart.o(.text.HAL_UART_IRQHandler) for [Anonymous Symbol]
    py32f07x_hal_uart.o(.text.UART_DMAAbortOnError) refers to py32f07x_hal_uart.o(.text.HAL_UART_ErrorCallback) for HAL_UART_ErrorCallback
    py32f07x_hal_uart.o(.ARM.exidx.text.UART_DMAAbortOnError) refers to py32f07x_hal_uart.o(.text.UART_DMAAbortOnError) for [Anonymous Symbol]
    py32f07x_hal_uart.o(.ARM.exidx.text.HAL_UART_ErrorCallback) refers to py32f07x_hal_uart.o(.text.HAL_UART_ErrorCallback) for [Anonymous Symbol]
    py32f07x_hal_uart.o(.ARM.exidx.text.HAL_UART_IdleFrameDetectCpltCallback) refers to py32f07x_hal_uart.o(.text.HAL_UART_IdleFrameDetectCpltCallback) for [Anonymous Symbol]
    py32f07x_hal_uart.o(.ARM.exidx.text.HAL_UART_TxCpltCallback) refers to py32f07x_hal_uart.o(.text.HAL_UART_TxCpltCallback) for [Anonymous Symbol]
    py32f07x_hal_uart.o(.ARM.exidx.text.HAL_UART_TxHalfCpltCallback) refers to py32f07x_hal_uart.o(.text.HAL_UART_TxHalfCpltCallback) for [Anonymous Symbol]
    py32f07x_hal_uart.o(.ARM.exidx.text.HAL_UART_RxCpltCallback) refers to py32f07x_hal_uart.o(.text.HAL_UART_RxCpltCallback) for [Anonymous Symbol]
    py32f07x_hal_uart.o(.ARM.exidx.text.HAL_UART_RxHalfCpltCallback) refers to py32f07x_hal_uart.o(.text.HAL_UART_RxHalfCpltCallback) for [Anonymous Symbol]
    py32f07x_hal_uart.o(.ARM.exidx.text.HAL_LIN_SendBreak) refers to py32f07x_hal_uart.o(.text.HAL_LIN_SendBreak) for [Anonymous Symbol]
    py32f07x_hal_uart.o(.ARM.exidx.text.HAL_MultiProcessor_EnterMuteMode) refers to py32f07x_hal_uart.o(.text.HAL_MultiProcessor_EnterMuteMode) for [Anonymous Symbol]
    py32f07x_hal_uart.o(.ARM.exidx.text.HAL_MultiProcessor_ExitMuteMode) refers to py32f07x_hal_uart.o(.text.HAL_MultiProcessor_ExitMuteMode) for [Anonymous Symbol]
    py32f07x_hal_uart.o(.ARM.exidx.text.HAL_HalfDuplex_EnableTransmitter) refers to py32f07x_hal_uart.o(.text.HAL_HalfDuplex_EnableTransmitter) for [Anonymous Symbol]
    py32f07x_hal_uart.o(.ARM.exidx.text.HAL_HalfDuplex_EnableReceiver) refers to py32f07x_hal_uart.o(.text.HAL_HalfDuplex_EnableReceiver) for [Anonymous Symbol]
    py32f07x_hal_uart.o(.ARM.exidx.text.HAL_UART_GetState) refers to py32f07x_hal_uart.o(.text.HAL_UART_GetState) for [Anonymous Symbol]
    py32f07x_hal_uart.o(.ARM.exidx.text.HAL_UART_GetError) refers to py32f07x_hal_uart.o(.text.HAL_UART_GetError) for [Anonymous Symbol]
    entry.o(.ARM.Collect$$$$00000000) refers (Special) to entry10a.o(.ARM.Collect$$$$0000000D) for __rt_final_cpp
    entry.o(.ARM.Collect$$$$00000000) refers (Special) to entry11a.o(.ARM.Collect$$$$0000000F) for __rt_final_exit
    entry.o(.ARM.Collect$$$$00000000) refers (Special) to entry7b.o(.ARM.Collect$$$$00000008) for _main_clock
    entry.o(.ARM.Collect$$$$00000000) refers (Special) to entry8b.o(.ARM.Collect$$$$0000000A) for _main_cpp_init
    entry.o(.ARM.Collect$$$$00000000) refers (Special) to entry9a.o(.ARM.Collect$$$$0000000B) for _main_init
    entry.o(.ARM.Collect$$$$00000000) refers (Special) to entry5.o(.ARM.Collect$$$$00000004) for _main_scatterload
    entry.o(.ARM.Collect$$$$00000000) refers (Special) to entry2.o(.ARM.Collect$$$$00000001) for _main_stk
    entry2.o(.ARM.Collect$$$$00000001) refers to entry2.o(.ARM.Collect$$$$00002712) for __lit__00000000
    entry2.o(.ARM.Collect$$$$00002712) refers to startup_py32f072xx.o(STACK) for __initial_sp
    entry2.o(__vectab_stack_and_reset_area) refers to startup_py32f072xx.o(STACK) for __initial_sp
    entry2.o(__vectab_stack_and_reset_area) refers to entry.o(.ARM.Collect$$$$00000000) for __main
    entry5.o(.ARM.Collect$$$$00000004) refers to init.o(.text) for __scatterload
    entry9a.o(.ARM.Collect$$$$0000000B) refers to main.o(.text.main) for main
    entry9b.o(.ARM.Collect$$$$0000000C) refers to main.o(.text.main) for main
    idiv_div0.o(.text) refers to uidiv_div0.o(.text) for __aeabi_uidivmod
    init.o(.text) refers to entry5.o(.ARM.Collect$$$$00000004) for __main_after_scatterload


==============================================================================

Removing Unused input sections from the image.

    Removing startup_py32f072xx.o(HEAP), (512 bytes).
    Removing system_py32f07x.o(.text), (0 bytes).
    Removing system_py32f07x.o(.text.SystemCoreClockUpdate), (148 bytes).
    Removing system_py32f07x.o(.ARM.exidx.text.SystemCoreClockUpdate), (8 bytes).
    Removing system_py32f07x.o(.ARM.exidx.text.SystemInit), (8 bytes).
    Removing system_py32f07x.o(.rodata.APBPrescTable), (32 bytes).
    Removing main.o(.text), (0 bytes).
    Removing main.o(.ARM.exidx.text.main), (8 bytes).
    Removing main.o(.text.APP_ErrorHandler), (2 bytes).
    Removing main.o(.ARM.exidx.text.APP_ErrorHandler), (8 bytes).
    Removing main.o(.ARM.use_no_argv), (4 bytes).
    Removing py32f07x_hal_msp.o(.text), (0 bytes).
    Removing py32f07x_hal_msp.o(.ARM.exidx.text.HAL_MspInit), (8 bytes).
    Removing py32f07x_it.o(.text), (0 bytes).
    Removing py32f07x_it.o(.ARM.exidx.text.NMI_Handler), (8 bytes).
    Removing py32f07x_it.o(.ARM.exidx.text.HardFault_Handler), (8 bytes).
    Removing py32f07x_it.o(.ARM.exidx.text.SVC_Handler), (8 bytes).
    Removing py32f07x_it.o(.ARM.exidx.text.PendSV_Handler), (8 bytes).
    Removing py32f07x_it.o(.ARM.exidx.text.SysTick_Handler), (8 bytes).
    Removing py32f072xx_start_kit.o(.text), (0 bytes).
    Removing py32f072xx_start_kit.o(.text.BSP_GetVersion), (6 bytes).
    Removing py32f072xx_start_kit.o(.ARM.exidx.text.BSP_GetVersion), (8 bytes).
    Removing py32f072xx_start_kit.o(.ARM.exidx.text.BSP_LED_Init), (8 bytes).
    Removing py32f072xx_start_kit.o(.text.BSP_LED_DeInit), (32 bytes).
    Removing py32f072xx_start_kit.o(.ARM.exidx.text.BSP_LED_DeInit), (8 bytes).
    Removing py32f072xx_start_kit.o(.text.BSP_LED_On), (24 bytes).
    Removing py32f072xx_start_kit.o(.ARM.exidx.text.BSP_LED_On), (8 bytes).
    Removing py32f072xx_start_kit.o(.text.BSP_LED_Off), (24 bytes).
    Removing py32f072xx_start_kit.o(.ARM.exidx.text.BSP_LED_Off), (8 bytes).
    Removing py32f072xx_start_kit.o(.ARM.exidx.text.BSP_LED_Toggle), (8 bytes).
    Removing py32f072xx_start_kit.o(.text.BSP_PB_Init), (112 bytes).
    Removing py32f072xx_start_kit.o(.ARM.exidx.text.BSP_PB_Init), (8 bytes).
    Removing py32f072xx_start_kit.o(.text.BSP_PB_DeInit), (28 bytes).
    Removing py32f072xx_start_kit.o(.ARM.exidx.text.BSP_PB_DeInit), (8 bytes).
    Removing py32f072xx_start_kit.o(.text.BSP_PB_GetState), (20 bytes).
    Removing py32f072xx_start_kit.o(.ARM.exidx.text.BSP_PB_GetState), (8 bytes).
    Removing py32f072xx_start_kit.o(.text.BSP_USART_Config), (164 bytes).
    Removing py32f072xx_start_kit.o(.ARM.exidx.text.BSP_USART_Config), (8 bytes).
    Removing py32f072xx_start_kit.o(.text.fputc), (32 bytes).
    Removing py32f072xx_start_kit.o(.ARM.exidx.text.fputc), (8 bytes).
    Removing py32f072xx_start_kit.o(.text.fgetc), (28 bytes).
    Removing py32f072xx_start_kit.o(.ARM.exidx.text.fgetc), (8 bytes).
    Removing py32f072xx_start_kit.o(.rodata.LED_PIN), (2 bytes).
    Removing py32f072xx_start_kit.o(.data.BUTTON_PORT), (4 bytes).
    Removing py32f072xx_start_kit.o(.rodata.BUTTON_PIN), (2 bytes).
    Removing py32f072xx_start_kit.o(.rodata.BUTTON_IRQn), (1 bytes).
    Removing py32f072xx_start_kit.o(.bss.DebugUartHandle), (76 bytes).
    Removing py32f07x_hal.o(.text), (0 bytes).
    Removing py32f07x_hal.o(.ARM.exidx.text.HAL_Init), (8 bytes).
    Removing py32f07x_hal.o(.ARM.exidx.text.HAL_InitTick), (8 bytes).
    Removing py32f07x_hal.o(.text.HAL_MspInit), (2 bytes).
    Removing py32f07x_hal.o(.ARM.exidx.text.HAL_MspInit), (8 bytes).
    Removing py32f07x_hal.o(.text.HAL_DeInit), (36 bytes).
    Removing py32f07x_hal.o(.ARM.exidx.text.HAL_DeInit), (8 bytes).
    Removing py32f07x_hal.o(.text.HAL_MspDeInit), (2 bytes).
    Removing py32f07x_hal.o(.ARM.exidx.text.HAL_MspDeInit), (8 bytes).
    Removing py32f07x_hal.o(.ARM.exidx.text.HAL_IncTick), (8 bytes).
    Removing py32f07x_hal.o(.ARM.exidx.text.HAL_GetTick), (8 bytes).
    Removing py32f07x_hal.o(.text.HAL_GetTickPrio), (12 bytes).
    Removing py32f07x_hal.o(.ARM.exidx.text.HAL_GetTickPrio), (8 bytes).
    Removing py32f07x_hal.o(.text.HAL_SetTickFreq), (44 bytes).
    Removing py32f07x_hal.o(.ARM.exidx.text.HAL_SetTickFreq), (8 bytes).
    Removing py32f07x_hal.o(.text.HAL_GetTickFreq), (12 bytes).
    Removing py32f07x_hal.o(.ARM.exidx.text.HAL_GetTickFreq), (8 bytes).
    Removing py32f07x_hal.o(.ARM.exidx.text.HAL_Delay), (8 bytes).
    Removing py32f07x_hal.o(.text.HAL_SuspendTick), (16 bytes).
    Removing py32f07x_hal.o(.ARM.exidx.text.HAL_SuspendTick), (8 bytes).
    Removing py32f07x_hal.o(.text.HAL_ResumeTick), (16 bytes).
    Removing py32f07x_hal.o(.ARM.exidx.text.HAL_ResumeTick), (8 bytes).
    Removing py32f07x_hal.o(.text.HAL_GetHalVersion), (6 bytes).
    Removing py32f07x_hal.o(.ARM.exidx.text.HAL_GetHalVersion), (8 bytes).
    Removing py32f07x_hal.o(.text.HAL_GetREVID), (12 bytes).
    Removing py32f07x_hal.o(.ARM.exidx.text.HAL_GetREVID), (8 bytes).
    Removing py32f07x_hal.o(.text.HAL_GetUIDw0), (12 bytes).
    Removing py32f07x_hal.o(.ARM.exidx.text.HAL_GetUIDw0), (8 bytes).
    Removing py32f07x_hal.o(.text.HAL_GetUIDw1), (12 bytes).
    Removing py32f07x_hal.o(.ARM.exidx.text.HAL_GetUIDw1), (8 bytes).
    Removing py32f07x_hal.o(.text.HAL_GetUIDw2), (12 bytes).
    Removing py32f07x_hal.o(.ARM.exidx.text.HAL_GetUIDw2), (8 bytes).
    Removing py32f07x_hal.o(.text.HAL_DBGMCU_EnableDBGMCUSleepMode), (16 bytes).
    Removing py32f07x_hal.o(.ARM.exidx.text.HAL_DBGMCU_EnableDBGMCUSleepMode), (8 bytes).
    Removing py32f07x_hal.o(.text.HAL_DBGMCU_DisableDBGMCUSleepMode), (16 bytes).
    Removing py32f07x_hal.o(.ARM.exidx.text.HAL_DBGMCU_DisableDBGMCUSleepMode), (8 bytes).
    Removing py32f07x_hal.o(.text.HAL_DBGMCU_EnableDBGMCUStopMode), (16 bytes).
    Removing py32f07x_hal.o(.ARM.exidx.text.HAL_DBGMCU_EnableDBGMCUStopMode), (8 bytes).
    Removing py32f07x_hal.o(.text.HAL_DBGMCU_DisableDBGMCUStopMode), (16 bytes).
    Removing py32f07x_hal.o(.ARM.exidx.text.HAL_DBGMCU_DisableDBGMCUStopMode), (8 bytes).
    Removing py32f07x_hal.o(.text.HAL_SYSCFG_TIM3ETRSource), (20 bytes).
    Removing py32f07x_hal.o(.ARM.exidx.text.HAL_SYSCFG_TIM3ETRSource), (8 bytes).
    Removing py32f07x_hal.o(.text.HAL_SYSCFG_TIM2ETRSource), (20 bytes).
    Removing py32f07x_hal.o(.ARM.exidx.text.HAL_SYSCFG_TIM2ETRSource), (8 bytes).
    Removing py32f07x_hal.o(.text.HAL_SYSCFG_TIM1ETRSource), (20 bytes).
    Removing py32f07x_hal.o(.ARM.exidx.text.HAL_SYSCFG_TIM1ETRSource), (8 bytes).
    Removing py32f07x_hal.o(.text.HAL_SYSCFG_TIM3IC1Source), (20 bytes).
    Removing py32f07x_hal.o(.ARM.exidx.text.HAL_SYSCFG_TIM3IC1Source), (8 bytes).
    Removing py32f07x_hal.o(.text.HAL_SYSCFG_TIM2IC4Source), (20 bytes).
    Removing py32f07x_hal.o(.ARM.exidx.text.HAL_SYSCFG_TIM2IC4Source), (8 bytes).
    Removing py32f07x_hal.o(.text.HAL_SYSCFG_TIM1IC1Source), (20 bytes).
    Removing py32f07x_hal.o(.ARM.exidx.text.HAL_SYSCFG_TIM1IC1Source), (8 bytes).
    Removing py32f07x_hal.o(.text.HAL_SYSCFG_EnableGPIONoiseFilter), (76 bytes).
    Removing py32f07x_hal.o(.ARM.exidx.text.HAL_SYSCFG_EnableGPIONoiseFilter), (8 bytes).
    Removing py32f07x_hal.o(.text.HAL_SYSCFG_DisableGPIONoiseFilter), (76 bytes).
    Removing py32f07x_hal.o(.ARM.exidx.text.HAL_SYSCFG_DisableGPIONoiseFilter), (8 bytes).
    Removing py32f07x_hal_cortex.o(.text), (0 bytes).
    Removing py32f07x_hal_cortex.o(.ARM.exidx.text.HAL_NVIC_SetPriority), (8 bytes).
    Removing py32f07x_hal_cortex.o(.text.HAL_NVIC_EnableIRQ), (20 bytes).
    Removing py32f07x_hal_cortex.o(.ARM.exidx.text.HAL_NVIC_EnableIRQ), (8 bytes).
    Removing py32f07x_hal_cortex.o(.text.HAL_NVIC_DisableIRQ), (20 bytes).
    Removing py32f07x_hal_cortex.o(.ARM.exidx.text.HAL_NVIC_DisableIRQ), (8 bytes).
    Removing py32f07x_hal_cortex.o(.text.HAL_NVIC_SystemReset), (28 bytes).
    Removing py32f07x_hal_cortex.o(.ARM.exidx.text.HAL_NVIC_SystemReset), (8 bytes).
    Removing py32f07x_hal_cortex.o(.ARM.exidx.text.HAL_SYSTICK_Config), (8 bytes).
    Removing py32f07x_hal_cortex.o(.text.HAL_NVIC_GetPriority), (48 bytes).
    Removing py32f07x_hal_cortex.o(.ARM.exidx.text.HAL_NVIC_GetPriority), (8 bytes).
    Removing py32f07x_hal_cortex.o(.text.HAL_NVIC_SetPendingIRQ), (20 bytes).
    Removing py32f07x_hal_cortex.o(.ARM.exidx.text.HAL_NVIC_SetPendingIRQ), (8 bytes).
    Removing py32f07x_hal_cortex.o(.text.HAL_NVIC_GetPendingIRQ), (20 bytes).
    Removing py32f07x_hal_cortex.o(.ARM.exidx.text.HAL_NVIC_GetPendingIRQ), (8 bytes).
    Removing py32f07x_hal_cortex.o(.text.HAL_NVIC_ClearPendingIRQ), (20 bytes).
    Removing py32f07x_hal_cortex.o(.ARM.exidx.text.HAL_NVIC_ClearPendingIRQ), (8 bytes).
    Removing py32f07x_hal_cortex.o(.text.HAL_SYSTICK_CLKSourceConfig), (28 bytes).
    Removing py32f07x_hal_cortex.o(.ARM.exidx.text.HAL_SYSTICK_CLKSourceConfig), (8 bytes).
    Removing py32f07x_hal_cortex.o(.text.HAL_SYSTICK_IRQHandler), (8 bytes).
    Removing py32f07x_hal_cortex.o(.ARM.exidx.text.HAL_SYSTICK_IRQHandler), (8 bytes).
    Removing py32f07x_hal_cortex.o(.text.HAL_SYSTICK_Callback), (2 bytes).
    Removing py32f07x_hal_cortex.o(.ARM.exidx.text.HAL_SYSTICK_Callback), (8 bytes).
    Removing py32f07x_hal_dma.o(.text), (0 bytes).
    Removing py32f07x_hal_dma.o(.text.HAL_DMA_Init), (124 bytes).
    Removing py32f07x_hal_dma.o(.ARM.exidx.text.HAL_DMA_Init), (8 bytes).
    Removing py32f07x_hal_dma.o(.text.HAL_DMA_DeInit), (96 bytes).
    Removing py32f07x_hal_dma.o(.ARM.exidx.text.HAL_DMA_DeInit), (8 bytes).
    Removing py32f07x_hal_dma.o(.text.HAL_DMA_Start), (104 bytes).
    Removing py32f07x_hal_dma.o(.ARM.exidx.text.HAL_DMA_Start), (8 bytes).
    Removing py32f07x_hal_dma.o(.text.HAL_DMA_Start_IT), (128 bytes).
    Removing py32f07x_hal_dma.o(.ARM.exidx.text.HAL_DMA_Start_IT), (8 bytes).
    Removing py32f07x_hal_dma.o(.text.HAL_DMA_Abort), (58 bytes).
    Removing py32f07x_hal_dma.o(.ARM.exidx.text.HAL_DMA_Abort), (8 bytes).
    Removing py32f07x_hal_dma.o(.text.HAL_DMA_Abort_IT), (88 bytes).
    Removing py32f07x_hal_dma.o(.ARM.exidx.text.HAL_DMA_Abort_IT), (8 bytes).
    Removing py32f07x_hal_dma.o(.text.HAL_DMA_PollForTransfer), (304 bytes).
    Removing py32f07x_hal_dma.o(.ARM.exidx.text.HAL_DMA_PollForTransfer), (8 bytes).
    Removing py32f07x_hal_dma.o(.text.HAL_DMA_IRQHandler), (244 bytes).
    Removing py32f07x_hal_dma.o(.ARM.exidx.text.HAL_DMA_IRQHandler), (8 bytes).
    Removing py32f07x_hal_dma.o(.text.HAL_DMA_RegisterCallback), (48 bytes).
    Removing py32f07x_hal_dma.o(.ARM.exidx.text.HAL_DMA_RegisterCallback), (8 bytes).
    Removing py32f07x_hal_dma.o(.text.HAL_DMA_UnRegisterCallback), (88 bytes).
    Removing py32f07x_hal_dma.o(.ARM.exidx.text.HAL_DMA_UnRegisterCallback), (8 bytes).
    Removing py32f07x_hal_dma.o(.text.HAL_DMA_ChannelMap), (76 bytes).
    Removing py32f07x_hal_dma.o(.ARM.exidx.text.HAL_DMA_ChannelMap), (8 bytes).
    Removing py32f07x_hal_dma.o(.text.HAL_DMA_GetState), (6 bytes).
    Removing py32f07x_hal_dma.o(.ARM.exidx.text.HAL_DMA_GetState), (8 bytes).
    Removing py32f07x_hal_dma.o(.text.HAL_DMA_GetError), (4 bytes).
    Removing py32f07x_hal_dma.o(.ARM.exidx.text.HAL_DMA_GetError), (8 bytes).
    Removing py32f07x_hal_gpio.o(.text), (0 bytes).
    Removing py32f07x_hal_gpio.o(.ARM.exidx.text.HAL_GPIO_Init), (8 bytes).
    Removing py32f07x_hal_gpio.o(.text.HAL_GPIO_DeInit), (264 bytes).
    Removing py32f07x_hal_gpio.o(.ARM.exidx.text.HAL_GPIO_DeInit), (8 bytes).
    Removing py32f07x_hal_gpio.o(.text.HAL_GPIO_ReadPin), (10 bytes).
    Removing py32f07x_hal_gpio.o(.ARM.exidx.text.HAL_GPIO_ReadPin), (8 bytes).
    Removing py32f07x_hal_gpio.o(.ARM.exidx.text.HAL_GPIO_WritePin), (8 bytes).
    Removing py32f07x_hal_gpio.o(.ARM.exidx.text.HAL_GPIO_TogglePin), (8 bytes).
    Removing py32f07x_hal_gpio.o(.text.HAL_GPIO_LockPin), (44 bytes).
    Removing py32f07x_hal_gpio.o(.ARM.exidx.text.HAL_GPIO_LockPin), (8 bytes).
    Removing py32f07x_hal_gpio.o(.text.HAL_GPIO_EXTI_Callback), (2 bytes).
    Removing py32f07x_hal_gpio.o(.ARM.exidx.text.HAL_GPIO_EXTI_Callback), (8 bytes).
    Removing py32f07x_hal_gpio.o(.text.HAL_GPIO_EXTI_IRQHandler), (24 bytes).
    Removing py32f07x_hal_gpio.o(.ARM.exidx.text.HAL_GPIO_EXTI_IRQHandler), (8 bytes).
    Removing py32f07x_hal_rcc.o(.text), (0 bytes).
    Removing py32f07x_hal_rcc.o(.text.HAL_RCC_DeInit), (168 bytes).
    Removing py32f07x_hal_rcc.o(.ARM.exidx.text.HAL_RCC_DeInit), (8 bytes).
    Removing py32f07x_hal_rcc.o(.ARM.exidx.text.HAL_RCC_OscConfig), (8 bytes).
    Removing py32f07x_hal_rcc.o(.ARM.exidx.text.HAL_RCC_GetSysClockFreq), (8 bytes).
    Removing py32f07x_hal_rcc.o(.ARM.exidx.text.HAL_RCC_ClockConfig), (8 bytes).
    Removing py32f07x_hal_rcc.o(.text.HAL_RCC_MCOConfig), (184 bytes).
    Removing py32f07x_hal_rcc.o(.ARM.exidx.text.HAL_RCC_MCOConfig), (8 bytes).
    Removing py32f07x_hal_rcc.o(.text.HAL_RCC_GetHCLKFreq), (12 bytes).
    Removing py32f07x_hal_rcc.o(.ARM.exidx.text.HAL_RCC_GetHCLKFreq), (8 bytes).
    Removing py32f07x_hal_rcc.o(.text.HAL_RCC_GetPCLK1Freq), (40 bytes).
    Removing py32f07x_hal_rcc.o(.ARM.exidx.text.HAL_RCC_GetPCLK1Freq), (8 bytes).
    Removing py32f07x_hal_rcc.o(.text.HAL_RCC_GetOscConfig), (136 bytes).
    Removing py32f07x_hal_rcc.o(.ARM.exidx.text.HAL_RCC_GetOscConfig), (8 bytes).
    Removing py32f07x_hal_rcc.o(.text.HAL_RCC_GetClockConfig), (52 bytes).
    Removing py32f07x_hal_rcc.o(.ARM.exidx.text.HAL_RCC_GetClockConfig), (8 bytes).
    Removing py32f07x_hal_rcc.o(.text.HAL_RCC_EnableCSS), (20 bytes).
    Removing py32f07x_hal_rcc.o(.ARM.exidx.text.HAL_RCC_EnableCSS), (8 bytes).
    Removing py32f07x_hal_rcc.o(.text.HAL_RCC_EnableLSECSS), (16 bytes).
    Removing py32f07x_hal_rcc.o(.ARM.exidx.text.HAL_RCC_EnableLSECSS), (8 bytes).
    Removing py32f07x_hal_rcc.o(.text.HAL_RCC_DisableLSECSS), (16 bytes).
    Removing py32f07x_hal_rcc.o(.ARM.exidx.text.HAL_RCC_DisableLSECSS), (8 bytes).
    Removing py32f07x_hal_rcc.o(.text.HAL_RCC_NMI_IRQHandler), (44 bytes).
    Removing py32f07x_hal_rcc.o(.ARM.exidx.text.HAL_RCC_NMI_IRQHandler), (8 bytes).
    Removing py32f07x_hal_rcc.o(.text.HAL_RCC_CSSCallback), (2 bytes).
    Removing py32f07x_hal_rcc.o(.ARM.exidx.text.HAL_RCC_CSSCallback), (8 bytes).
    Removing py32f07x_hal_rcc.o(.text.HAL_RCC_LSECSSCallback), (2 bytes).
    Removing py32f07x_hal_rcc.o(.ARM.exidx.text.HAL_RCC_LSECSSCallback), (8 bytes).
    Removing py32f07x_hal_rcc_ex.o(.text), (0 bytes).
    Removing py32f07x_hal_rcc_ex.o(.text.HAL_RCCEx_PeriphCLKConfig), (376 bytes).
    Removing py32f07x_hal_rcc_ex.o(.ARM.exidx.text.HAL_RCCEx_PeriphCLKConfig), (8 bytes).
    Removing py32f07x_hal_rcc_ex.o(.text.HAL_RCCEx_GetPeriphCLKConfig), (88 bytes).
    Removing py32f07x_hal_rcc_ex.o(.ARM.exidx.text.HAL_RCCEx_GetPeriphCLKConfig), (8 bytes).
    Removing py32f07x_hal_rcc_ex.o(.text.HAL_RCCEx_GetPeriphCLKFreq), (496 bytes).
    Removing py32f07x_hal_rcc_ex.o(.ARM.exidx.text.HAL_RCCEx_GetPeriphCLKFreq), (8 bytes).
    Removing py32f07x_hal_rcc_ex.o(.text.HAL_RCCEx_EnableLSCO), (168 bytes).
    Removing py32f07x_hal_rcc_ex.o(.ARM.exidx.text.HAL_RCCEx_EnableLSCO), (8 bytes).
    Removing py32f07x_hal_rcc_ex.o(.text.HAL_RCCEx_DisableLSCO), (92 bytes).
    Removing py32f07x_hal_rcc_ex.o(.ARM.exidx.text.HAL_RCCEx_DisableLSCO), (8 bytes).
    Removing py32f07x_hal_pwr.o(.text), (0 bytes).
    Removing py32f07x_hal_pwr.o(.text.HAL_PWR_DeInit), (24 bytes).
    Removing py32f07x_hal_pwr.o(.ARM.exidx.text.HAL_PWR_DeInit), (8 bytes).
    Removing py32f07x_hal_pwr.o(.text.HAL_PWR_EnableBkUpAccess), (20 bytes).
    Removing py32f07x_hal_pwr.o(.ARM.exidx.text.HAL_PWR_EnableBkUpAccess), (8 bytes).
    Removing py32f07x_hal_pwr.o(.text.HAL_PWR_DisableBkUpAccess), (20 bytes).
    Removing py32f07x_hal_pwr.o(.ARM.exidx.text.HAL_PWR_DisableBkUpAccess), (8 bytes).
    Removing py32f07x_hal_pwr.o(.text.HAL_PWR_ConfigPVD), (140 bytes).
    Removing py32f07x_hal_pwr.o(.ARM.exidx.text.HAL_PWR_ConfigPVD), (8 bytes).
    Removing py32f07x_hal_pwr.o(.text.HAL_PWR_EnablePVD), (16 bytes).
    Removing py32f07x_hal_pwr.o(.ARM.exidx.text.HAL_PWR_EnablePVD), (8 bytes).
    Removing py32f07x_hal_pwr.o(.text.HAL_PWR_DisablePVD), (16 bytes).
    Removing py32f07x_hal_pwr.o(.ARM.exidx.text.HAL_PWR_DisablePVD), (8 bytes).
    Removing py32f07x_hal_pwr.o(.text.HAL_PWR_ConfigStopMode), (36 bytes).
    Removing py32f07x_hal_pwr.o(.ARM.exidx.text.HAL_PWR_ConfigStopMode), (8 bytes).
    Removing py32f07x_hal_pwr.o(.text.HAL_PWR_ConfigBIAS), (40 bytes).
    Removing py32f07x_hal_pwr.o(.ARM.exidx.text.HAL_PWR_ConfigBIAS), (8 bytes).
    Removing py32f07x_hal_pwr.o(.text.HAL_PWR_EnterSLEEPMode), (32 bytes).
    Removing py32f07x_hal_pwr.o(.ARM.exidx.text.HAL_PWR_EnterSLEEPMode), (8 bytes).
    Removing py32f07x_hal_pwr.o(.text.HAL_PWR_EnterSTOPMode), (64 bytes).
    Removing py32f07x_hal_pwr.o(.ARM.exidx.text.HAL_PWR_EnterSTOPMode), (8 bytes).
    Removing py32f07x_hal_pwr.o(.text.HAL_PWR_EnableSleepOnExit), (16 bytes).
    Removing py32f07x_hal_pwr.o(.ARM.exidx.text.HAL_PWR_EnableSleepOnExit), (8 bytes).
    Removing py32f07x_hal_pwr.o(.text.HAL_PWR_DisableSleepOnExit), (16 bytes).
    Removing py32f07x_hal_pwr.o(.ARM.exidx.text.HAL_PWR_DisableSleepOnExit), (8 bytes).
    Removing py32f07x_hal_pwr.o(.text.HAL_PWR_EnableSEVOnPend), (16 bytes).
    Removing py32f07x_hal_pwr.o(.ARM.exidx.text.HAL_PWR_EnableSEVOnPend), (8 bytes).
    Removing py32f07x_hal_pwr.o(.text.HAL_PWR_DisableSEVOnPend), (16 bytes).
    Removing py32f07x_hal_pwr.o(.ARM.exidx.text.HAL_PWR_DisableSEVOnPend), (8 bytes).
    Removing py32f07x_hal_pwr.o(.text.HAL_PWR_PVD_IRQHandler), (28 bytes).
    Removing py32f07x_hal_pwr.o(.ARM.exidx.text.HAL_PWR_PVD_IRQHandler), (8 bytes).
    Removing py32f07x_hal_pwr.o(.text.HAL_PWR_PVD_Callback), (2 bytes).
    Removing py32f07x_hal_pwr.o(.ARM.exidx.text.HAL_PWR_PVD_Callback), (8 bytes).
    Removing py32f07x_hal_usart.o(.text), (0 bytes).
    Removing py32f07x_hal_usart.o(.text.HAL_USART_Init), (228 bytes).
    Removing py32f07x_hal_usart.o(.ARM.exidx.text.HAL_USART_Init), (8 bytes).
    Removing py32f07x_hal_usart.o(.text.HAL_USART_MspInit), (2 bytes).
    Removing py32f07x_hal_usart.o(.ARM.exidx.text.HAL_USART_MspInit), (8 bytes).
    Removing py32f07x_hal_usart.o(.text.HAL_USART_DeInit), (46 bytes).
    Removing py32f07x_hal_usart.o(.ARM.exidx.text.HAL_USART_DeInit), (8 bytes).
    Removing py32f07x_hal_usart.o(.text.HAL_USART_MspDeInit), (2 bytes).
    Removing py32f07x_hal_usart.o(.ARM.exidx.text.HAL_USART_MspDeInit), (8 bytes).
    Removing py32f07x_hal_usart.o(.text.HAL_USART_Transmit), (332 bytes).
    Removing py32f07x_hal_usart.o(.ARM.exidx.text.HAL_USART_Transmit), (8 bytes).
    Removing py32f07x_hal_usart.o(.text.HAL_USART_Receive), (420 bytes).
    Removing py32f07x_hal_usart.o(.ARM.exidx.text.HAL_USART_Receive), (8 bytes).
    Removing py32f07x_hal_usart.o(.text.HAL_USART_TransmitReceive), (500 bytes).
    Removing py32f07x_hal_usart.o(.ARM.exidx.text.HAL_USART_TransmitReceive), (8 bytes).
    Removing py32f07x_hal_usart.o(.text.HAL_USART_Transmit_IT), (66 bytes).
    Removing py32f07x_hal_usart.o(.ARM.exidx.text.HAL_USART_Transmit_IT), (8 bytes).
    Removing py32f07x_hal_usart.o(.text.HAL_USART_Receive_IT), (92 bytes).
    Removing py32f07x_hal_usart.o(.ARM.exidx.text.HAL_USART_Receive_IT), (8 bytes).
    Removing py32f07x_hal_usart.o(.text.HAL_USART_TransmitReceive_IT), (116 bytes).
    Removing py32f07x_hal_usart.o(.ARM.exidx.text.HAL_USART_TransmitReceive_IT), (8 bytes).
    Removing py32f07x_hal_usart.o(.text.HAL_USART_Transmit_DMA), (124 bytes).
    Removing py32f07x_hal_usart.o(.ARM.exidx.text.HAL_USART_Transmit_DMA), (8 bytes).
    Removing py32f07x_hal_usart.o(.text.USART_DMATransmitCplt), (60 bytes).
    Removing py32f07x_hal_usart.o(.ARM.exidx.text.USART_DMATransmitCplt), (8 bytes).
    Removing py32f07x_hal_usart.o(.text.USART_DMATxHalfCplt), (10 bytes).
    Removing py32f07x_hal_usart.o(.ARM.exidx.text.USART_DMATxHalfCplt), (8 bytes).
    Removing py32f07x_hal_usart.o(.text.USART_DMAError), (96 bytes).
    Removing py32f07x_hal_usart.o(.ARM.exidx.text.USART_DMAError), (8 bytes).
    Removing py32f07x_hal_usart.o(.text.HAL_USART_Receive_DMA), (192 bytes).
    Removing py32f07x_hal_usart.o(.ARM.exidx.text.HAL_USART_Receive_DMA), (8 bytes).
    Removing py32f07x_hal_usart.o(.text.USART_DMAReceiveCplt), (88 bytes).
    Removing py32f07x_hal_usart.o(.ARM.exidx.text.USART_DMAReceiveCplt), (8 bytes).
    Removing py32f07x_hal_usart.o(.text.USART_DMARxHalfCplt), (10 bytes).
    Removing py32f07x_hal_usart.o(.ARM.exidx.text.USART_DMARxHalfCplt), (8 bytes).
    Removing py32f07x_hal_usart.o(.text.HAL_USART_TransmitReceive_DMA), (208 bytes).
    Removing py32f07x_hal_usart.o(.ARM.exidx.text.HAL_USART_TransmitReceive_DMA), (8 bytes).
    Removing py32f07x_hal_usart.o(.text.HAL_USART_DMAPause), (34 bytes).
    Removing py32f07x_hal_usart.o(.ARM.exidx.text.HAL_USART_DMAPause), (8 bytes).
    Removing py32f07x_hal_usart.o(.text.HAL_USART_DMAResume), (34 bytes).
    Removing py32f07x_hal_usart.o(.ARM.exidx.text.HAL_USART_DMAResume), (8 bytes).
    Removing py32f07x_hal_usart.o(.text.HAL_USART_DMAStop), (114 bytes).
    Removing py32f07x_hal_usart.o(.ARM.exidx.text.HAL_USART_DMAStop), (8 bytes).
    Removing py32f07x_hal_usart.o(.text.HAL_USART_Abort), (96 bytes).
    Removing py32f07x_hal_usart.o(.ARM.exidx.text.HAL_USART_Abort), (8 bytes).
    Removing py32f07x_hal_usart.o(.text.HAL_USART_Abort_IT), (180 bytes).
    Removing py32f07x_hal_usart.o(.ARM.exidx.text.HAL_USART_Abort_IT), (8 bytes).
    Removing py32f07x_hal_usart.o(.text.USART_DMATxAbortCallback), (42 bytes).
    Removing py32f07x_hal_usart.o(.ARM.exidx.text.USART_DMATxAbortCallback), (8 bytes).
    Removing py32f07x_hal_usart.o(.text.USART_DMARxAbortCallback), (42 bytes).
    Removing py32f07x_hal_usart.o(.ARM.exidx.text.USART_DMARxAbortCallback), (8 bytes).
    Removing py32f07x_hal_usart.o(.text.HAL_USART_AbortCpltCallback), (2 bytes).
    Removing py32f07x_hal_usart.o(.ARM.exidx.text.HAL_USART_AbortCpltCallback), (8 bytes).
    Removing py32f07x_hal_usart.o(.text.HAL_USART_IRQHandler), (516 bytes).
    Removing py32f07x_hal_usart.o(.ARM.exidx.text.HAL_USART_IRQHandler), (8 bytes).
    Removing py32f07x_hal_usart.o(.text.USART_Receive_IT), (164 bytes).
    Removing py32f07x_hal_usart.o(.ARM.exidx.text.USART_Receive_IT), (8 bytes).
    Removing py32f07x_hal_usart.o(.text.USART_TransmitReceive_IT), (228 bytes).
    Removing py32f07x_hal_usart.o(.ARM.exidx.text.USART_TransmitReceive_IT), (8 bytes).
    Removing py32f07x_hal_usart.o(.text.USART_DMAAbortOnError), (16 bytes).
    Removing py32f07x_hal_usart.o(.ARM.exidx.text.USART_DMAAbortOnError), (8 bytes).
    Removing py32f07x_hal_usart.o(.text.HAL_USART_ErrorCallback), (2 bytes).
    Removing py32f07x_hal_usart.o(.ARM.exidx.text.HAL_USART_ErrorCallback), (8 bytes).
    Removing py32f07x_hal_usart.o(.text.HAL_USART_TxCpltCallback), (2 bytes).
    Removing py32f07x_hal_usart.o(.ARM.exidx.text.HAL_USART_TxCpltCallback), (8 bytes).
    Removing py32f07x_hal_usart.o(.text.HAL_USART_TxHalfCpltCallback), (2 bytes).
    Removing py32f07x_hal_usart.o(.ARM.exidx.text.HAL_USART_TxHalfCpltCallback), (8 bytes).
    Removing py32f07x_hal_usart.o(.text.HAL_USART_RxCpltCallback), (2 bytes).
    Removing py32f07x_hal_usart.o(.ARM.exidx.text.HAL_USART_RxCpltCallback), (8 bytes).
    Removing py32f07x_hal_usart.o(.text.HAL_USART_RxHalfCpltCallback), (2 bytes).
    Removing py32f07x_hal_usart.o(.ARM.exidx.text.HAL_USART_RxHalfCpltCallback), (8 bytes).
    Removing py32f07x_hal_usart.o(.text.HAL_USART_TxRxCpltCallback), (2 bytes).
    Removing py32f07x_hal_usart.o(.ARM.exidx.text.HAL_USART_TxRxCpltCallback), (8 bytes).
    Removing py32f07x_hal_usart.o(.text.HAL_USART_GetState), (6 bytes).
    Removing py32f07x_hal_usart.o(.ARM.exidx.text.HAL_USART_GetState), (8 bytes).
    Removing py32f07x_hal_usart.o(.text.HAL_USART_GetError), (4 bytes).
    Removing py32f07x_hal_usart.o(.ARM.exidx.text.HAL_USART_GetError), (8 bytes).
    Removing py32f07x_hal_uart.o(.text), (0 bytes).
    Removing py32f07x_hal_uart.o(.text.HAL_UART_Init), (136 bytes).
    Removing py32f07x_hal_uart.o(.ARM.exidx.text.HAL_UART_Init), (8 bytes).
    Removing py32f07x_hal_uart.o(.text.HAL_UART_MspInit), (2 bytes).
    Removing py32f07x_hal_uart.o(.ARM.exidx.text.HAL_UART_MspInit), (8 bytes).
    Removing py32f07x_hal_uart.o(.text.UART_SetConfig), (200 bytes).
    Removing py32f07x_hal_uart.o(.ARM.exidx.text.UART_SetConfig), (8 bytes).
    Removing py32f07x_hal_uart.o(.text.HAL_HalfDuplex_Init), (100 bytes).
    Removing py32f07x_hal_uart.o(.ARM.exidx.text.HAL_HalfDuplex_Init), (8 bytes).
    Removing py32f07x_hal_uart.o(.text.HAL_LIN_Init), (132 bytes).
    Removing py32f07x_hal_uart.o(.ARM.exidx.text.HAL_LIN_Init), (8 bytes).
    Removing py32f07x_hal_uart.o(.text.HAL_MultiProcessor_Init), (134 bytes).
    Removing py32f07x_hal_uart.o(.ARM.exidx.text.HAL_MultiProcessor_Init), (8 bytes).
    Removing py32f07x_hal_uart.o(.text.HAL_UART_DeInit), (48 bytes).
    Removing py32f07x_hal_uart.o(.ARM.exidx.text.HAL_UART_DeInit), (8 bytes).
    Removing py32f07x_hal_uart.o(.text.HAL_UART_MspDeInit), (2 bytes).
    Removing py32f07x_hal_uart.o(.ARM.exidx.text.HAL_UART_MspDeInit), (8 bytes).
    Removing py32f07x_hal_uart.o(.text.HAL_UART_Transmit), (312 bytes).
    Removing py32f07x_hal_uart.o(.ARM.exidx.text.HAL_UART_Transmit), (8 bytes).
    Removing py32f07x_hal_uart.o(.text.HAL_UART_Receive), (272 bytes).
    Removing py32f07x_hal_uart.o(.ARM.exidx.text.HAL_UART_Receive), (8 bytes).
    Removing py32f07x_hal_uart.o(.text.HAL_UART_Transmit_IT), (66 bytes).
    Removing py32f07x_hal_uart.o(.ARM.exidx.text.HAL_UART_Transmit_IT), (8 bytes).
    Removing py32f07x_hal_uart.o(.text.HAL_UART_Receive_IT), (98 bytes).
    Removing py32f07x_hal_uart.o(.ARM.exidx.text.HAL_UART_Receive_IT), (8 bytes).
    Removing py32f07x_hal_uart.o(.text.HAL_UART_Transmit_DMA), (124 bytes).
    Removing py32f07x_hal_uart.o(.ARM.exidx.text.HAL_UART_Transmit_DMA), (8 bytes).
    Removing py32f07x_hal_uart.o(.text.UART_DMATransmitCplt), (44 bytes).
    Removing py32f07x_hal_uart.o(.ARM.exidx.text.UART_DMATransmitCplt), (8 bytes).
    Removing py32f07x_hal_uart.o(.text.UART_DMATxHalfCplt), (10 bytes).
    Removing py32f07x_hal_uart.o(.ARM.exidx.text.UART_DMATxHalfCplt), (8 bytes).
    Removing py32f07x_hal_uart.o(.text.UART_DMAError), (96 bytes).
    Removing py32f07x_hal_uart.o(.ARM.exidx.text.UART_DMAError), (8 bytes).
    Removing py32f07x_hal_uart.o(.text.HAL_UART_Receive_DMA), (168 bytes).
    Removing py32f07x_hal_uart.o(.ARM.exidx.text.HAL_UART_Receive_DMA), (8 bytes).
    Removing py32f07x_hal_uart.o(.text.UART_DMAReceiveCplt), (56 bytes).
    Removing py32f07x_hal_uart.o(.ARM.exidx.text.UART_DMAReceiveCplt), (8 bytes).
    Removing py32f07x_hal_uart.o(.text.UART_DMARxHalfCplt), (10 bytes).
    Removing py32f07x_hal_uart.o(.ARM.exidx.text.UART_DMARxHalfCplt), (8 bytes).
    Removing py32f07x_hal_uart.o(.text.HAL_UART_DMAPause), (84 bytes).
    Removing py32f07x_hal_uart.o(.ARM.exidx.text.HAL_UART_DMAPause), (8 bytes).
    Removing py32f07x_hal_uart.o(.text.HAL_UART_DMAResume), (94 bytes).
    Removing py32f07x_hal_uart.o(.ARM.exidx.text.HAL_UART_DMAResume), (8 bytes).
    Removing py32f07x_hal_uart.o(.text.HAL_UART_DMAStop), (116 bytes).
    Removing py32f07x_hal_uart.o(.ARM.exidx.text.HAL_UART_DMAStop), (8 bytes).
    Removing py32f07x_hal_uart.o(.text.HAL_UART_Abort), (138 bytes).
    Removing py32f07x_hal_uart.o(.ARM.exidx.text.HAL_UART_Abort), (8 bytes).
    Removing py32f07x_hal_uart.o(.text.HAL_UART_AbortTransmit), (76 bytes).
    Removing py32f07x_hal_uart.o(.ARM.exidx.text.HAL_UART_AbortTransmit), (8 bytes).
    Removing py32f07x_hal_uart.o(.text.HAL_UART_AbortReceive), (86 bytes).
    Removing py32f07x_hal_uart.o(.ARM.exidx.text.HAL_UART_AbortReceive), (8 bytes).
    Removing py32f07x_hal_uart.o(.text.HAL_UART_Abort_IT), (184 bytes).
    Removing py32f07x_hal_uart.o(.ARM.exidx.text.HAL_UART_Abort_IT), (8 bytes).
    Removing py32f07x_hal_uart.o(.text.UART_DMATxAbortCallback), (46 bytes).
    Removing py32f07x_hal_uart.o(.ARM.exidx.text.UART_DMATxAbortCallback), (8 bytes).
    Removing py32f07x_hal_uart.o(.text.UART_DMARxAbortCallback), (46 bytes).
    Removing py32f07x_hal_uart.o(.ARM.exidx.text.UART_DMARxAbortCallback), (8 bytes).
    Removing py32f07x_hal_uart.o(.text.HAL_UART_AbortCpltCallback), (2 bytes).
    Removing py32f07x_hal_uart.o(.ARM.exidx.text.HAL_UART_AbortCpltCallback), (8 bytes).
    Removing py32f07x_hal_uart.o(.text.HAL_UART_AbortTransmit_IT), (80 bytes).
    Removing py32f07x_hal_uart.o(.ARM.exidx.text.HAL_UART_AbortTransmit_IT), (8 bytes).
    Removing py32f07x_hal_uart.o(.text.UART_DMATxOnlyAbortCallback), (20 bytes).
    Removing py32f07x_hal_uart.o(.ARM.exidx.text.UART_DMATxOnlyAbortCallback), (8 bytes).
    Removing py32f07x_hal_uart.o(.text.HAL_UART_AbortTransmitCpltCallback), (2 bytes).
    Removing py32f07x_hal_uart.o(.ARM.exidx.text.HAL_UART_AbortTransmitCpltCallback), (8 bytes).
    Removing py32f07x_hal_uart.o(.text.HAL_UART_AbortReceive_IT), (92 bytes).
    Removing py32f07x_hal_uart.o(.ARM.exidx.text.HAL_UART_AbortReceive_IT), (8 bytes).
    Removing py32f07x_hal_uart.o(.text.UART_DMARxOnlyAbortCallback), (20 bytes).
    Removing py32f07x_hal_uart.o(.ARM.exidx.text.UART_DMARxOnlyAbortCallback), (8 bytes).
    Removing py32f07x_hal_uart.o(.text.HAL_UART_AbortReceiveCpltCallback), (2 bytes).
    Removing py32f07x_hal_uart.o(.ARM.exidx.text.HAL_UART_AbortReceiveCpltCallback), (8 bytes).
    Removing py32f07x_hal_uart.o(.text.HAL_UART_IRQHandler), (696 bytes).
    Removing py32f07x_hal_uart.o(.ARM.exidx.text.HAL_UART_IRQHandler), (8 bytes).
    Removing py32f07x_hal_uart.o(.text.UART_DMAAbortOnError), (16 bytes).
    Removing py32f07x_hal_uart.o(.ARM.exidx.text.UART_DMAAbortOnError), (8 bytes).
    Removing py32f07x_hal_uart.o(.text.HAL_UART_ErrorCallback), (2 bytes).
    Removing py32f07x_hal_uart.o(.ARM.exidx.text.HAL_UART_ErrorCallback), (8 bytes).
    Removing py32f07x_hal_uart.o(.text.HAL_UART_IdleFrameDetectCpltCallback), (2 bytes).
    Removing py32f07x_hal_uart.o(.ARM.exidx.text.HAL_UART_IdleFrameDetectCpltCallback), (8 bytes).
    Removing py32f07x_hal_uart.o(.text.HAL_UART_TxCpltCallback), (2 bytes).
    Removing py32f07x_hal_uart.o(.ARM.exidx.text.HAL_UART_TxCpltCallback), (8 bytes).
    Removing py32f07x_hal_uart.o(.text.HAL_UART_TxHalfCpltCallback), (2 bytes).
    Removing py32f07x_hal_uart.o(.ARM.exidx.text.HAL_UART_TxHalfCpltCallback), (8 bytes).
    Removing py32f07x_hal_uart.o(.text.HAL_UART_RxCpltCallback), (2 bytes).
    Removing py32f07x_hal_uart.o(.ARM.exidx.text.HAL_UART_RxCpltCallback), (8 bytes).
    Removing py32f07x_hal_uart.o(.text.HAL_UART_RxHalfCpltCallback), (2 bytes).
    Removing py32f07x_hal_uart.o(.ARM.exidx.text.HAL_UART_RxHalfCpltCallback), (8 bytes).
    Removing py32f07x_hal_uart.o(.text.HAL_LIN_SendBreak), (40 bytes).
    Removing py32f07x_hal_uart.o(.ARM.exidx.text.HAL_LIN_SendBreak), (8 bytes).
    Removing py32f07x_hal_uart.o(.text.HAL_MultiProcessor_EnterMuteMode), (40 bytes).
    Removing py32f07x_hal_uart.o(.ARM.exidx.text.HAL_MultiProcessor_EnterMuteMode), (8 bytes).
    Removing py32f07x_hal_uart.o(.text.HAL_MultiProcessor_ExitMuteMode), (40 bytes).
    Removing py32f07x_hal_uart.o(.ARM.exidx.text.HAL_MultiProcessor_ExitMuteMode), (8 bytes).
    Removing py32f07x_hal_uart.o(.text.HAL_HalfDuplex_EnableTransmitter), (44 bytes).
    Removing py32f07x_hal_uart.o(.ARM.exidx.text.HAL_HalfDuplex_EnableTransmitter), (8 bytes).
    Removing py32f07x_hal_uart.o(.text.HAL_HalfDuplex_EnableReceiver), (44 bytes).
    Removing py32f07x_hal_uart.o(.ARM.exidx.text.HAL_HalfDuplex_EnableReceiver), (8 bytes).
    Removing py32f07x_hal_uart.o(.text.HAL_UART_GetState), (14 bytes).
    Removing py32f07x_hal_uart.o(.ARM.exidx.text.HAL_UART_GetState), (8 bytes).
    Removing py32f07x_hal_uart.o(.text.HAL_UART_GetError), (4 bytes).
    Removing py32f07x_hal_uart.o(.ARM.exidx.text.HAL_UART_GetError), (8 bytes).

417 unused section(s) (total 15925 bytes) removed from the image.

==============================================================================

Image Symbol Table

    Local Symbols

    Symbol Name                              Value     Ov Type        Size  Object(Section)

    ../clib/division.s                       0x00000000   Number         0  aeabi_sdivfast.o ABSOLUTE
    ../clib/division.s                       0x00000000   Number         0  aeabi_sdivfast_div0.o ABSOLUTE
    ../clib/microlib/division.c              0x00000000   Number         0  uidiv.o ABSOLUTE
    ../clib/microlib/division.c              0x00000000   Number         0  uidiv_div0.o ABSOLUTE
    ../clib/microlib/division.c              0x00000000   Number         0  idiv_div0.o ABSOLUTE
    ../clib/microlib/division.c              0x00000000   Number         0  idiv0.o ABSOLUTE
    ../clib/microlib/init/entry.s            0x00000000   Number         0  entry.o ABSOLUTE
    ../clib/microlib/init/entry.s            0x00000000   Number         0  entry2.o ABSOLUTE
    ../clib/microlib/init/entry.s            0x00000000   Number         0  entry5.o ABSOLUTE
    ../clib/microlib/init/entry.s            0x00000000   Number         0  entry7a.o ABSOLUTE
    ../clib/microlib/init/entry.s            0x00000000   Number         0  entry7b.o ABSOLUTE
    ../clib/microlib/init/entry.s            0x00000000   Number         0  entry8a.o ABSOLUTE
    ../clib/microlib/init/entry.s            0x00000000   Number         0  entry8b.o ABSOLUTE
    ../clib/microlib/init/entry.s            0x00000000   Number         0  entry9a.o ABSOLUTE
    ../clib/microlib/init/entry.s            0x00000000   Number         0  entry9b.o ABSOLUTE
    ../clib/microlib/init/entry.s            0x00000000   Number         0  entry10a.o ABSOLUTE
    ../clib/microlib/init/entry.s            0x00000000   Number         0  entry10b.o ABSOLUTE
    ../clib/microlib/init/entry.s            0x00000000   Number         0  entry11a.o ABSOLUTE
    ../clib/microlib/init/entry.s            0x00000000   Number         0  entry11b.o ABSOLUTE
    ../clib/microlib/string/memset.c         0x00000000   Number         0  memseta.o ABSOLUTE
    dc.s                                     0x00000000   Number         0  dc.o ABSOLUTE
    handlers.s                               0x00000000   Number         0  handlers.o ABSOLUTE
    init.s                                   0x00000000   Number         0  init.o ABSOLUTE
    main.c                                   0x00000000   Number         0  main.o ABSOLUTE
    py32f072xx_Start_Kit.c                   0x00000000   Number         0  py32f072xx_start_kit.o ABSOLUTE
    py32f07x_hal.c                           0x00000000   Number         0  py32f07x_hal.o ABSOLUTE
    py32f07x_hal_cortex.c                    0x00000000   Number         0  py32f07x_hal_cortex.o ABSOLUTE
    py32f07x_hal_dma.c                       0x00000000   Number         0  py32f07x_hal_dma.o ABSOLUTE
    py32f07x_hal_gpio.c                      0x00000000   Number         0  py32f07x_hal_gpio.o ABSOLUTE
    py32f07x_hal_msp.c                       0x00000000   Number         0  py32f07x_hal_msp.o ABSOLUTE
    py32f07x_hal_pwr.c                       0x00000000   Number         0  py32f07x_hal_pwr.o ABSOLUTE
    py32f07x_hal_rcc.c                       0x00000000   Number         0  py32f07x_hal_rcc.o ABSOLUTE
    py32f07x_hal_rcc_ex.c                    0x00000000   Number         0  py32f07x_hal_rcc_ex.o ABSOLUTE
    py32f07x_hal_uart.c                      0x00000000   Number         0  py32f07x_hal_uart.o ABSOLUTE
    py32f07x_hal_usart.c                     0x00000000   Number         0  py32f07x_hal_usart.o ABSOLUTE
    py32f07x_it.c                            0x00000000   Number         0  py32f07x_it.o ABSOLUTE
    startup_py32f072xx.s                     0x00000000   Number         0  startup_py32f072xx.o ABSOLUTE
    system_py32f07x.c                        0x00000000   Number         0  system_py32f07x.o ABSOLUTE
    RESET                                    0x08004000   Section      192  startup_py32f072xx.o(RESET)
    .ARM.Collect$$$$00000000                 0x080040c0   Section        0  entry.o(.ARM.Collect$$$$00000000)
    .ARM.Collect$$$$00000001                 0x080040c0   Section        4  entry2.o(.ARM.Collect$$$$00000001)
    .ARM.Collect$$$$00000004                 0x080040c4   Section        4  entry5.o(.ARM.Collect$$$$00000004)
    .ARM.Collect$$$$00000008                 0x080040c8   Section        0  entry7b.o(.ARM.Collect$$$$00000008)
    .ARM.Collect$$$$0000000A                 0x080040c8   Section        0  entry8b.o(.ARM.Collect$$$$0000000A)
    .ARM.Collect$$$$0000000B                 0x080040c8   Section        8  entry9a.o(.ARM.Collect$$$$0000000B)
    __lit__00000000                          0x080040d0   Data           4  entry2.o(.ARM.Collect$$$$00002712)
    .ARM.Collect$$$$0000000D                 0x080040d0   Section        0  entry10a.o(.ARM.Collect$$$$0000000D)
    .ARM.Collect$$$$0000000F                 0x080040d0   Section        0  entry11a.o(.ARM.Collect$$$$0000000F)
    .ARM.Collect$$$$00002712                 0x080040d0   Section        4  entry2.o(.ARM.Collect$$$$00002712)
    .text                                    0x080040d4   Section       28  startup_py32f072xx.o(.text)
    .text                                    0x080040f0   Section        0  memseta.o(.text)
    .text                                    0x08004114   Section        0  uidiv_div0.o(.text)
    .text                                    0x08004154   Section       48  init.o(.text)
    [Anonymous Symbol]                       0x08004184   Section        0  py32f072xx_start_kit.o(.text.BSP_LED_Init)
    __arm_cp.1_0                             0x080041c4   Number         4  py32f072xx_start_kit.o(.text.BSP_LED_Init)
    [Anonymous Symbol]                       0x080041c8   Section        0  py32f072xx_start_kit.o(.text.BSP_LED_Toggle)
    __arm_cp.5_0                             0x080041d8   Number         4  py32f072xx_start_kit.o(.text.BSP_LED_Toggle)
    [Anonymous Symbol]                       0x080041dc   Section        0  py32f07x_hal.o(.text.HAL_Delay)
    [Anonymous Symbol]                       0x080041fc   Section        0  py32f07x_hal_gpio.o(.text.HAL_GPIO_Init)
    __arm_cp.0_0                             0x08004370   Number         4  py32f07x_hal_gpio.o(.text.HAL_GPIO_Init)
    __arm_cp.0_1                             0x08004374   Number         4  py32f07x_hal_gpio.o(.text.HAL_GPIO_Init)
    __arm_cp.0_2                             0x08004378   Number         4  py32f07x_hal_gpio.o(.text.HAL_GPIO_Init)
    __arm_cp.0_3                             0x0800437c   Number         4  py32f07x_hal_gpio.o(.text.HAL_GPIO_Init)
    __arm_cp.0_4                             0x08004380   Number         4  py32f07x_hal_gpio.o(.text.HAL_GPIO_Init)
    [Anonymous Symbol]                       0x08004384   Section        0  py32f07x_hal_gpio.o(.text.HAL_GPIO_TogglePin)
    [Anonymous Symbol]                       0x08004396   Section        0  py32f07x_hal_gpio.o(.text.HAL_GPIO_WritePin)
    [Anonymous Symbol]                       0x080043a8   Section        0  py32f07x_hal.o(.text.HAL_GetTick)
    [Anonymous Symbol]                       0x080043b0   Section        0  py32f07x_hal.o(.text.HAL_IncTick)
    __arm_cp.5_1                             0x080043c0   Number         4  py32f07x_hal.o(.text.HAL_IncTick)
    [Anonymous Symbol]                       0x080043c4   Section        0  py32f07x_hal.o(.text.HAL_Init)
    [Anonymous Symbol]                       0x080043dc   Section        0  py32f07x_hal.o(.text.HAL_InitTick)
    __arm_cp.1_0                             0x0800441c   Number         4  py32f07x_hal.o(.text.HAL_InitTick)
    [Anonymous Symbol]                       0x08004420   Section        0  py32f07x_hal_msp.o(.text.HAL_MspInit)
    __arm_cp.0_0                             0x08004448   Number         4  py32f07x_hal_msp.o(.text.HAL_MspInit)
    [Anonymous Symbol]                       0x0800444c   Section        0  py32f07x_hal_cortex.o(.text.HAL_NVIC_SetPriority)
    __arm_cp.0_0                             0x0800447c   Number         4  py32f07x_hal_cortex.o(.text.HAL_NVIC_SetPriority)
    __arm_cp.0_1                             0x08004480   Number         4  py32f07x_hal_cortex.o(.text.HAL_NVIC_SetPriority)
    [Anonymous Symbol]                       0x08004484   Section        0  py32f07x_hal_rcc.o(.text.HAL_RCC_ClockConfig)
    __arm_cp.3_0                             0x080045f0   Number         4  py32f07x_hal_rcc.o(.text.HAL_RCC_ClockConfig)
    __arm_cp.3_1                             0x080045f4   Number         4  py32f07x_hal_rcc.o(.text.HAL_RCC_ClockConfig)
    __arm_cp.3_3                             0x080045f8   Number         4  py32f07x_hal_rcc.o(.text.HAL_RCC_ClockConfig)
    __arm_cp.3_4                             0x080045fc   Number         4  py32f07x_hal_rcc.o(.text.HAL_RCC_ClockConfig)
    __arm_cp.3_5                             0x08004600   Number         4  py32f07x_hal_rcc.o(.text.HAL_RCC_ClockConfig)
    [Anonymous Symbol]                       0x08004604   Section        0  py32f07x_hal_rcc.o(.text.HAL_RCC_GetSysClockFreq)
    __arm_cp.2_0                             0x08004694   Number         4  py32f07x_hal_rcc.o(.text.HAL_RCC_GetSysClockFreq)
    __arm_cp.2_1                             0x08004698   Number         4  py32f07x_hal_rcc.o(.text.HAL_RCC_GetSysClockFreq)
    __arm_cp.2_3                             0x080046ac   Number         4  py32f07x_hal_rcc.o(.text.HAL_RCC_GetSysClockFreq)
    [Anonymous Symbol]                       0x080046b0   Section        0  py32f07x_hal_rcc.o(.text.HAL_RCC_OscConfig)
    __arm_cp.1_0                             0x08004b0c   Number         4  py32f07x_hal_rcc.o(.text.HAL_RCC_OscConfig)
    __arm_cp.1_1                             0x08004b10   Number         4  py32f07x_hal_rcc.o(.text.HAL_RCC_OscConfig)
    __arm_cp.1_2                             0x08004b14   Number         4  py32f07x_hal_rcc.o(.text.HAL_RCC_OscConfig)
    __arm_cp.1_3                             0x08004b18   Number         4  py32f07x_hal_rcc.o(.text.HAL_RCC_OscConfig)
    __arm_cp.1_4                             0x08004b1c   Number         4  py32f07x_hal_rcc.o(.text.HAL_RCC_OscConfig)
    __arm_cp.1_5                             0x08004b20   Number         4  py32f07x_hal_rcc.o(.text.HAL_RCC_OscConfig)
    __arm_cp.1_6                             0x08004b24   Number         4  py32f07x_hal_rcc.o(.text.HAL_RCC_OscConfig)
    __arm_cp.1_8                             0x08004b30   Number         4  py32f07x_hal_rcc.o(.text.HAL_RCC_OscConfig)
    [Anonymous Symbol]                       0x08004b34   Section        0  py32f07x_hal_cortex.o(.text.HAL_SYSTICK_Config)
    __arm_cp.4_0                             0x08004b5c   Number         4  py32f07x_hal_cortex.o(.text.HAL_SYSTICK_Config)
    __arm_cp.4_1                             0x08004b60   Number         4  py32f07x_hal_cortex.o(.text.HAL_SYSTICK_Config)
    __arm_cp.4_2                             0x08004b64   Number         4  py32f07x_hal_cortex.o(.text.HAL_SYSTICK_Config)
    [Anonymous Symbol]                       0x08004b68   Section        0  py32f07x_it.o(.text.HardFault_Handler)
    [Anonymous Symbol]                       0x08004b6a   Section        0  py32f07x_it.o(.text.NMI_Handler)
    [Anonymous Symbol]                       0x08004b6c   Section        0  py32f07x_it.o(.text.PendSV_Handler)
    [Anonymous Symbol]                       0x08004b6e   Section        0  py32f07x_it.o(.text.SVC_Handler)
    [Anonymous Symbol]                       0x08004b70   Section        0  py32f07x_it.o(.text.SysTick_Handler)
    [Anonymous Symbol]                       0x08004b78   Section        0  system_py32f07x.o(.text.SystemInit)
    __arm_cp.1_0                             0x08004ba0   Number         4  system_py32f07x.o(.text.SystemInit)
    __arm_cp.1_2                             0x08004ba4   Number         4  system_py32f07x.o(.text.SystemInit)
    __arm_cp.1_3                             0x08004ba8   Number         4  system_py32f07x.o(.text.SystemInit)
    __arm_cp.1_4                             0x08004bac   Number         4  system_py32f07x.o(.text.SystemInit)
    [Anonymous Symbol]                       0x08004bb0   Section        0  main.o(.text.main)
    __arm_cp.0_0                             0x08004c28   Number         4  main.o(.text.main)
    __arm_cp.0_1                             0x08004c2c   Number         4  main.o(.text.main)
    i.__scatterload_copy                     0x08004c30   Section       14  handlers.o(i.__scatterload_copy)
    i.__scatterload_null                     0x08004c3e   Section        2  handlers.o(i.__scatterload_null)
    i.__scatterload_zeroinit                 0x08004c40   Section       14  handlers.o(i.__scatterload_zeroinit)
    [Anonymous Symbol]                       0x08004c50   Section        0  py32f07x_hal_rcc.o(.rodata..L__const.HAL_RCC_GetSysClockFreq.hsiValue)
    STACK                                    0x20000018   Section      512  startup_py32f072xx.o(STACK)

    Global Symbols

    Symbol Name                              Value     Ov Type        Size  Object(Section)

    BuildAttributes$$THM_ISAv3M$S$PE$A:L22$X:L11$S22$IEEE1$IW$~IW$USESV6$~STKCKD$USESV7$~SHL$OTIME$EBA8$MICROLIB$REQ8$PRES8$EABIv2 0x00000000   Number         0  anon$$obj.o ABSOLUTE
    __cpp_initialize__aeabi_                  - Undefined Weak Reference
    __cxa_finalize                            - Undefined Weak Reference
    __decompress                              - Undefined Weak Reference
    _clock_init                               - Undefined Weak Reference
    _microlib_exit                            - Undefined Weak Reference
    __Vectors_Size                           0x000000c0   Number         0  startup_py32f072xx.o ABSOLUTE
    __Vectors                                0x08004000   Data           4  startup_py32f072xx.o(RESET)
    __Vectors_End                            0x080040c0   Data           0  startup_py32f072xx.o(RESET)
    __main                                   0x080040c1   Thumb Code     0  entry.o(.ARM.Collect$$$$00000000)
    _main_stk                                0x080040c1   Thumb Code     0  entry2.o(.ARM.Collect$$$$00000001)
    _main_scatterload                        0x080040c5   Thumb Code     0  entry5.o(.ARM.Collect$$$$00000004)
    __main_after_scatterload                 0x080040c9   Thumb Code     0  entry5.o(.ARM.Collect$$$$00000004)
    _main_clock                              0x080040c9   Thumb Code     0  entry7b.o(.ARM.Collect$$$$00000008)
    _main_cpp_init                           0x080040c9   Thumb Code     0  entry8b.o(.ARM.Collect$$$$0000000A)
    _main_init                               0x080040c9   Thumb Code     0  entry9a.o(.ARM.Collect$$$$0000000B)
    __rt_final_cpp                           0x080040d1   Thumb Code     0  entry10a.o(.ARM.Collect$$$$0000000D)
    __rt_final_exit                          0x080040d1   Thumb Code     0  entry11a.o(.ARM.Collect$$$$0000000F)
    Reset_Handler                            0x080040d5   Thumb Code     8  startup_py32f072xx.o(.text)
    ADC_COMP_IRQHandler                      0x080040e7   Thumb Code     0  startup_py32f072xx.o(.text)
    CAN_IRQHandler                           0x080040e7   Thumb Code     0  startup_py32f072xx.o(.text)
    DMA1_Channel1_IRQHandler                 0x080040e7   Thumb Code     0  startup_py32f072xx.o(.text)
    DMA1_Channel2_3_IRQHandler               0x080040e7   Thumb Code     0  startup_py32f072xx.o(.text)
    DMA1_Channel4_5_6_7_IRQHandler           0x080040e7   Thumb Code     0  startup_py32f072xx.o(.text)
    EXTI0_1_IRQHandler                       0x080040e7   Thumb Code     0  startup_py32f072xx.o(.text)
    EXTI2_3_IRQHandler                       0x080040e7   Thumb Code     0  startup_py32f072xx.o(.text)
    EXTI4_15_IRQHandler                      0x080040e7   Thumb Code     0  startup_py32f072xx.o(.text)
    FLASH_IRQHandler                         0x080040e7   Thumb Code     0  startup_py32f072xx.o(.text)
    I2C1_IRQHandler                          0x080040e7   Thumb Code     0  startup_py32f072xx.o(.text)
    I2C2_IRQHandler                          0x080040e7   Thumb Code     0  startup_py32f072xx.o(.text)
    LCD_IRQHandler                           0x080040e7   Thumb Code     0  startup_py32f072xx.o(.text)
    PVD_IRQHandler                           0x080040e7   Thumb Code     0  startup_py32f072xx.o(.text)
    RCC_IRQHandler                           0x080040e7   Thumb Code     0  startup_py32f072xx.o(.text)
    RTC_IRQHandler                           0x080040e7   Thumb Code     0  startup_py32f072xx.o(.text)
    SPI1_IRQHandler                          0x080040e7   Thumb Code     0  startup_py32f072xx.o(.text)
    SPI2_IRQHandler                          0x080040e7   Thumb Code     0  startup_py32f072xx.o(.text)
    TIM14_IRQHandler                         0x080040e7   Thumb Code     0  startup_py32f072xx.o(.text)
    TIM15_IRQHandler                         0x080040e7   Thumb Code     0  startup_py32f072xx.o(.text)
    TIM16_IRQHandler                         0x080040e7   Thumb Code     0  startup_py32f072xx.o(.text)
    TIM17_IRQHandler                         0x080040e7   Thumb Code     0  startup_py32f072xx.o(.text)
    TIM1_BRK_UP_TRG_COM_IRQHandler           0x080040e7   Thumb Code     0  startup_py32f072xx.o(.text)
    TIM1_CC_IRQHandler                       0x080040e7   Thumb Code     0  startup_py32f072xx.o(.text)
    TIM2_IRQHandler                          0x080040e7   Thumb Code     0  startup_py32f072xx.o(.text)
    TIM3_IRQHandler                          0x080040e7   Thumb Code     0  startup_py32f072xx.o(.text)
    TIM6_LPTIM1_DAC_IRQHandler               0x080040e7   Thumb Code     0  startup_py32f072xx.o(.text)
    TIM7_IRQHandler                          0x080040e7   Thumb Code     0  startup_py32f072xx.o(.text)
    USART1_IRQHandler                        0x080040e7   Thumb Code     0  startup_py32f072xx.o(.text)
    USART2_IRQHandler                        0x080040e7   Thumb Code     0  startup_py32f072xx.o(.text)
    USART3_4_IRQHandler                      0x080040e7   Thumb Code     0  startup_py32f072xx.o(.text)
    USB_IRQHandler                           0x080040e7   Thumb Code     0  startup_py32f072xx.o(.text)
    WWDG_IRQHandler                          0x080040e7   Thumb Code     0  startup_py32f072xx.o(.text)
    __aeabi_memset                           0x080040f1   Thumb Code    14  memseta.o(.text)
    __aeabi_memset4                          0x080040f1   Thumb Code     0  memseta.o(.text)
    __aeabi_memset8                          0x080040f1   Thumb Code     0  memseta.o(.text)
    __aeabi_memclr                           0x080040ff   Thumb Code     4  memseta.o(.text)
    __aeabi_memclr4                          0x080040ff   Thumb Code     0  memseta.o(.text)
    __aeabi_memclr8                          0x080040ff   Thumb Code     0  memseta.o(.text)
    _memset$wrapper                          0x08004103   Thumb Code    18  memseta.o(.text)
    __aeabi_uidiv                            0x08004115   Thumb Code     0  uidiv_div0.o(.text)
    __aeabi_uidivmod                         0x08004115   Thumb Code    62  uidiv_div0.o(.text)
    __scatterload                            0x08004155   Thumb Code    38  init.o(.text)
    __scatterload_rt2                        0x08004155   Thumb Code     0  init.o(.text)
    BSP_LED_Init                             0x08004185   Thumb Code    64  py32f072xx_start_kit.o(.text.BSP_LED_Init)
    BSP_LED_Toggle                           0x080041c9   Thumb Code    16  py32f072xx_start_kit.o(.text.BSP_LED_Toggle)
    HAL_Delay                                0x080041dd   Thumb Code    32  py32f07x_hal.o(.text.HAL_Delay)
    HAL_GPIO_Init                            0x080041fd   Thumb Code   372  py32f07x_hal_gpio.o(.text.HAL_GPIO_Init)
    HAL_GPIO_TogglePin                       0x08004385   Thumb Code    18  py32f07x_hal_gpio.o(.text.HAL_GPIO_TogglePin)
    HAL_GPIO_WritePin                        0x08004397   Thumb Code    16  py32f07x_hal_gpio.o(.text.HAL_GPIO_WritePin)
    HAL_GetTick                              0x080043a9   Thumb Code     8  py32f07x_hal.o(.text.HAL_GetTick)
    HAL_IncTick                              0x080043b1   Thumb Code    16  py32f07x_hal.o(.text.HAL_IncTick)
    HAL_Init                                 0x080043c5   Thumb Code    24  py32f07x_hal.o(.text.HAL_Init)
    HAL_InitTick                             0x080043dd   Thumb Code    64  py32f07x_hal.o(.text.HAL_InitTick)
    HAL_MspInit                              0x08004421   Thumb Code    40  py32f07x_hal_msp.o(.text.HAL_MspInit)
    HAL_NVIC_SetPriority                     0x0800444d   Thumb Code    48  py32f07x_hal_cortex.o(.text.HAL_NVIC_SetPriority)
    HAL_RCC_ClockConfig                      0x08004485   Thumb Code   364  py32f07x_hal_rcc.o(.text.HAL_RCC_ClockConfig)
    HAL_RCC_GetSysClockFreq                  0x08004605   Thumb Code   144  py32f07x_hal_rcc.o(.text.HAL_RCC_GetSysClockFreq)
    HAL_RCC_OscConfig                        0x080046b1   Thumb Code  1116  py32f07x_hal_rcc.o(.text.HAL_RCC_OscConfig)
    HAL_SYSTICK_Config                       0x08004b35   Thumb Code    40  py32f07x_hal_cortex.o(.text.HAL_SYSTICK_Config)
    HardFault_Handler                        0x08004b69   Thumb Code     2  py32f07x_it.o(.text.HardFault_Handler)
    NMI_Handler                              0x08004b6b   Thumb Code     2  py32f07x_it.o(.text.NMI_Handler)
    PendSV_Handler                           0x08004b6d   Thumb Code     2  py32f07x_it.o(.text.PendSV_Handler)
    SVC_Handler                              0x08004b6f   Thumb Code     2  py32f07x_it.o(.text.SVC_Handler)
    SysTick_Handler                          0x08004b71   Thumb Code     8  py32f07x_it.o(.text.SysTick_Handler)
    SystemInit                               0x08004b79   Thumb Code    40  system_py32f07x.o(.text.SystemInit)
    main                                     0x08004bb1   Thumb Code   120  main.o(.text.main)
    __scatterload_copy                       0x08004c31   Thumb Code    14  handlers.o(i.__scatterload_copy)
    __scatterload_null                       0x08004c3f   Thumb Code     2  handlers.o(i.__scatterload_null)
    __scatterload_zeroinit                   0x08004c41   Thumb Code    14  handlers.o(i.__scatterload_zeroinit)
    AHBPrescTable                            0x08004c64   Data          64  system_py32f07x.o(.rodata.AHBPrescTable)
    HSIFreqTable                             0x08004ca4   Data          32  system_py32f07x.o(.rodata.HSIFreqTable)
    Region$$Table$$Base                      0x08004cc4   Number         0  anon$$obj.o(Region$$Table)
    Region$$Table$$Limit                     0x08004ce4   Number         0  anon$$obj.o(Region$$Table)
    LED_PORT                                 0x20000000   Data           4  py32f072xx_start_kit.o(.data.LED_PORT)
    SystemCoreClock                          0x20000004   Data           4  system_py32f07x.o(.data.SystemCoreClock)
    uwTickFreq                               0x20000008   Data           4  py32f07x_hal.o(.data.uwTickFreq)
    uwTickPrio                               0x2000000c   Data           4  py32f07x_hal.o(.data.uwTickPrio)
    uwTick                                   0x20000010   Data           4  py32f07x_hal.o(.bss.uwTick)
    __initial_sp                             0x20000218   Data           0  startup_py32f072xx.o(STACK)



==============================================================================

Memory Map of the image

  Image Entry point : 0x080040c1

  Load Region LR_IROM1 (Base: 0x08004000, Size: 0x00000cf8, Max: 0x00020000, ABSOLUTE)

    Execution Region ER_IROM1 (Exec base: 0x08004000, Load base: 0x08004000, Size: 0x00000ce4, Max: 0x00020000, ABSOLUTE)

    Exec Addr    Load Addr    Size         Type   Attr      Idx    E Section Name        Object

    0x08004000   0x08004000   0x000000c0   Data   RO            3    RESET               startup_py32f072xx.o
    0x080040c0   0x080040c0   0x00000000   Code   RO          552  * .ARM.Collect$$$$00000000  mc_p.l(entry.o)
    0x080040c0   0x080040c0   0x00000004   Code   RO          563    .ARM.Collect$$$$00000001  mc_p.l(entry2.o)
    0x080040c4   0x080040c4   0x00000004   Code   RO          566    .ARM.Collect$$$$00000004  mc_p.l(entry5.o)
    0x080040c8   0x080040c8   0x00000000   Code   RO          568    .ARM.Collect$$$$00000008  mc_p.l(entry7b.o)
    0x080040c8   0x080040c8   0x00000000   Code   RO          570    .ARM.Collect$$$$0000000A  mc_p.l(entry8b.o)
    0x080040c8   0x080040c8   0x00000008   Code   RO          571    .ARM.Collect$$$$0000000B  mc_p.l(entry9a.o)
    0x080040d0   0x080040d0   0x00000000   Code   RO          573    .ARM.Collect$$$$0000000D  mc_p.l(entry10a.o)
    0x080040d0   0x080040d0   0x00000000   Code   RO          575    .ARM.Collect$$$$0000000F  mc_p.l(entry11a.o)
    0x080040d0   0x080040d0   0x00000004   Code   RO          564    .ARM.Collect$$$$00002712  mc_p.l(entry2.o)
    0x080040d4   0x080040d4   0x0000001c   Code   RO            4    .text               startup_py32f072xx.o
    0x080040f0   0x080040f0   0x00000024   Code   RO          561    .text               mc_p.l(memseta.o)
    0x08004114   0x08004114   0x0000003e   Code   RO          581    .text               mc_p.l(uidiv_div0.o)
    0x08004152   0x08004152   0x00000002   PAD
    0x08004154   0x08004154   0x00000030   Code   RO          587    .text               mc_p.l(init.o)
    0x08004184   0x08004184   0x00000044   Code   RO           67    .text.BSP_LED_Init  py32f072xx_start_kit.o
    0x080041c8   0x080041c8   0x00000014   Code   RO           75    .text.BSP_LED_Toggle  py32f072xx_start_kit.o
    0x080041dc   0x080041dc   0x00000020   Code   RO          123    .text.HAL_Delay     py32f07x_hal.o
    0x080041fc   0x080041fc   0x00000188   Code   RO          240    .text.HAL_GPIO_Init  py32f07x_hal_gpio.o
    0x08004384   0x08004384   0x00000012   Code   RO          248    .text.HAL_GPIO_TogglePin  py32f07x_hal_gpio.o
    0x08004396   0x08004396   0x00000010   Code   RO          246    .text.HAL_GPIO_WritePin  py32f07x_hal_gpio.o
    0x080043a6   0x080043a6   0x00000002   PAD
    0x080043a8   0x080043a8   0x00000008   Code   RO          115    .text.HAL_GetTick   py32f07x_hal.o
    0x080043b0   0x080043b0   0x00000014   Code   RO          113    .text.HAL_IncTick   py32f07x_hal.o
    0x080043c4   0x080043c4   0x00000018   Code   RO          103    .text.HAL_Init      py32f07x_hal.o
    0x080043dc   0x080043dc   0x00000044   Code   RO          105    .text.HAL_InitTick  py32f07x_hal.o
    0x08004420   0x08004420   0x0000002c   Code   RO           40    .text.HAL_MspInit   py32f07x_hal_msp.o
    0x0800444c   0x0800444c   0x00000038   Code   RO          174    .text.HAL_NVIC_SetPriority  py32f07x_hal_cortex.o
    0x08004484   0x08004484   0x00000180   Code   RO          270    .text.HAL_RCC_ClockConfig  py32f07x_hal_rcc.o
    0x08004604   0x08004604   0x000000ac   Code   RO          268    .text.HAL_RCC_GetSysClockFreq  py32f07x_hal_rcc.o
    0x080046b0   0x080046b0   0x00000484   Code   RO          266    .text.HAL_RCC_OscConfig  py32f07x_hal_rcc.o
    0x08004b34   0x08004b34   0x00000034   Code   RO          182    .text.HAL_SYSTICK_Config  py32f07x_hal_cortex.o
    0x08004b68   0x08004b68   0x00000002   Code   RO           50    .text.HardFault_Handler  py32f07x_it.o
    0x08004b6a   0x08004b6a   0x00000002   Code   RO           48    .text.NMI_Handler   py32f07x_it.o
    0x08004b6c   0x08004b6c   0x00000002   Code   RO           54    .text.PendSV_Handler  py32f07x_it.o
    0x08004b6e   0x08004b6e   0x00000002   Code   RO           52    .text.SVC_Handler   py32f07x_it.o
    0x08004b70   0x08004b70   0x00000008   Code   RO           56    .text.SysTick_Handler  py32f07x_it.o
    0x08004b78   0x08004b78   0x00000038   Code   RO           13    .text.SystemInit    system_py32f07x.o
    0x08004bb0   0x08004bb0   0x00000080   Code   RO           27    .text.main          main.o
    0x08004c30   0x08004c30   0x0000000e   Code   RO          591    i.__scatterload_copy  mc_p.l(handlers.o)
    0x08004c3e   0x08004c3e   0x00000002   Code   RO          592    i.__scatterload_null  mc_p.l(handlers.o)
    0x08004c40   0x08004c40   0x0000000e   Code   RO          593    i.__scatterload_zeroinit  mc_p.l(handlers.o)
    0x08004c4e   0x08004c4e   0x00000002   PAD
    0x08004c50   0x08004c50   0x00000014   Data   RO          294    .rodata..L__const.HAL_RCC_GetSysClockFreq.hsiValue  py32f07x_hal_rcc.o
    0x08004c64   0x08004c64   0x00000040   Data   RO           16    .rodata.AHBPrescTable  system_py32f07x.o
    0x08004ca4   0x08004ca4   0x00000020   Data   RO           18    .rodata.HSIFreqTable  system_py32f07x.o
    0x08004cc4   0x08004cc4   0x00000020   Data   RO          590    Region$$Table       anon$$obj.o


    Execution Region RW_IRAM1 (Exec base: 0x20000000, Load base: 0x08004ce8, Size: 0x00000218, Max: 0x00001000, ABSOLUTE)

    Exec Addr    Load Addr    Size         Type   Attr      Idx    E Section Name        Object

    0x20000000   0x08004ce8   0x00000004   Data   RW           89    .data.LED_PORT      py32f072xx_start_kit.o
    0x20000004   0x08004cec   0x00000004   Data   RW           15    .data.SystemCoreClock  system_py32f07x.o
    0x20000008   0x08004cf0   0x00000004   Data   RW          164    .data.uwTickFreq    py32f07x_hal.o
    0x2000000c   0x08004cf4   0x00000004   Data   RW          163    .data.uwTickPrio    py32f07x_hal.o
    0x20000010        -       0x00000004   Zero   RW          165    .bss.uwTick         py32f07x_hal.o
    0x20000014   0x08004cf8   0x00000004   PAD
    0x20000018        -       0x00000200   Zero   RW            1    STACK               startup_py32f072xx.o


==============================================================================

Image component sizes


      Code (inc. data)   RO Data    RW Data    ZI Data      Debug   Object Name

       128          8          0          0          0       2223   main.o
        88          8          0          4          0       8068   py32f072xx_start_kit.o
       152          8          0          8          4       7200   py32f07x_hal.o
       108         20          0          0          0       5474   py32f07x_hal_cortex.o
       426         20          0          0          0       4454   py32f07x_hal_gpio.o
        44          4          0          0          0       1301   py32f07x_hal_msp.o
      1712        112         20          0          0       9159   py32f07x_hal_rcc.o
        16          0          0          0          0        749   py32f07x_it.o
        28          8        192          0        512        672   startup_py32f072xx.o
        56         16         96          4          0       2242   system_py32f07x.o

    ----------------------------------------------------------------------
      2760        204        340         16        520      41542   Object Totals
         0          0         32          0          0          0   (incl. Generated)
         2          0          0          0          4          0   (incl. Padding)

    ----------------------------------------------------------------------

      Code (inc. data)   RO Data    RW Data    ZI Data      Debug   Library Member Name

         0          0          0          0          0          0   entry.o
         0          0          0          0          0          0   entry10a.o
         0          0          0          0          0          0   entry11a.o
         8          4          0          0          0          0   entry2.o
         4          0          0          0          0          0   entry5.o
         0          0          0          0          0          0   entry7b.o
         0          0          0          0          0          0   entry8b.o
         8          4          0          0          0          0   entry9a.o
        30          0          0          0          0          0   handlers.o
        48         10          0          0          0         68   init.o
        36          0          0          0          0        100   memseta.o
        62          0          0          0          0         72   uidiv_div0.o

    ----------------------------------------------------------------------
       200         18          0          0          0        240   Library Totals
         4          0          0          0          0          0   (incl. Padding)

    ----------------------------------------------------------------------

      Code (inc. data)   RO Data    RW Data    ZI Data      Debug   Library Name

       196         18          0          0          0        240   mc_p.l

    ----------------------------------------------------------------------
       200         18          0          0          0        240   Library Totals

    ----------------------------------------------------------------------

==============================================================================


      Code (inc. data)   RO Data    RW Data    ZI Data      Debug   

      2960        222        340         16        520      41774   Grand Totals
      2960        222        340         16        520      41774   ELF Image Totals
      2960        222        340         16          0          0   ROM Totals

==============================================================================

    Total RO  Size (Code + RO Data)                 3300 (   3.22kB)
    Total RW  Size (RW Data + ZI Data)               536 (   0.52kB)
    Total ROM Size (Code + RO Data + RW Data)       3316 (   3.24kB)

==============================================================================

